03-17 10:59:45.111 I/UninstallerActivity(17655): Uninstalling extras=Bundle[{com.android.packageinstaller.extra.APP_LABEL=Arxan_RN, com.android.packageinstaller.applicationInfo=ApplicationInfo{93d0207 com.arxan_rn}, android.intent.extra.UNINSTALL_ALL_USERS=false, com.android.packageinstaller.extra.UNINSTALL_ID=-2147483638}]
03-17 10:59:45.128 D/EGL_emulation(17655): eglMakeCurrent: 0xddde45e0: ver 3 0 (tinfo 0xdde82e80)
03-17 10:59:45.129 D/OpenGLRenderer(17655): endAllActiveAnimators on 0xbdf7f000 (RippleDrawable) with handle 0xbdf5ac80
03-17 10:59:45.136 I/chatty  ( 2008): uid=1000(system) Binder:2008_A expire 10 lines
03-17 10:59:45.189 D/gralloc_ranchu( 1771): gralloc_alloc: Creating ashmem region of size 6307840
03-17 10:59:45.196 I/MicroDetectionWorker( 3469): #startMicroDetector [speakerMode: 0]
03-17 10:59:45.198 W/ErrorReporter( 3469): reportError [type: 211, code: 393244, bug: 0]: errorCode: 393244, engine: 0
03-17 10:59:45.205 I/MicroDetector( 3469): Keeping mic open: false
03-17 10:59:45.205 I/MicroDetectionWorker( 3469): #onError(false)
03-17 10:59:45.278 I/chatty  ( 2008): uid=1000(system) notification-sq expire 1 line
03-17 10:59:45.416 I/keystore( 1845): clear_uid 10154
03-17 10:59:45.420 I/chatty  ( 2008): uid=1000(system) PackageManager expire 6 lines
03-17 10:59:45.421 E/TrafficController( 1752): Failed to clean up the permission for 10154: No such file or directory
03-17 10:59:45.421 I/netd    ( 1752): trafficSetNetPermForUids(-1, [10154]) <0.17ms>
03-17 10:59:45.635 D/EGL_emulation( 2170): eglMakeCurrent: 0xe907f820: ver 3 0 (tinfo 0xbd796c80)
03-17 10:59:45.704 I/UninstallFinish(17655): Uninstall finished extras=Bundle[{android.content.pm.extra.STATUS=0, android.content.pm.extra.PACKAGE_NAME=com.arxan_rn, com.android.packageinstaller.extra.APP_LABEL=Arxan_RN, com.android.packageinstaller.applicationInfo=ApplicationInfo{59db7a3 com.arxan_rn}, android.intent.extra.UNINSTALL_ALL_USERS=false, android.content.pm.extra.LEGACY_STATUS=1, com.android.packageinstaller.extra.UNINSTALL_ID=-2147483638, android.content.pm.extra.STATUS_MESSAGE=DELETE_SUCCEEDED}]
03-17 10:59:45.749 I/chatty  ( 2008): uid=1000(system) InputReader expire 8 lines
03-17 10:59:45.766 D/Zygote  ( 1753): Forked child process 17685
03-17 10:59:45.776 W/ssioncontrolle(17685): Unexpected CPU variant for X86 using defaults: x86
03-17 10:59:45.801 I/netd    ( 1752): trafficSwapActiveStatsMap() <44.32ms>
03-17 10:59:45.802 D/gralloc_ranchu( 1771): gralloc_alloc: Creating ashmem region of size 274432
03-17 10:59:45.807 D/gralloc_ranchu( 1771): gralloc_alloc: Creating ashmem region of size 274432
03-17 10:59:45.808 I/netd    ( 1752): tetherGetStats() <3.27ms>
03-17 10:59:45.808 D/EGL_emulation(17655): eglMakeCurrent: 0xddde45e0: ver 3 0 (tinfo 0xdde82e80)
03-17 10:59:45.812 I/GeofencerStateMachine( 2159): removeGeofences: removeRequest=RemoveGeofencingRequest[REMOVE_ALL packageName=com.arxan_rn]
03-17 10:59:45.815 D/Zygote  ( 1753): Forked child process 17705
03-17 10:59:45.826 E/CarrierServices( 3426): [2] cqf.a: Invalid signature found for com.android.contacts: E39B7BFBE0A67D78292F6CC62E06CA27A2EBF255
03-17 10:59:45.834 W/.android.chrom(17705): Unexpected CPU variant for X86 using defaults: x86
03-17 10:59:45.839 D/CarrierSvcBindHelper( 2438): No carrier app for: 0
03-17 10:59:45.850 I/gle.android.gm( 2494): Background concurrent copying GC freed 3148(396KB) AllocSpace objects, 0(0B) LOS objects, 34% free, 11MB/17MB, paused 649us total 162.876ms
03-17 10:59:45.876 E/CarrierServices( 3426): [2] cqf.a: Invalid signature found for com.android.contacts: E39B7BFBE0A67D78292F6CC62E06CA27A2EBF255
03-17 10:59:45.891 I/Fitness ( 2159): FitCleanupIntentOperation received Intent android.intent.action.PACKAGE_REMOVED [CONTEXT service_id=17 ]
03-17 10:59:45.902 I/ssioncontrolle(17685): The ClassLoaderContext is a special shared library.
03-17 10:59:45.911 I/.android.chrom(17705): The ClassLoaderContext is a special shared library.
03-17 10:59:45.926 I/.android.chrom(17705): The ClassLoaderContext is a special shared library.
03-17 10:59:45.963 D/AF::TrackHandle( 1800): OpPlayAudio: track:55 usage:13 not muted
03-17 10:59:45.972 I/chatty  ( 1800): uid=1041(audioserver) Binder:1800_4 identical 2 lines
03-17 10:59:45.980 D/AF::TrackHandle( 1800): OpPlayAudio: track:55 usage:13 not muted
03-17 10:59:45.984 D/AF::TrackHandle( 1800): OpPlayAudio: track:55 usage:13 not muted
03-17 10:59:45.999 I/chatty  ( 1800): uid=1041(audioserver) Binder:1800_5 identical 13 lines
03-17 10:59:46.000 D/AF::TrackHandle( 1800): OpPlayAudio: track:55 usage:13 not muted
03-17 10:59:46.001 I/Icing   ( 2494): doRemovePackageData com.arxan_rn
03-17 10:59:46.002 D/AF::TrackHandle( 1800): OpPlayAudio: track:55 usage:13 not muted
03-17 10:59:46.004 D/AF::TrackHandle( 1800): OpPlayAudio: track:55 usage:13 not muted
03-17 10:59:46.014 D/AF::TrackHandle( 1800): OpPlayAudio: track:55 usage:13 not muted
03-17 10:59:46.018 I/LoadedApk(17705): No resource references to update in package com.google.android.trichromelibrary
03-17 10:59:46.032 I/ContentMaintenance( 2494): Internal cache bytes used: 0; limit: 40626585; download size: 0
03-17 10:59:46.034 I/Icing   ( 2494): IndexChimeraService.getServiceInterface callingPackage=com.google.android.gms componentName=AppsCorpus serviceId=36
03-17 10:59:46.053 I/RealtimeCacheCleanup( 2494): Beginning Realtime garbage collection.
03-17 10:59:46.059 W/Icing   ( 2494): No valid account for uploading user actions
03-17 10:59:46.059 I/RealtimeCacheCleanup( 2494): Finished Realtime garbage collection.
03-17 10:59:46.094 I/Icing   ( 2494): IndexChimeraService.getServiceInterface callingPackage=com.google.android.gms componentName=null serviceId=30
03-17 10:59:46.097 D/Zygote  ( 1753): Forked child process 17760
03-17 10:59:46.103 W/oid.documentsu(17760): Unexpected CPU variant for X86 using defaults: x86
03-17 10:59:46.103 I/Icing   ( 2494): Usage reports ok 0, Failed Usage reports 0, indexed 0, rejected 0
03-17 10:59:46.106 I/Icing   ( 2494): IndexChimeraService.getServiceInterface callingPackage=com.google.android.gms componentName=null serviceId=36
03-17 10:59:46.115 W/Icing   ( 2494): No valid account for uploading user actions
03-17 10:59:46.122 I/Icing   ( 2494): Usage reports ok 0, Failed Usage reports 0, indexed 0, rejected 0
03-17 10:59:46.129 W/Icing   ( 2494): No valid account for uploading user actions
03-17 10:59:46.135 I/Icing   ( 2494): Usage reports ok 0, Failed Usage reports 0, indexed 0, rejected 0
03-17 10:59:46.135 I/Icing   ( 2494): Indexing com.google.android.gms-apps from com.google.android.gms
03-17 10:59:46.153 I/Icing   ( 2494): Indexing com.google.android.gms-internal.3p:MobileApplication from com.google.android.gms
03-17 10:59:46.168 D/ApplicationLoaders(17760): Returning zygote-cached class loader: /system/framework/android.hidl.base-V1.0-java.jar
03-17 10:59:46.168 D/ApplicationLoaders(17760): Returning zygote-cached class loader: /system/framework/android.hidl.manager-V1.0-java.jar
03-17 10:59:46.168 D/ApplicationLoaders(17760): Returning zygote-cached class loader: /system/framework/android.hidl.base-V1.0-java.jar
03-17 10:59:46.172 I/Icing   ( 2494): Indexing done com.google.android.gms-apps
03-17 10:59:46.187 I/oid.documentsu(17760): The ClassLoaderContext is a special shared library.
03-17 10:59:46.190 I/Icing   ( 2494): Indexing done com.google.android.gms-internal.3p:MobileApplication
03-17 10:59:46.398 D/DocumentsApplication(17760): OverlayManager.setEnabled() result: true
03-17 10:59:46.401 D/Zygote  ( 1753): Forked child process 17785
03-17 10:59:46.415 W/droid.apps.doc(17785): Unexpected CPU variant for X86 using defaults: x86
03-17 10:59:46.428 D/Zygote  ( 1753): Forked child process 17797
03-17 10:59:46.435 W/d.process.medi(17797): Unexpected CPU variant for X86 using defaults: x86
03-17 10:59:46.500 I/droid.apps.doc(17785): The ClassLoaderContext is a special shared library.
03-17 10:59:46.510 I/droid.apps.doc(17785): The ClassLoaderContext is a special shared library.
03-17 10:59:46.532 I/d.process.medi(17797): The ClassLoaderContext is a special shared library.
03-17 10:59:46.609 I/d.process.medi(17797): The ClassLoaderContext is a special shared library.
03-17 10:59:46.624 I/ProvidersCache(17760): Updating roots due to change at content://com.android.providers.media.documents/root
03-17 10:59:46.648 I/MediaProvider(17797): Begin Intent { act=android.intent.action.PACKAGE_FULLY_REMOVED dat=package:com.arxan_rn flg=0x5000010 cmp=com.android.providers.media/.MediaService (has extras) }
03-17 10:59:46.662 I/MediaProvider(17797): End Intent { act=android.intent.action.PACKAGE_FULLY_REMOVED dat=package:com.arxan_rn flg=0x5000010 cmp=com.android.providers.media/.MediaService (has extras) }
03-17 10:59:46.695 D/EGL_emulation( 2170): eglMakeCurrent: 0xe907f820: ver 3 0 (tinfo 0xbd796c80)
03-17 10:59:46.861 D/EGL_emulation( 2170): eglMakeCurrent: 0xe907f820: ver 3 0 (tinfo 0xbd796c80)
03-17 10:59:47.058 I/GAv4    (17785): Google Analytics 17.7.78 is starting up. To enable debug logging on a device run:
03-17 10:59:47.058 I/GAv4    (17785):   adb shell setprop log.tag.GAv4 DEBUG
03-17 10:59:47.058 I/GAv4    (17785):   adb logcat -s GAv4
03-17 10:59:47.074 W/GAv4    (17785): CampaignTrackingReceiver is not registered, not exported or is disabled. Installation campaign tracking is not possible. See http://goo.gl/8Rd3yj for instructions.
03-17 10:59:47.121 W/PrimesInit(17785): Primes instant initialization
03-17 10:59:47.122 W/Primes  (17785): background initialization
03-17 10:59:47.144 W/FieldDefinition(17785): [main] Ignoring isIndexed constraint as field also has uniqueness constraint (on just this field, and therefore SQLite will have to create an index on that. For field: czz$a@b503277
03-17 10:59:47.238 E/DocsApplication(17785): [main] No default account found during application creation.
03-17 10:59:47.258 W/ComponentDiscovery(17785): Application info not found.
03-17 10:59:47.258 W/ComponentDiscovery(17785): Could not retrieve metadata, returning empty list of registrars.
03-17 10:59:47.266 I/ProvidersCache(17760): Updating roots due to change at content://com.google.android.apps.docs.storage/root
03-17 10:59:47.276 W/droid.apps.doc(17785): Long monitor contention with owner Binder:17785_3 (17823) at kdx$a kdx.a()(PG:38) waiters=0 in kdx$a kdx.a() for 521ms
03-17 10:59:47.289 I/ProvidersCache(17760): Provider returned no roots. Possibly naughty: com.google.android.apps.docs.storage
03-17 10:59:47.295 I/ProvidersCache(17760): Provider returned no roots. Possibly naughty: com.google.android.apps.docs.storage
03-17 10:59:47.297 W/SystemServiceRegistry( 2159): No service published for: persistent_data_block
03-17 10:59:47.301 I/ProvidersCache(17760): Provider returned no roots. Possibly naughty: com.google.android.apps.docs.storage
03-17 10:59:47.316 E/aoob    ( 2159): Phenotype API error. Event # ccoz@dc8bd570, EventCode: 32 [CONTEXT service_id=51 ]
03-17 10:59:47.316 E/aoob    ( 2159): aonf: 29503
03-17 10:59:47.316 E/aoob    ( 2159): 	at aopg.b(:com.google.android.gms@202414022@20.24.14 (040700-319035315):7)
03-17 10:59:47.316 E/aoob    ( 2159): 	at aoob.a(:com.google.android.gms@202414022@20.24.14 (040700-319035315):91)
03-17 10:59:47.316 E/aoob    ( 2159): 	at aoob.a(:com.google.android.gms@202414022@20.24.14 (040700-319035315):86)
03-17 10:59:47.316 E/aoob    ( 2159): 	at aabt.run(:com.google.android.gms@202414022@20.24.14 (040700-319035315):9)
03-17 10:59:47.316 E/aoob    ( 2159): 	at bnin.run(:com.google.android.gms@202414022@20.24.14 (040700-319035315):2)
03-17 10:59:47.316 E/aoob    ( 2159): 	at soy.b(:com.google.android.gms@202414022@20.24.14 (040700-319035315):12)
03-17 10:59:47.316 E/aoob    ( 2159): 	at soy.run(:com.google.android.gms@202414022@20.24.14 (040700-319035315):7)
03-17 10:59:47.316 E/aoob    ( 2159): 	at java.util.concurrent.ThreadPoolExecutor.runWorker(ThreadPoolExecutor.java:1167)
03-17 10:59:47.316 E/aoob    ( 2159): 	at java.util.concurrent.ThreadPoolExecutor$Worker.run(ThreadPoolExecutor.java:641)
03-17 10:59:47.316 E/aoob    ( 2159): 	at sux.run(:com.google.android.gms@202414022@20.24.14 (040700-319035315):0)
03-17 10:59:47.316 E/aoob    ( 2159): 	at java.lang.Thread.run(Thread.java:919)
03-17 10:59:47.319 E/AsyncOperation( 2159): serviceID=51, operation=SetAppSpecificPropertiesOperationCall
03-17 10:59:47.319 E/AsyncOperation( 2159): OperationException[Status{statusCode=unknown status code: 29503, resolution=null}]
03-17 10:59:47.319 E/AsyncOperation( 2159): 	at aoob.a(:com.google.android.gms@202414022@20.24.14 (040700-319035315):93)
03-17 10:59:47.319 E/AsyncOperation( 2159): 	at aoob.a(:com.google.android.gms@202414022@20.24.14 (040700-319035315):86)
03-17 10:59:47.319 E/AsyncOperation( 2159): 	at aabt.run(:com.google.android.gms@202414022@20.24.14 (040700-319035315):9)
03-17 10:59:47.319 E/AsyncOperation( 2159): 	at bnin.run(:com.google.android.gms@202414022@20.24.14 (040700-319035315):2)
03-17 10:59:47.319 E/AsyncOperation( 2159): 	at soy.b(:com.google.android.gms@202414022@20.24.14 (040700-319035315):12)
03-17 10:59:47.319 E/AsyncOperation( 2159): 	at soy.run(:com.google.android.gms@202414022@20.24.14 (040700-319035315):7)
03-17 10:59:47.319 E/AsyncOperation( 2159): 	at java.util.concurrent.ThreadPoolExecutor.runWorker(ThreadPoolExecutor.java:1167)
03-17 10:59:47.319 E/AsyncOperation( 2159): 	at java.util.concurrent.ThreadPoolExecutor$Worker.run(ThreadPoolExecutor.java:641)
03-17 10:59:47.319 E/AsyncOperation( 2159): 	at sux.run(:com.google.android.gms@202414022@20.24.14 (040700-319035315):0)
03-17 10:59:47.319 E/AsyncOperation( 2159): 	at java.lang.Thread.run(Thread.java:919)
03-17 10:59:48.253 W/audio_hw_generic( 1759): Not supplying enough data to HAL, expected position 15070148 , only wrote 14932651
03-17 10:59:49.283 D/EGL_emulation(17655): eglMakeCurrent: 0xddde45e0: ver 3 0 (tinfo 0xdde82e80)
03-17 10:59:49.367 I/Zygote  ( 1753): Process 15344 exited due to signal 9 (Killed)
03-17 10:59:49.735 D/gralloc_ranchu( 1771): gralloc_alloc: Creating ashmem region of size 98304
03-17 10:59:49.737 E/BufferQueueProducer( 2735): [unnamed-2735-11] setMaxDequeuedBufferCount: 2 dequeued buffers would exceed the maxBufferCount (2) (maxAcquired 1 async 0 mDequeuedBufferCannotBlock 0)
03-17 10:59:49.737 E/Surface ( 2735): IGraphicBufferProducer::setBufferCount(3) returned Invalid argument
03-17 10:59:49.737 D/EGL_emulation( 2735): eglMakeCurrent: 0xddddb240: ver 3 0 (tinfo 0xdde70490)
03-17 10:59:49.740 D/gralloc_ranchu( 1771): gralloc_alloc: Creating ashmem region of size 98304
03-17 10:59:49.742 D/EGL_emulation( 2735): eglMakeCurrent: 0xddddb240: ver 3 0 (tinfo 0xdde70490)
03-17 10:59:49.756 D/EGL_emulation( 2735): eglMakeCurrent: 0xddddb240: ver 3 0 (tinfo 0xdde70490)
03-17 10:59:50.170 W/DynamiteModule(17785): Local module descriptor class for providerinstaller not found.
03-17 10:59:50.181 W/ProviderInstaller(17785): Failed to load providerinstaller module: No acceptable module found. Local version is 0 and remote version is 0.
03-17 10:59:50.190 I/droid.apps.doc(17785): The ClassLoaderContext is a special shared library.
03-17 10:59:50.195 I/chatty  (17785): uid=10143(com.google.android.apps.docs) identical 1 line
03-17 10:59:50.200 I/droid.apps.doc(17785): The ClassLoaderContext is a special shared library.
03-17 10:59:50.210 I/MicroDetectionWorker( 3469): #startMicroDetector [speakerMode: 0]
03-17 10:59:50.212 W/ErrorReporter( 3469): reportError [type: 211, code: 393244, bug: 0]: errorCode: 393244, engine: 0
03-17 10:59:50.217 I/MicroDetector( 3469): Keeping mic open: false
03-17 10:59:50.217 I/MicroDetectionWorker( 3469): #onError(false)
03-17 10:59:50.228 D/EGL_emulation( 2170): eglMakeCurrent: 0xe907f820: ver 3 0 (tinfo 0xbd796c80)
03-17 10:59:50.243 I/chatty  ( 2170): uid=10111(com.android.systemui) RenderThread identical 19 lines
03-17 10:59:50.252 D/EGL_emulation( 2170): eglMakeCurrent: 0xe907f820: ver 3 0 (tinfo 0xbd796c80)
03-17 10:59:50.256 V/NativeCrypto(17785): Registering com/google/android/gms/org/conscrypt/NativeCrypto's 286 native methods...
03-17 10:59:50.260 D/EGL_emulation( 2170): eglMakeCurrent: 0xe907f820: ver 3 0 (tinfo 0xbd796c80)
03-17 10:59:50.285 D/EGL_emulation( 2170): eglMakeCurrent: 0xe907f820: ver 3 0 (tinfo 0xbd796c80)
03-17 10:59:50.300 D/NetworkSecurityConfig(17785): Using Network Security Config from resource network_security_config debugBuild: false
03-17 10:59:50.309 I/ProviderInstaller(17785): Installed default security provider GmsCore_OpenSSL
03-17 10:59:50.313 D/EGL_emulation( 2170): eglMakeCurrent: 0xe907f820: ver 3 0 (tinfo 0xbd796c80)
03-17 10:59:50.416 D/EGL_emulation( 2170): eglMakeCurrent: 0xe907f820: ver 3 0 (tinfo 0xbd796c80)
03-17 10:59:51.552 I/d.process.medi(17797): Waiting for a blocking GC ProfileSaver
03-17 10:59:51.652 I/chatty  ( 2008): uid=1000(system) Binder:2008_D expire 40 lines
03-17 10:59:51.654 W/ActivityThread(17655): handleWindowVisibility: no activity for token android.os.BinderProxy@84d8db8
03-17 10:59:51.761 D/gralloc_ranchu( 1771): gralloc_alloc: Creating ashmem region of size 3424256
03-17 10:59:51.766 D/gralloc_ranchu( 1771): gralloc_alloc: Creating ashmem region of size 3424256
03-17 10:59:51.767 D/EGL_emulation(17655): eglMakeCurrent: 0xddde45e0: ver 3 0 (tinfo 0xdde82e80)
03-17 10:59:51.783 D/gralloc_ranchu( 1771): gralloc_alloc: Creating ashmem region of size 1269760
03-17 10:59:51.785 D/gralloc_ranchu( 1771): gralloc_alloc: Creating ashmem region of size 1269760
03-17 10:59:51.785 D/EGL_emulation(17655): eglMakeCurrent: 0xddde45e0: ver 3 0 (tinfo 0xdde82e80)
03-17 10:59:51.786 D/gralloc_ranchu( 1771): gralloc_alloc: Creating ashmem region of size 1269760
03-17 10:59:51.791 D/EGL_emulation(17655): eglMakeCurrent: 0xddde45e0: ver 3 0 (tinfo 0xdde82e80)
03-17 10:59:51.829 I/chatty  ( 2008): uid=1000(system) Binder:2008_16 expire 10 lines
03-17 10:59:52.956 I/UninstallerActivity(17655): Uninstalling extras=Bundle[{com.android.packageinstaller.extra.APP_LABEL=測試新行銀uat, com.android.packageinstaller.applicationInfo=ApplicationInfo{696ad8a com.kgib.maib.uat}, android.intent.extra.UNINSTALL_ALL_USERS=false, com.android.packageinstaller.extra.UNINSTALL_ID=-2147483637}]
03-17 10:59:52.961 D/EGL_emulation(17655): eglMakeCurrent: 0xddde45e0: ver 3 0 (tinfo 0xdde82e80)
03-17 10:59:52.964 D/OpenGLRenderer(17655): endAllActiveAnimators on 0xbdf82b80 (RippleDrawable) with handle 0xdde82a40
03-17 10:59:52.965 W/audio_hw_generic( 1759): Not supplying enough data to HAL, expected position 14932689 , only wrote 14932651
03-17 10:59:52.980 I/chatty  ( 2008): uid=1000(system) Binder:2008_9 expire 10 lines
03-17 10:59:52.986 I/chatty  ( 2008): uid=1000(system) Binder:2008_7 expire 30 lines
03-17 10:59:53.013 D/gralloc_ranchu( 1771): gralloc_alloc: Creating ashmem region of size 6307840
03-17 10:59:53.038 I/MicroDetectionWorker( 3469): #startMicroDetector [speakerMode: 0]
03-17 10:59:53.041 W/ErrorReporter( 3469): reportError [type: 211, code: 393244, bug: 0]: errorCode: 393244, engine: 0
03-17 10:59:53.048 I/MicroDetector( 3469): Keeping mic open: false
03-17 10:59:53.048 I/MicroDetectionWorker( 3469): #onError(false)
03-17 10:59:53.102 I/Zygote  ( 1753): Process 15419 exited due to signal 9 (Killed)
03-17 10:59:53.178 I/keystore( 1845): clear_uid 10156
03-17 10:59:53.180 E/TrafficController( 1752): Failed to clean up the permission for 10156: No such file or directory
03-17 10:59:53.180 I/netd    ( 1752): trafficSetNetPermForUids(-1, [10156]) <0.09ms>
03-17 10:59:53.216 D/EGL_emulation( 2170): eglMakeCurrent: 0xe907f820: ver 3 0 (tinfo 0xbd796c80)
03-17 10:59:53.605 I/UninstallFinish(17655): Uninstall finished extras=Bundle[{android.content.pm.extra.STATUS=0, android.content.pm.extra.PACKAGE_NAME=com.kgib.maib.uat, com.android.packageinstaller.extra.APP_LABEL=測試新行銀uat, com.android.packageinstaller.applicationInfo=ApplicationInfo{301bea9 com.kgib.maib.uat}, android.intent.extra.UNINSTALL_ALL_USERS=false, android.content.pm.extra.LEGACY_STATUS=1, com.android.packageinstaller.extra.UNINSTALL_ID=-2147483637, android.content.pm.extra.STATUS_MESSAGE=DELETE_SUCCEEDED}]
03-17 10:59:53.662 I/GeofencerStateMachine( 2159): removeGeofences: removeRequest=RemoveGeofencingRequest[REMOVE_ALL packageName=com.kgib.maib.uat]
03-17 10:59:53.676 D/gralloc_ranchu( 1771): gralloc_alloc: Creating ashmem region of size 319488
03-17 10:59:53.681 D/gralloc_ranchu( 1771): gralloc_alloc: Creating ashmem region of size 319488
03-17 10:59:53.681 D/EGL_emulation(17655): eglMakeCurrent: 0xddde45e0: ver 3 0 (tinfo 0xdde82e80)
03-17 10:59:53.682 D/gralloc_ranchu( 1771): gralloc_alloc: Creating ashmem region of size 319488
03-17 10:59:53.711 D/CarrierSvcBindHelper( 2438): No carrier app for: 0
03-17 10:59:53.711 I/netd    ( 1752): trafficSwapActiveStatsMap() <50.26ms>
03-17 10:59:53.713 I/netd    ( 1752): tetherGetStats() <1.03ms>
03-17 10:59:53.720 I/Fitness ( 2159): FitCleanupIntentOperation received Intent android.intent.action.PACKAGE_REMOVED [CONTEXT service_id=17 ]
03-17 10:59:53.723 I/MediaProvider(17797): Begin Intent { act=android.intent.action.PACKAGE_FULLY_REMOVED dat=package:com.kgib.maib.uat flg=0x5000010 cmp=com.android.providers.media/.MediaService (has extras) }
03-17 10:59:53.729 E/CarrierServices( 3426): [2] cqf.a: Invalid signature found for com.android.contacts: E39B7BFBE0A67D78292F6CC62E06CA27A2EBF255
03-17 10:59:53.730 I/MediaProvider(17797): End Intent { act=android.intent.action.PACKAGE_FULLY_REMOVED dat=package:com.kgib.maib.uat flg=0x5000010 cmp=com.android.providers.media/.MediaService (has extras) }
03-17 10:59:53.754 E/CarrierServices( 3426): [2] cqf.a: Invalid signature found for com.android.contacts: E39B7BFBE0A67D78292F6CC62E06CA27A2EBF255
03-17 10:59:53.773 I/ProvidersCache(17760): Provider returned no roots. Possibly naughty: com.google.android.apps.docs.storage
03-17 10:59:53.797 D/AF::TrackHandle( 1800): OpPlayAudio: track:55 usage:13 not muted
03-17 10:59:53.803 I/chatty  ( 1800): uid=1041(audioserver) Binder:1800_3 identical 1 line
03-17 10:59:53.812 D/AF::TrackHandle( 1800): OpPlayAudio: track:55 usage:13 not muted
03-17 10:59:53.820 D/AF::TrackHandle( 1800): OpPlayAudio: track:55 usage:13 not muted
03-17 10:59:53.831 I/chatty  ( 1800): uid=1041(audioserver) /system/bin/audioserver identical 3 lines
03-17 10:59:53.833 D/AF::TrackHandle( 1800): OpPlayAudio: track:55 usage:13 not muted
03-17 10:59:53.835 D/AF::TrackHandle( 1800): OpPlayAudio: track:55 usage:13 not muted
03-17 10:59:53.879 D/AF::TrackHandle( 1800): OpPlayAudio: track:55 usage:13 not muted
03-17 10:59:53.887 I/Icing   ( 2494): doRemovePackageData com.kgib.maib.uat
03-17 10:59:53.887 I/chatty  ( 2008): uid=1000(system) ClientModeImpl expire 2 lines
03-17 10:59:53.917 I/Icing   ( 2494): Indexing com.google.android.gms-apps from com.google.android.gms
03-17 10:59:53.931 I/gle.android.gm( 2494): Background concurrent copying GC freed 17103(1130KB) AllocSpace objects, 12(496KB) LOS objects, 32% free, 12MB/18MB, paused 2.423ms total 329.939ms
03-17 10:59:53.935 I/Icing   ( 2494): Indexing done com.google.android.gms-apps
03-17 10:59:53.940 I/Icing   ( 2494): Indexing com.google.android.gms-internal.3p:MobileApplication from com.google.android.gms
03-17 10:59:53.954 I/Icing   ( 2494): Indexing done com.google.android.gms-internal.3p:MobileApplication
03-17 10:59:56.114 W/audio_hw_generic( 1759): Not supplying enough data to HAL, expected position 15208680 , only wrote 15071461
03-17 10:59:57.159 D/EGL_emulation(17655): eglMakeCurrent: 0xddde45e0: ver 3 0 (tinfo 0xdde82e80)
03-17 10:59:58.053 I/MicroDetectionWorker( 3469): #startMicroDetector [speakerMode: 0]
03-17 10:59:58.055 W/ErrorReporter( 3469): reportError [type: 211, code: 393244, bug: 0]: errorCode: 393244, engine: 0
03-17 10:59:58.056 I/MicroDetector( 3469): Keeping mic open: false
03-17 10:59:58.056 I/MicroDetectionWorker( 3469): #onError(false)
03-17 10:59:58.833 D/EGL_emulation( 2170): eglMakeCurrent: 0xe907f820: ver 3 0 (tinfo 0xbd796c80)
03-17 10:59:59.001 D/EGL_emulation( 2170): eglMakeCurrent: 0xe907f820: ver 3 0 (tinfo 0xbd796c80)
03-17 10:59:59.556 E/netmgr  ( 1918): Failed to open QEMU pipe 'qemud:network': Invalid argument
03-17 11:00:00.005 D/KeyguardClockSwitch( 2170): Updating clock: 1100
03-17 11:00:00.009 D/EGL_emulation( 2170): eglMakeCurrent: 0xe907f820: ver 3 0 (tinfo 0xbd796c80)
03-17 11:00:01.977 D/EGL_emulation( 2170): eglMakeCurrent: 0xe907f820: ver 3 0 (tinfo 0xbd796c80)
03-17 11:00:01.982 W/audio_hw_generic( 1759): Not supplying enough data to HAL, expected position 15071499 , only wrote 15071461
03-17 11:00:02.012 D/AF::Track( 1800): interceptBuffer: took 1220us to intercept 0 tracks
03-17 11:00:02.079 V/StatusBar( 2170): mStatusBarWindow: com.android.systemui.statusbar.phone.StatusBarWindowView{fcb0fd5 V.E...... ........ 0,0-1080,83} canPanelBeCollapsed(): false
03-17 11:00:02.203 D/EGL_emulation( 2170): eglMakeCurrent: 0xe907f820: ver 3 0 (tinfo 0xbd796c80)
03-17 11:00:02.334 I/chatty  ( 2170): uid=10111(com.android.systemui) RenderThread identical 23 lines
03-17 11:00:02.346 D/EGL_emulation( 2170): eglMakeCurrent: 0xe907f820: ver 3 0 (tinfo 0xbd796c80)
03-17 11:00:02.366 I/chatty  ( 2008): uid=1000(system) Binder:2008_D expire 12 lines
03-17 11:00:02.503 E/wifi_forwarder( 1920): RemoteConnection failed to initialize: RemoteConnection failed to open pipe
03-17 11:00:03.060 I/MicroDetectionWorker( 3469): #startMicroDetector [speakerMode: 0]
03-17 11:00:03.061 W/ErrorReporter( 3469): reportError [type: 211, code: 393244, bug: 0]: errorCode: 393244, engine: 0
03-17 11:00:03.062 I/MicroDetector( 3469): Keeping mic open: false
03-17 11:00:03.062 I/MicroDetectionWorker( 3469): #onError(false)
03-17 11:00:03.114 W/earchbox:searc( 3469): Reducing the number of considered missed Gc histogram windows from 336 to 100
03-17 11:00:05.146 W/audio_hw_generic( 1759): Not supplying enough data to HAL, expected position 15348786 , only wrote 15210932
03-17 11:00:08.067 I/MicroDetectionWorker( 3469): #startMicroDetector [speakerMode: 0]
03-17 11:00:08.069 W/ErrorReporter( 3469): reportError [type: 211, code: 393244, bug: 0]: errorCode: 393244, engine: 0
03-17 11:00:08.070 I/MicroDetector( 3469): Keeping mic open: false
03-17 11:00:08.070 I/MicroDetectionWorker( 3469): #onError(false)
03-17 11:00:13.079 I/MicroDetectionWorker( 3469): #startMicroDetector [speakerMode: 0]
03-17 11:00:13.082 W/ErrorReporter( 3469): reportError [type: 211, code: 393244, bug: 0]: errorCode: 393244, engine: 0
03-17 11:00:13.083 I/MicroDetector( 3469): Keeping mic open: false
03-17 11:00:13.083 I/MicroDetectionWorker( 3469): #onError(false)
03-17 11:00:16.983 I/ContentMaintenance( 2494): Internal cache bytes used: 0; limit: 40626585; download size: 0
03-17 11:00:16.991 I/RealtimeCacheCleanup( 2494): Beginning Realtime garbage collection.
03-17 11:00:16.992 I/RealtimeCacheCleanup( 2494): Finished Realtime garbage collection.
03-17 11:00:18.089 I/MicroDetectionWorker( 3469): #startMicroDetector [speakerMode: 0]
03-17 11:00:18.091 W/ErrorReporter( 3469): reportError [type: 211, code: 393244, bug: 0]: errorCode: 393244, engine: 0
03-17 11:00:18.092 I/MicroDetector( 3469): Keeping mic open: false
03-17 11:00:18.093 I/MicroDetectionWorker( 3469): #onError(false)
03-17 11:00:20.743 I/chatty  ( 2008): uid=1000(system) android.bg expire 16 lines
03-17 11:00:23.096 I/MicroDetectionWorker( 3469): #startMicroDetector [speakerMode: 0]
03-17 11:00:23.099 W/ErrorReporter( 3469): reportError [type: 211, code: 393244, bug: 0]: errorCode: 393244, engine: 0
03-17 11:00:23.100 I/MicroDetector( 3469): Keeping mic open: false
03-17 11:00:23.100 I/MicroDetectionWorker( 3469): #onError(false)
03-17 11:00:28.105 I/MicroDetectionWorker( 3469): #startMicroDetector [speakerMode: 0]
03-17 11:00:28.106 W/ErrorReporter( 3469): reportError [type: 211, code: 393244, bug: 0]: errorCode: 393244, engine: 0
03-17 11:00:28.107 I/MicroDetector( 3469): Keeping mic open: false
03-17 11:00:28.107 I/MicroDetectionWorker( 3469): #onError(false)
03-17 11:00:30.602 I/netd    ( 1752): trafficSwapActiveStatsMap() <49.28ms>
03-17 11:00:30.606 I/netd    ( 1752): tetherGetStats() <2.56ms>
03-17 11:00:33.112 I/MicroDetectionWorker( 3469): #startMicroDetector [speakerMode: 0]
03-17 11:00:33.114 W/ErrorReporter( 3469): reportError [type: 211, code: 393244, bug: 0]: errorCode: 393244, engine: 0
03-17 11:00:33.116 I/MicroDetector( 3469): Keeping mic open: false
03-17 11:00:33.116 I/MicroDetectionWorker( 3469): #onError(false)
03-17 11:00:38.119 I/MicroDetectionWorker( 3469): #startMicroDetector [speakerMode: 0]
03-17 11:00:38.121 W/ErrorReporter( 3469): reportError [type: 211, code: 393244, bug: 0]: errorCode: 393244, engine: 0
03-17 11:00:38.122 I/MicroDetector( 3469): Keeping mic open: false
03-17 11:00:38.122 I/MicroDetectionWorker( 3469): #onError(false)
03-17 11:00:43.129 I/MicroDetectionWorker( 3469): #startMicroDetector [speakerMode: 0]
03-17 11:00:43.133 W/ErrorReporter( 3469): reportError [type: 211, code: 393244, bug: 0]: errorCode: 393244, engine: 0
03-17 11:00:43.134 I/MicroDetector( 3469): Keeping mic open: false
03-17 11:00:43.134 I/MicroDetectionWorker( 3469): #onError(false)
03-17 11:00:48.142 I/MicroDetectionWorker( 3469): #startMicroDetector [speakerMode: 0]
03-17 11:00:48.144 W/ErrorReporter( 3469): reportError [type: 211, code: 393244, bug: 0]: errorCode: 393244, engine: 0
03-17 11:00:48.145 I/MicroDetector( 3469): Keeping mic open: false
03-17 11:00:48.145 I/MicroDetectionWorker( 3469): #onError(false)
03-17 11:00:53.149 I/MicroDetectionWorker( 3469): #startMicroDetector [speakerMode: 0]
03-17 11:00:53.151 W/ErrorReporter( 3469): reportError [type: 211, code: 393244, bug: 0]: errorCode: 393244, engine: 0
03-17 11:00:53.152 I/MicroDetector( 3469): Keeping mic open: false
03-17 11:00:53.152 I/MicroDetectionWorker( 3469): #onError(false)
03-17 11:00:58.156 I/MicroDetectionWorker( 3469): #startMicroDetector [speakerMode: 0]
03-17 11:00:58.157 W/ErrorReporter( 3469): reportError [type: 211, code: 393244, bug: 0]: errorCode: 393244, engine: 0
03-17 11:00:58.158 I/MicroDetector( 3469): Keeping mic open: false
03-17 11:00:58.158 I/MicroDetectionWorker( 3469): #onError(false)
03-17 11:00:59.619 E/netmgr  ( 1918): Failed to open QEMU pipe 'qemud:network': Invalid argument
03-17 11:01:00.019 D/KeyguardClockSwitch( 2170): Updating clock: 1101
03-17 11:01:00.030 D/EGL_emulation( 2170): eglMakeCurrent: 0xe907f820: ver 3 0 (tinfo 0xbd796c80)
03-17 11:01:02.565 E/wifi_forwarder( 1920): RemoteConnection failed to initialize: RemoteConnection failed to open pipe
03-17 11:01:03.165 I/MicroDetectionWorker( 3469): #startMicroDetector [speakerMode: 0]
03-17 11:01:03.166 W/ErrorReporter( 3469): reportError [type: 211, code: 393244, bug: 0]: errorCode: 393244, engine: 0
03-17 11:01:03.169 I/MicroDetector( 3469): Keeping mic open: false
03-17 11:01:03.169 I/MicroDetectionWorker( 3469): #onError(false)
03-17 11:01:08.177 I/MicroDetectionWorker( 3469): #startMicroDetector [speakerMode: 0]
03-17 11:01:08.181 W/ErrorReporter( 3469): reportError [type: 211, code: 393244, bug: 0]: errorCode: 393244, engine: 0
03-17 11:01:08.182 I/MicroDetector( 3469): Keeping mic open: false
03-17 11:01:08.182 I/MicroDetectionWorker( 3469): #onError(false)
03-17 11:01:13.190 I/MicroDetectionWorker( 3469): #startMicroDetector [speakerMode: 0]
03-17 11:01:13.193 W/ErrorReporter( 3469): reportError [type: 211, code: 393244, bug: 0]: errorCode: 393244, engine: 0
03-17 11:01:13.195 I/MicroDetector( 3469): Keeping mic open: false
03-17 11:01:13.195 I/MicroDetectionWorker( 3469): #onError(false)
03-17 11:01:14.056 I/chatty  ( 2008): uid=1000(system) android.bg expire 2 lines
03-17 11:01:14.173 I/Zygote  ( 1753): Process 16292 exited due to signal 9 (Killed)
03-17 11:01:14.175 I/chatty  ( 2008): uid=1000(system) ActivityManager expire 1 line
03-17 11:01:18.200 I/MicroDetectionWorker( 3469): #startMicroDetector [speakerMode: 0]
03-17 11:01:18.202 W/ErrorReporter( 3469): reportError [type: 211, code: 393244, bug: 0]: errorCode: 393244, engine: 0
03-17 11:01:18.203 I/MicroDetector( 3469): Keeping mic open: false
03-17 11:01:18.203 I/MicroDetectionWorker( 3469): #onError(false)
03-17 11:01:23.208 I/MicroDetectionWorker( 3469): #startMicroDetector [speakerMode: 0]
03-17 11:01:23.211 W/ErrorReporter( 3469): reportError [type: 211, code: 393244, bug: 0]: errorCode: 393244, engine: 0
03-17 11:01:23.213 I/MicroDetector( 3469): Keeping mic open: false
03-17 11:01:23.213 I/MicroDetectionWorker( 3469): #onError(false)
03-17 11:01:28.218 I/MicroDetectionWorker( 3469): #startMicroDetector [speakerMode: 0]
03-17 11:01:28.220 W/ErrorReporter( 3469): reportError [type: 211, code: 393244, bug: 0]: errorCode: 393244, engine: 0
03-17 11:01:28.221 I/MicroDetector( 3469): Keeping mic open: false
03-17 11:01:28.221 I/MicroDetectionWorker( 3469): #onError(false)
03-17 11:01:33.227 I/MicroDetectionWorker( 3469): #startMicroDetector [speakerMode: 0]
03-17 11:01:33.229 W/ErrorReporter( 3469): reportError [type: 211, code: 393244, bug: 0]: errorCode: 393244, engine: 0
03-17 11:01:33.230 I/MicroDetector( 3469): Keeping mic open: false
03-17 11:01:33.230 I/MicroDetectionWorker( 3469): #onError(false)
03-17 11:01:38.235 I/MicroDetectionWorker( 3469): #startMicroDetector [speakerMode: 0]
03-17 11:01:38.237 W/ErrorReporter( 3469): reportError [type: 211, code: 393244, bug: 0]: errorCode: 393244, engine: 0
03-17 11:01:38.238 I/MicroDetector( 3469): Keeping mic open: false
03-17 11:01:38.238 I/MicroDetectionWorker( 3469): #onError(false)
03-17 11:01:43.248 I/MicroDetectionWorker( 3469): #startMicroDetector [speakerMode: 0]
03-17 11:01:43.251 W/ErrorReporter( 3469): reportError [type: 211, code: 393244, bug: 0]: errorCode: 393244, engine: 0
03-17 11:01:43.253 I/MicroDetector( 3469): Keeping mic open: false
03-17 11:01:43.253 I/MicroDetectionWorker( 3469): #onError(false)
03-17 11:01:48.259 I/MicroDetectionWorker( 3469): #startMicroDetector [speakerMode: 0]
03-17 11:01:48.261 W/ErrorReporter( 3469): reportError [type: 211, code: 393244, bug: 0]: errorCode: 393244, engine: 0
03-17 11:01:48.262 I/MicroDetector( 3469): Keeping mic open: false
03-17 11:01:48.262 I/MicroDetectionWorker( 3469): #onError(false)
03-17 11:01:53.266 I/MicroDetectionWorker( 3469): #startMicroDetector [speakerMode: 0]
03-17 11:01:53.267 W/ErrorReporter( 3469): reportError [type: 211, code: 393244, bug: 0]: errorCode: 393244, engine: 0
03-17 11:01:53.268 I/MicroDetector( 3469): Keeping mic open: false
03-17 11:01:53.268 I/MicroDetectionWorker( 3469): #onError(false)
03-17 11:01:58.274 I/MicroDetectionWorker( 3469): #startMicroDetector [speakerMode: 0]
03-17 11:01:58.275 W/ErrorReporter( 3469): reportError [type: 211, code: 393244, bug: 0]: errorCode: 393244, engine: 0
03-17 11:01:58.276 I/MicroDetector( 3469): Keeping mic open: false
03-17 11:01:58.277 I/MicroDetectionWorker( 3469): #onError(false)
03-17 11:01:59.683 E/netmgr  ( 1918): Failed to open QEMU pipe 'qemud:network': Invalid argument
03-17 11:02:00.010 D/KeyguardClockSwitch( 2170): Updating clock: 1102
03-17 11:02:02.626 E/wifi_forwarder( 1920): RemoteConnection failed to initialize: RemoteConnection failed to open pipe
03-17 11:02:03.281 I/MicroDetectionWorker( 3469): #startMicroDetector [speakerMode: 0]
03-17 11:02:03.283 W/ErrorReporter( 3469): reportError [type: 211, code: 393244, bug: 0]: errorCode: 393244, engine: 0
03-17 11:02:03.285 I/MicroDetector( 3469): Keeping mic open: false
03-17 11:02:03.285 I/MicroDetectionWorker( 3469): #onError(false)
03-17 11:02:08.289 I/MicroDetectionWorker( 3469): #startMicroDetector [speakerMode: 0]
03-17 11:02:08.291 W/ErrorReporter( 3469): reportError [type: 211, code: 393244, bug: 0]: errorCode: 393244, engine: 0
03-17 11:02:08.293 I/MicroDetector( 3469): Keeping mic open: false
03-17 11:02:08.294 I/MicroDetectionWorker( 3469): #onError(false)
03-17 11:02:13.303 I/MicroDetectionWorker( 3469): #startMicroDetector [speakerMode: 0]
03-17 11:02:13.307 W/ErrorReporter( 3469): reportError [type: 211, code: 393244, bug: 0]: errorCode: 393244, engine: 0
03-17 11:02:13.308 I/MicroDetector( 3469): Keeping mic open: false
03-17 11:02:13.308 I/MicroDetectionWorker( 3469): #onError(false)
03-17 11:02:18.310 I/MicroDetectionWorker( 3469): #startMicroDetector [speakerMode: 0]
03-17 11:02:18.311 W/ErrorReporter( 3469): reportError [type: 211, code: 393244, bug: 0]: errorCode: 393244, engine: 0
03-17 11:02:18.312 I/MicroDetector( 3469): Keeping mic open: false
03-17 11:02:18.312 I/MicroDetectionWorker( 3469): #onError(false)
03-17 11:02:23.316 I/MicroDetectionWorker( 3469): #startMicroDetector [speakerMode: 0]
03-17 11:02:23.318 W/ErrorReporter( 3469): reportError [type: 211, code: 393244, bug: 0]: errorCode: 393244, engine: 0
03-17 11:02:23.319 I/MicroDetector( 3469): Keeping mic open: false
03-17 11:02:23.319 I/MicroDetectionWorker( 3469): #onError(false)
03-17 11:02:28.322 I/MicroDetectionWorker( 3469): #startMicroDetector [speakerMode: 0]
03-17 11:02:28.322 W/ErrorReporter( 3469): reportError [type: 211, code: 393244, bug: 0]: errorCode: 393244, engine: 0
03-17 11:02:28.323 I/MicroDetector( 3469): Keeping mic open: false
03-17 11:02:28.323 I/MicroDetectionWorker( 3469): #onError(false)
03-17 11:02:33.329 I/MicroDetectionWorker( 3469): #startMicroDetector [speakerMode: 0]
03-17 11:02:33.331 W/ErrorReporter( 3469): reportError [type: 211, code: 393244, bug: 0]: errorCode: 393244, engine: 0
03-17 11:02:33.333 I/MicroDetector( 3469): Keeping mic open: false
03-17 11:02:33.333 I/MicroDetectionWorker( 3469): #onError(false)
03-17 11:02:34.162 I/netd    ( 1752): trafficSwapActiveStatsMap() <40.16ms>
03-17 11:02:34.167 I/netd    ( 1752): tetherGetStats() <2.81ms>
03-17 11:02:34.179 I/netd    ( 1752): bandwidthSetGlobalAlert(2097152) <1.99ms>
03-17 11:02:38.081 I/chatty  ( 2008): uid=1000(system) Binder:2008_1 expire 1 line
03-17 11:02:38.335 I/MicroDetectionWorker( 3469): #startMicroDetector [speakerMode: 0]
03-17 11:02:38.336 W/ErrorReporter( 3469): reportError [type: 211, code: 393244, bug: 0]: errorCode: 393244, engine: 0
03-17 11:02:38.337 I/MicroDetector( 3469): Keeping mic open: false
03-17 11:02:38.337 I/MicroDetectionWorker( 3469): #onError(false)
03-17 11:02:43.342 I/MicroDetectionWorker( 3469): #startMicroDetector [speakerMode: 0]
03-17 11:02:43.343 W/ErrorReporter( 3469): reportError [type: 211, code: 393244, bug: 0]: errorCode: 393244, engine: 0
03-17 11:02:43.344 I/MicroDetector( 3469): Keeping mic open: false
03-17 11:02:43.344 I/MicroDetectionWorker( 3469): #onError(false)
03-17 11:02:48.349 I/MicroDetectionWorker( 3469): #startMicroDetector [speakerMode: 0]
03-17 11:02:48.351 W/ErrorReporter( 3469): reportError [type: 211, code: 393244, bug: 0]: errorCode: 393244, engine: 0
03-17 11:02:48.351 I/MicroDetector( 3469): Keeping mic open: false
03-17 11:02:48.351 I/MicroDetectionWorker( 3469): #onError(false)
03-17 11:02:53.358 I/MicroDetectionWorker( 3469): #startMicroDetector [speakerMode: 0]
03-17 11:02:53.360 W/ErrorReporter( 3469): reportError [type: 211, code: 393244, bug: 0]: errorCode: 393244, engine: 0
03-17 11:02:53.361 I/MicroDetector( 3469): Keeping mic open: false
03-17 11:02:53.361 I/MicroDetectionWorker( 3469): #onError(false)
03-17 11:02:58.370 I/MicroDetectionWorker( 3469): #startMicroDetector [speakerMode: 0]
03-17 11:02:58.377 W/ErrorReporter( 3469): reportError [type: 211, code: 393244, bug: 0]: errorCode: 393244, engine: 0
03-17 11:02:58.378 I/MicroDetector( 3469): Keeping mic open: false
03-17 11:02:58.379 I/MicroDetectionWorker( 3469): #onError(false)
03-17 11:02:59.746 E/netmgr  ( 1918): Failed to open QEMU pipe 'qemud:network': Invalid argument
03-17 11:03:00.013 D/KeyguardClockSwitch( 2170): Updating clock: 1103
03-17 11:03:02.688 E/wifi_forwarder( 1920): RemoteConnection failed to initialize: RemoteConnection failed to open pipe
03-17 11:03:03.384 I/MicroDetectionWorker( 3469): #startMicroDetector [speakerMode: 0]
03-17 11:03:03.386 W/ErrorReporter( 3469): reportError [type: 211, code: 393244, bug: 0]: errorCode: 393244, engine: 0
03-17 11:03:03.387 I/MicroDetector( 3469): Keeping mic open: false
03-17 11:03:03.387 I/MicroDetectionWorker( 3469): #onError(false)
03-17 11:03:08.391 I/MicroDetectionWorker( 3469): #startMicroDetector [speakerMode: 0]
03-17 11:03:08.393 W/ErrorReporter( 3469): reportError [type: 211, code: 393244, bug: 0]: errorCode: 393244, engine: 0
03-17 11:03:08.395 I/MicroDetector( 3469): Keeping mic open: false
03-17 11:03:08.395 I/MicroDetectionWorker( 3469): #onError(false)
03-17 11:03:12.021 E/WakeLock( 2159): GCM_CONN_ALARM ** IS FORCE-RELEASED ON TIMEOUT **
03-17 11:03:13.404 I/MicroDetectionWorker( 3469): #startMicroDetector [speakerMode: 0]
03-17 11:03:13.405 W/ErrorReporter( 3469): reportError [type: 211, code: 393244, bug: 0]: errorCode: 393244, engine: 0
03-17 11:03:13.406 I/MicroDetector( 3469): Keeping mic open: false
03-17 11:03:13.406 I/MicroDetectionWorker( 3469): #onError(false)
03-17 11:03:18.410 I/MicroDetectionWorker( 3469): #startMicroDetector [speakerMode: 0]
03-17 11:03:18.412 W/ErrorReporter( 3469): reportError [type: 211, code: 393244, bug: 0]: errorCode: 393244, engine: 0
03-17 11:03:18.413 I/MicroDetector( 3469): Keeping mic open: false
03-17 11:03:18.413 I/MicroDetectionWorker( 3469): #onError(false)
03-17 11:03:23.417 I/MicroDetectionWorker( 3469): #startMicroDetector [speakerMode: 0]
03-17 11:03:23.419 W/ErrorReporter( 3469): reportError [type: 211, code: 393244, bug: 0]: errorCode: 393244, engine: 0
03-17 11:03:23.419 I/MicroDetector( 3469): Keeping mic open: false
03-17 11:03:23.419 I/MicroDetectionWorker( 3469): #onError(false)
03-17 11:03:28.423 I/MicroDetectionWorker( 3469): #startMicroDetector [speakerMode: 0]
03-17 11:03:28.426 W/ErrorReporter( 3469): reportError [type: 211, code: 393244, bug: 0]: errorCode: 393244, engine: 0
03-17 11:03:28.428 I/MicroDetector( 3469): Keeping mic open: false
03-17 11:03:28.428 I/MicroDetectionWorker( 3469): #onError(false)
03-17 11:03:28.428 I/DeviceStateChecker( 3469): DeviceStateChecker cancelled
03-17 11:03:33.432 I/MicroDetectionWorker( 3469): #startMicroDetector [speakerMode: 0]
03-17 11:03:33.441 W/ErrorReporter( 3469): reportError [type: 211, code: 393244, bug: 0]: errorCode: 393244, engine: 0
03-17 11:03:33.441 I/MicroDetector( 3469): Keeping mic open: false
03-17 11:03:33.441 I/MicroDetectionWorker( 3469): #onError(false)
03-17 11:03:38.444 I/MicroDetectionWorker( 3469): #startMicroDetector [speakerMode: 0]
03-17 11:03:38.445 W/ErrorReporter( 3469): reportError [type: 211, code: 393244, bug: 0]: errorCode: 393244, engine: 0
03-17 11:03:38.445 I/MicroDetector( 3469): Keeping mic open: false
03-17 11:03:38.445 I/MicroDetectionWorker( 3469): #onError(false)
03-17 11:03:43.449 I/MicroDetectionWorker( 3469): #startMicroDetector [speakerMode: 0]
03-17 11:03:43.451 W/ErrorReporter( 3469): reportError [type: 211, code: 393244, bug: 0]: errorCode: 393244, engine: 0
03-17 11:03:43.451 I/MicroDetector( 3469): Keeping mic open: false
03-17 11:03:43.451 I/MicroDetectionWorker( 3469): #onError(false)
03-17 11:03:48.454 I/MicroDetectionWorker( 3469): #startMicroDetector [speakerMode: 0]
03-17 11:03:48.455 W/ErrorReporter( 3469): reportError [type: 211, code: 393244, bug: 0]: errorCode: 393244, engine: 0
03-17 11:03:48.455 I/MicroDetector( 3469): Keeping mic open: false
03-17 11:03:48.455 I/MicroDetectionWorker( 3469): #onError(false)
03-17 11:03:53.464 I/MicroDetectionWorker( 3469): #startMicroDetector [speakerMode: 0]
03-17 11:03:53.466 W/ErrorReporter( 3469): reportError [type: 211, code: 393244, bug: 0]: errorCode: 393244, engine: 0
03-17 11:03:53.467 I/MicroDetector( 3469): Keeping mic open: false
03-17 11:03:53.467 I/MicroDetectionWorker( 3469): #onError(false)
03-17 11:03:58.474 I/MicroDetectionWorker( 3469): #startMicroDetector [speakerMode: 0]
03-17 11:03:58.476 W/ErrorReporter( 3469): reportError [type: 211, code: 393244, bug: 0]: errorCode: 393244, engine: 0
03-17 11:03:58.477 I/MicroDetector( 3469): Keeping mic open: false
03-17 11:03:58.477 I/MicroDetectionWorker( 3469): #onError(false)
03-17 11:03:59.753 E/netmgr  ( 1918): Failed to open QEMU pipe 'qemud:network': Invalid argument
03-17 11:04:00.015 D/KeyguardClockSwitch( 2170): Updating clock: 1104
03-17 11:04:02.750 E/wifi_forwarder( 1920): RemoteConnection failed to initialize: RemoteConnection failed to open pipe
03-17 11:04:03.483 I/MicroDetectionWorker( 3469): #startMicroDetector [speakerMode: 0]
03-17 11:04:03.484 W/ErrorReporter( 3469): reportError [type: 211, code: 393244, bug: 0]: errorCode: 393244, engine: 0
03-17 11:04:03.485 I/MicroDetector( 3469): Keeping mic open: false
03-17 11:04:03.485 I/MicroDetectionWorker( 3469): #onError(false)
03-17 11:04:07.288 D/NetworkMonitor/101( 2358): PROBE_DNS www.google.com 12516ms FAIL
03-17 11:04:07.288 D/NetworkMonitor/101( 2358): PROBE_DNS connectivitycheck.gstatic.com 12516ms FAIL
03-17 11:04:08.490 I/MicroDetectionWorker( 3469): #startMicroDetector [speakerMode: 0]
03-17 11:04:08.492 W/ErrorReporter( 3469): reportError [type: 211, code: 393244, bug: 0]: errorCode: 393244, engine: 0
03-17 11:04:08.493 I/MicroDetector( 3469): Keeping mic open: false
03-17 11:04:08.493 I/MicroDetectionWorker( 3469): #onError(false)
03-17 11:04:13.502 I/MicroDetectionWorker( 3469): #startMicroDetector [speakerMode: 0]
03-17 11:04:13.505 W/ErrorReporter( 3469): reportError [type: 211, code: 393244, bug: 0]: errorCode: 393244, engine: 0
03-17 11:04:13.506 I/MicroDetector( 3469): Keeping mic open: false
03-17 11:04:13.506 I/MicroDetectionWorker( 3469): #onError(false)
03-17 11:04:14.831 E/DnsResolver( 2358): resNetworkResult:android.system.ErrnoException: resNetworkResult failed: ETIMEDOUT (Connection timed out)
03-17 11:04:14.831 E/DnsResolver( 2358): resNetworkResult:android.system.ErrnoException: resNetworkResult failed: ETIMEDOUT (Connection timed out)
03-17 11:04:14.831 D/DnsUtils( 2358): DNS error resolving connectivitycheck.gstatic.com: android.system.ErrnoException: resNetworkResult failed: ETIMEDOUT (Connection timed out)
03-17 11:04:14.832 E/DnsResolver( 2358): resNetworkResult:android.system.ErrnoException: resNetworkResult failed: ETIMEDOUT (Connection timed out)
03-17 11:04:14.832 D/DnsUtils( 2358): DNS error resolving www.google.com: android.system.ErrnoException: resNetworkResult failed: ETIMEDOUT (Connection timed out)
03-17 11:04:18.513 I/MicroDetectionWorker( 3469): #startMicroDetector [speakerMode: 0]
03-17 11:04:18.515 W/ErrorReporter( 3469): reportError [type: 211, code: 393244, bug: 0]: errorCode: 393244, engine: 0
03-17 11:04:18.516 I/MicroDetector( 3469): Keeping mic open: false
03-17 11:04:18.516 I/MicroDetectionWorker( 3469): #onError(false)
03-17 11:04:23.521 I/MicroDetectionWorker( 3469): #startMicroDetector [speakerMode: 0]
03-17 11:04:23.523 W/ErrorReporter( 3469): reportError [type: 211, code: 393244, bug: 0]: errorCode: 393244, engine: 0
03-17 11:04:23.524 I/MicroDetector( 3469): Keeping mic open: false
03-17 11:04:23.525 I/MicroDetectionWorker( 3469): #onError(false)
03-17 11:04:27.147 E/WakeLock( 2159): GCM_HB_ALARM release without a matched acquire!
03-17 11:04:27.148 W/WakeLock( 2159): GCM_HB_ALARM counter does not exist
03-17 11:04:28.529 I/MicroDetectionWorker( 3469): #startMicroDetector [speakerMode: 0]
03-17 11:04:28.530 W/ErrorReporter( 3469): reportError [type: 211, code: 393244, bug: 0]: errorCode: 393244, engine: 0
03-17 11:04:28.530 I/MicroDetector( 3469): Keeping mic open: false
03-17 11:04:28.530 I/MicroDetectionWorker( 3469): #onError(false)
03-17 11:04:32.156 E/WakeLock( 2159): GCM_CONN_ALARM ** IS FORCE-RELEASED ON TIMEOUT **
03-17 11:04:33.534 I/MicroDetectionWorker( 3469): #startMicroDetector [speakerMode: 0]
03-17 11:04:33.536 W/ErrorReporter( 3469): reportError [type: 211, code: 393244, bug: 0]: errorCode: 393244, engine: 0
03-17 11:04:33.537 I/MicroDetector( 3469): Keeping mic open: false
03-17 11:04:33.537 I/MicroDetectionWorker( 3469): #onError(false)
03-17 11:04:38.294 I/abb     (16165): StartCommandInProcess(73657474696e67730067657400656e61 settings.get.ena [truncated])
03-17 11:04:38.297 I/chatty  ( 2008): uid=1000 system_server expire 18 lines
03-17 11:04:38.318 I/abb     (16165): StartCommandInProcess(7061636b61676500696e7374616c6c00 package.install. [truncated])
03-17 11:04:38.307 W/adbd    ( 1818): type=1400 audit(0.0:292): avc: denied { shutdown } for scontext=u:r:adbd:s0 tcontext=u:r:shell:s0 tclass=unix_stream_socket permissive=0
03-17 11:04:38.540 I/MicroDetectionWorker( 3469): #startMicroDetector [speakerMode: 0]
03-17 11:04:38.541 W/ErrorReporter( 3469): reportError [type: 211, code: 393244, bug: 0]: errorCode: 393244, engine: 0
03-17 11:04:38.542 I/MicroDetector( 3469): Keeping mic open: false
03-17 11:04:38.542 I/MicroDetectionWorker( 3469): #onError(false)
03-17 11:04:40.967 W/adbd    ( 1818): type=1400 audit(0.0:297): avc: denied { shutdown } for scontext=u:r:adbd:s0 tcontext=u:r:shell:s0 tclass=unix_stream_socket permissive=0
03-17 11:04:43.550 I/MicroDetectionWorker( 3469): #startMicroDetector [speakerMode: 0]
03-17 11:04:43.553 W/ErrorReporter( 3469): reportError [type: 211, code: 393244, bug: 0]: errorCode: 393244, engine: 0
03-17 11:04:43.554 I/MicroDetector( 3469): Keeping mic open: false
03-17 11:04:43.554 I/MicroDetectionWorker( 3469): #onError(false)
03-17 11:04:48.563 I/MicroDetectionWorker( 3469): #startMicroDetector [speakerMode: 0]
03-17 11:04:48.566 W/ErrorReporter( 3469): reportError [type: 211, code: 393244, bug: 0]: errorCode: 393244, engine: 0
03-17 11:04:48.567 I/MicroDetector( 3469): Keeping mic open: false
03-17 11:04:48.567 I/MicroDetectionWorker( 3469): #onError(false)
03-17 11:04:53.571 I/MicroDetectionWorker( 3469): #startMicroDetector [speakerMode: 0]
03-17 11:04:53.573 W/ErrorReporter( 3469): reportError [type: 211, code: 393244, bug: 0]: errorCode: 393244, engine: 0
03-17 11:04:53.574 I/MicroDetector( 3469): Keeping mic open: false
03-17 11:04:53.574 I/MicroDetectionWorker( 3469): #onError(false)
