03-17 10:20:12.864 I/chatty  ( 1752): uid=0(root) Binder:1752_3 expire 1 line
03-17 10:20:14.881 I/chatty  ( 1752): uid=0(root) Binder:1752_3 expire 1 line
03-17 10:20:16.894 I/chatty  ( 1752): uid=0(root) Binder:1752_3 expire 1 line
03-17 10:20:18.913 I/chatty  ( 1752): uid=0(root) Binder:1752_3 expire 1 line
03-17 10:20:20.927 I/chatty  ( 1752): uid=0(root) Binder:1752_3 expire 1 line
03-17 10:20:22.933 I/chatty  ( 1752): uid=0(root) Binder:1752_3 expire 1 line
03-17 10:20:24.948 I/chatty  ( 1752): uid=0(root) Binder:1752_3 expire 1 line
03-17 10:20:26.967 I/chatty  ( 1752): uid=0(root) Binder:1752_3 expire 1 line
03-17 10:20:28.975 I/chatty  ( 1752): uid=0(root) Binder:1752_3 expire 1 line
03-17 10:20:30.983 I/chatty  ( 1752): uid=0(root) Binder:1752_3 expire 1 line
03-17 10:20:32.996 I/chatty  ( 1752): uid=0(root) Binder:1752_3 expire 1 line
03-17 10:20:35.006 I/chatty  ( 1752): uid=0(root) Binder:1752_3 expire 1 line
03-17 10:20:37.017 I/chatty  ( 1752): uid=0(root) Binder:1752_3 expire 1 line
03-17 10:20:39.027 I/chatty  ( 1752): uid=0(root) Binder:1752_3 expire 1 line
03-17 10:20:41.053 I/chatty  ( 1752): uid=0(root) Binder:1752_3 expire 1 line
03-17 10:20:43.073 I/chatty  ( 1752): uid=0(root) Binder:1752_3 expire 1 line
03-17 10:20:45.088 I/chatty  ( 1752): uid=0(root) Binder:1752_3 expire 1 line
03-17 10:20:47.111 I/chatty  ( 1752): uid=0(root) Binder:1752_3 expire 1 line
03-17 10:20:49.129 I/chatty  ( 1752): uid=0(root) Binder:1752_3 expire 1 line
03-17 10:20:51.140 I/chatty  ( 1752): uid=0(root) Binder:1752_3 expire 1 line
03-17 10:20:53.153 I/chatty  ( 1752): uid=0(root) Binder:1752_3 expire 1 line
03-17 10:20:55.164 I/chatty  ( 1752): uid=0(root) Binder:1752_3 expire 1 line
03-17 10:20:57.137 I/chatty  ( 2008): uid=1000(system) HeapTaskDaemon expire 8 lines
03-17 10:20:57.175 I/chatty  ( 1752): uid=0(root) Binder:1752_3 expire 1 line
03-17 10:20:59.185 I/chatty  ( 1752): uid=0(root) Binder:1752_3 expire 1 line
03-17 10:21:00.014 D/KeyguardClockSwitch( 2170): Updating clock: 1021
03-17 10:21:01.207 I/chatty  ( 1752): uid=0(root) Binder:1752_3 expire 1 line
03-17 10:21:03.229 I/chatty  ( 1752): uid=0(root) Binder:1752_3 expire 1 line
03-17 10:21:05.243 I/chatty  ( 1752): uid=0(root) Binder:1752_3 expire 1 line
03-17 10:21:07.253 I/chatty  ( 1752): uid=0(root) Binder:1752_3 expire 1 line
03-17 10:21:09.275 I/chatty  ( 1752): uid=0(root) Binder:1752_3 expire 1 line
03-17 10:21:11.290 I/chatty  ( 1752): uid=0(root) Binder:1752_3 expire 1 line
03-17 10:21:13.305 I/chatty  ( 1752): uid=0(root) Binder:1752_3 expire 1 line
03-17 10:21:15.319 I/chatty  ( 1752): uid=0(root) Binder:1752_3 expire 1 line
03-17 10:21:17.336 I/chatty  ( 1752): uid=0(root) Binder:1752_3 expire 1 line
03-17 10:21:19.354 I/chatty  ( 1752): uid=0(root) Binder:1752_3 expire 1 line
03-17 10:21:21.363 I/chatty  ( 1752): uid=0(root) Binder:1752_3 expire 1 line
03-17 10:21:23.378 I/chatty  ( 1752): uid=0(root) Binder:1752_3 expire 1 line
03-17 10:21:25.391 I/chatty  ( 1752): uid=0(root) Binder:1752_3 expire 1 line
03-17 10:21:27.409 I/chatty  ( 1752): uid=0(root) Binder:1752_3 expire 1 line
03-17 10:21:29.417 I/chatty  ( 1752): uid=0(root) Binder:1752_3 expire 1 line
03-17 10:21:31.425 I/chatty  ( 1752): uid=0(root) Binder:1752_3 expire 1 line
03-17 10:21:31.779 I/adbd    ( 1818): host-11: read failed: I/O error
03-17 10:21:31.781 I/adbd    ( 1818): host-11: connection terminated: read failed
03-17 10:21:31.782 I/adbd    ( 1818): host-11: offline
03-17 10:21:31.782 I/adbd    ( 1818): destroying transport host-11
03-17 10:21:31.782 I/adbd    ( 1818): BlockingConnectionAdapter(host-11): stopping
03-17 10:21:31.784 I/adbd    ( 1818): BlockingConnectionAdapter(host-11): stopped
03-17 10:21:31.784 I/adbd    ( 1818): BlockingConnectionAdapter(host-11): destructing
03-17 10:21:31.784 I/adbd    ( 1818): BlockingConnectionAdapter(host-11): already stopped
03-17 10:21:33.436 I/chatty  ( 1752): uid=0(root) Binder:1752_3 expire 1 line
03-17 10:21:34.089 I/adbd    ( 1818): host-22: read thread spawning
03-17 10:21:34.090 I/adbd    ( 1818): host-22: write thread spawning
03-17 10:21:34.090 I/adbd    ( 1818): host-22: already offline
03-17 10:21:35.445 I/chatty  ( 1752): uid=0(root) Binder:1752_3 expire 1 line
03-17 10:21:37.454 I/chatty  ( 1752): uid=0(root) Binder:1752_3 expire 1 line
03-17 10:21:39.472 I/chatty  ( 1752): uid=0(root) Binder:1752_3 expire 1 line
03-17 10:21:41.494 I/chatty  ( 1752): uid=0(root) Binder:1752_3 expire 1 line
03-17 10:21:43.506 I/chatty  ( 1752): uid=0(root) Binder:1752_3 expire 1 line
03-17 10:21:45.523 I/chatty  ( 1752): uid=0(root) Binder:1752_3 expire 1 line
03-17 10:21:47.532 I/chatty  ( 1752): uid=0(root) Binder:1752_3 expire 1 line
03-17 10:21:49.548 I/chatty  ( 1752): uid=0(root) Binder:1752_3 expire 1 line
03-17 10:21:51.568 I/chatty  ( 1752): uid=0(root) Binder:1752_3 expire 1 line
03-17 10:21:53.583 I/chatty  ( 1752): uid=0(root) Binder:1752_3 expire 1 line
03-17 10:21:55.590 I/chatty  ( 1752): uid=0(root) Binder:1752_3 expire 1 line
03-17 10:21:57.597 I/chatty  ( 1752): uid=0(root) Binder:1752_3 expire 1 line
03-17 10:21:59.613 I/chatty  ( 1752): uid=0(root) Binder:1752_3 expire 1 line
03-17 10:22:00.016 D/KeyguardClockSwitch( 2170): Updating clock: 1022
03-17 10:22:01.665 I/chatty  ( 1752): uid=0(root) Binder:1752_3 expire 1 line
03-17 10:22:03.676 I/chatty  ( 1752): uid=0(root) Binder:1752_3 expire 1 line
03-17 10:22:05.686 I/chatty  ( 1752): uid=0(root) Binder:1752_3 expire 1 line
03-17 10:22:07.696 I/chatty  ( 1752): uid=0(root) Binder:1752_3 expire 1 line
03-17 10:22:09.713 I/chatty  ( 1752): uid=0(root) Binder:1752_3 expire 1 line
03-17 10:22:11.724 I/chatty  ( 1752): uid=0(root) Binder:1752_3 expire 1 line
03-17 10:22:13.734 I/chatty  ( 1752): uid=0(root) Binder:1752_3 expire 1 line
03-17 10:22:15.746 I/chatty  ( 1752): uid=0(root) Binder:1752_3 expire 1 line
03-17 10:22:17.755 I/chatty  ( 1752): uid=0(root) Binder:1752_3 expire 1 line
03-17 10:22:19.775 I/chatty  ( 1752): uid=0(root) Binder:1752_3 expire 1 line
03-17 10:22:20.369 I/chatty  ( 2159): uid=10112 com.google.android.gms.persistent expire 3 lines
03-17 10:22:21.788 I/chatty  ( 1752): uid=0(root) Binder:1752_3 expire 1 line
03-17 10:22:23.805 I/chatty  ( 1752): uid=0(root) Binder:1752_3 expire 1 line
03-17 10:22:25.820 I/chatty  ( 1752): uid=0(root) Binder:1752_3 expire 1 line
03-17 10:22:27.836 I/chatty  ( 1752): uid=0(root) Binder:1752_3 expire 1 line
03-17 10:22:29.849 I/chatty  ( 1752): uid=0(root) Binder:1752_3 expire 1 line
03-17 10:22:31.862 I/chatty  ( 1752): uid=0(root) Binder:1752_3 expire 1 line
03-17 10:22:33.873 I/chatty  ( 1752): uid=0(root) Binder:1752_3 expire 1 line
03-17 10:22:35.923 I/chatty  ( 1752): uid=0(root) Binder:1752_3 expire 1 line
03-17 10:22:37.939 I/chatty  ( 1752): uid=0(root) Binder:1752_3 expire 1 line
03-17 10:22:39.945 I/chatty  ( 1752): uid=0(root) Binder:1752_3 expire 1 line
03-17 10:22:41.995 I/chatty  ( 1752): uid=0(root) Binder:1752_3 expire 1 line
03-17 10:22:44.012 I/chatty  ( 1752): uid=0(root) Binder:1752_3 expire 1 line
03-17 10:22:46.022 I/chatty  ( 1752): uid=0(root) Binder:1752_3 expire 1 line
03-17 10:22:48.032 I/chatty  ( 1752): uid=0(root) Binder:1752_3 expire 1 line
03-17 10:22:50.049 I/chatty  ( 1752): uid=0(root) Binder:1752_3 expire 1 line
03-17 10:22:52.061 I/chatty  ( 1752): uid=0(root) Binder:1752_3 expire 1 line
03-17 10:22:54.074 I/chatty  ( 1752): uid=0(root) Binder:1752_3 expire 1 line
03-17 10:22:56.086 I/chatty  ( 1752): uid=0(root) Binder:1752_3 expire 1 line
03-17 10:22:56.292 I/chatty  ( 1927): uid=0(root) /vendor/bin/dhcpclient expire 5 lines
03-17 10:22:58.103 I/chatty  ( 1752): uid=0(root) Binder:1752_3 expire 1 line
03-17 10:22:58.293 I/chatty  ( 1918): uid=0(root) /vendor/bin/netmgr expire 5 lines
03-17 10:23:00.018 D/KeyguardClockSwitch( 2170): Updating clock: 1023
03-17 10:23:00.114 I/chatty  ( 1752): uid=0(root) Binder:1752_3 expire 1 line
03-17 10:23:01.190 I/chatty  ( 1920): uid=0(root) /vendor/bin/wifi_forwarder expire 5 lines
03-17 10:23:02.129 I/chatty  ( 1752): uid=0(root) Binder:1752_3 expire 1 line
03-17 10:23:04.144 I/chatty  ( 1752): uid=0(root) Binder:1752_3 expire 1 line
03-17 10:23:06.153 I/chatty  ( 1752): uid=0(root) Binder:1752_3 expire 1 line
03-17 10:23:08.160 I/chatty  ( 1752): uid=0(root) Binder:1752_3 expire 1 line
03-17 10:23:10.165 I/chatty  ( 1752): uid=0(root) Binder:1752_3 expire 1 line
03-17 10:23:12.227 I/chatty  ( 1752): uid=0(root) Binder:1752_3 expire 1 line
03-17 10:23:14.238 I/chatty  ( 1752): uid=0(root) Binder:1752_3 expire 1 line
03-17 10:23:16.255 I/chatty  ( 1752): uid=0(root) Binder:1752_3 expire 1 line
03-17 10:23:18.266 I/chatty  ( 1752): uid=0(root) Binder:1752_3 expire 1 line
03-17 10:23:20.278 I/chatty  ( 1752): uid=0(root) Binder:1752_3 expire 1 line
03-17 10:23:22.289 I/chatty  ( 1752): uid=0(root) Binder:1752_3 expire 1 line
03-17 10:23:24.307 I/chatty  ( 1752): uid=0(root) Binder:1752_3 expire 1 line
03-17 10:23:26.323 I/chatty  ( 1752): uid=0(root) Binder:1752_3 expire 1 line
03-17 10:23:28.348 I/chatty  ( 1752): uid=0(root) Binder:1752_3 expire 1 line
03-17 10:23:30.361 I/chatty  ( 1752): uid=0(root) Binder:1752_3 expire 1 line
03-17 10:23:32.370 I/chatty  ( 1752): uid=0(root) Binder:1752_3 expire 1 line
03-17 10:23:34.384 I/chatty  ( 1752): uid=0(root) Binder:1752_3 expire 1 line
03-17 10:23:36.400 I/chatty  ( 1752): uid=0(root) Binder:1752_3 expire 1 line
03-17 10:23:38.417 I/chatty  ( 1752): uid=0(root) Binder:1752_3 expire 1 line
03-17 10:23:40.433 I/chatty  ( 1752): uid=0(root) Binder:1752_3 expire 1 line
03-17 10:23:42.442 I/chatty  ( 1752): uid=0(root) Binder:1752_3 expire 1 line
03-17 10:23:44.452 I/chatty  ( 1752): uid=0(root) Binder:1752_3 expire 1 line
03-17 10:23:46.463 I/chatty  ( 1752): uid=0(root) Binder:1752_3 expire 1 line
03-17 10:23:48.473 I/chatty  ( 1752): uid=0(root) Binder:1752_3 expire 1 line
03-17 10:23:50.488 I/chatty  ( 1752): uid=0(root) Binder:1752_3 expire 1 line
03-17 10:23:52.495 I/chatty  ( 1752): uid=0(root) Binder:1752_3 expire 1 line
03-17 10:23:54.504 I/chatty  ( 1752): uid=0(root) Binder:1752_3 expire 1 line
03-17 10:23:56.517 I/chatty  ( 1752): uid=0(root) Binder:1752_3 expire 1 line
03-17 10:23:58.532 I/chatty  ( 1752): uid=0(root) Binder:1752_3 expire 1 line
03-17 10:24:00.013 D/KeyguardClockSwitch( 2170): Updating clock: 1024
03-17 10:24:00.547 I/chatty  ( 1752): uid=0(root) Binder:1752_3 expire 1 line
03-17 10:24:02.586 I/chatty  ( 1752): uid=0(root) Binder:1752_3 expire 1 line
03-17 10:24:04.597 I/chatty  ( 1752): uid=0(root) Binder:1752_3 expire 1 line
03-17 10:24:06.606 I/chatty  ( 1752): uid=0(root) Binder:1752_3 expire 1 line
03-17 10:24:08.624 I/chatty  ( 1752): uid=0(root) Binder:1752_3 expire 1 line
03-17 10:24:10.638 I/chatty  ( 1752): uid=0(root) Binder:1752_3 expire 1 line
03-17 10:24:12.654 I/chatty  ( 1752): uid=0(root) Binder:1752_3 expire 1 line
03-17 10:24:14.668 I/chatty  ( 1752): uid=0(root) Binder:1752_3 expire 1 line
03-17 10:24:16.689 I/chatty  ( 1752): uid=0(root) Binder:1752_3 expire 1 line
03-17 10:24:18.704 I/chatty  ( 1752): uid=0(root) Binder:1752_3 expire 1 line
03-17 10:24:20.719 I/chatty  ( 1752): uid=0(root) Binder:1752_3 expire 1 line
03-17 10:24:22.733 I/chatty  ( 1752): uid=0(root) Binder:1752_3 expire 1 line
03-17 10:24:24.746 I/chatty  ( 1752): uid=0(root) Binder:1752_3 expire 1 line
03-17 10:24:26.756 I/chatty  ( 1752): uid=0(root) Binder:1752_3 expire 1 line
03-17 10:24:28.773 I/chatty  ( 1752): uid=0(root) Binder:1752_3 expire 1 line
03-17 10:24:30.788 I/chatty  ( 1752): uid=0(root) Binder:1752_3 expire 1 line
03-17 10:24:32.806 I/chatty  ( 1752): uid=0(root) Binder:1752_3 expire 1 line
03-17 10:24:34.822 I/chatty  ( 1752): uid=0(root) Binder:1752_3 expire 1 line
03-17 10:24:36.837 I/chatty  ( 1752): uid=0(root) Binder:1752_3 expire 1 line
03-17 10:24:38.851 I/chatty  ( 1752): uid=0(root) Binder:1752_3 expire 1 line
03-17 10:24:40.902 I/chatty  ( 1752): uid=0(root) Binder:1752_3 expire 1 line
03-17 10:24:42.923 I/chatty  ( 1752): uid=0(root) Binder:1752_3 expire 1 line
03-17 10:24:44.935 I/chatty  ( 1752): uid=0(root) Binder:1752_3 expire 1 line
03-17 10:24:46.954 I/chatty  ( 1752): uid=0(root) Binder:1752_3 expire 1 line
03-17 10:24:48.983 I/chatty  ( 1752): uid=0(root) Binder:1752_3 expire 1 line
03-17 10:24:50.997 I/chatty  ( 1752): uid=0(root) Binder:1752_3 expire 1 line
03-17 10:24:53.010 I/chatty  ( 1752): uid=0(root) Binder:1752_3 expire 1 line
03-17 10:24:55.023 I/chatty  ( 1752): uid=0(root) Binder:1752_3 expire 1 line
03-17 10:24:57.032 I/chatty  ( 1752): uid=0(root) Binder:1752_3 expire 1 line
03-17 10:24:59.046 I/chatty  ( 1752): uid=0(root) Binder:1752_3 expire 1 line
03-17 10:25:00.014 D/KeyguardClockSwitch( 2170): Updating clock: 1025
03-17 10:25:01.062 I/chatty  ( 1752): uid=0(root) Binder:1752_3 expire 1 line
03-17 10:25:03.081 I/chatty  ( 1752): uid=0(root) Binder:1752_3 expire 1 line
03-17 10:25:05.101 I/chatty  ( 1752): uid=0(root) Binder:1752_3 expire 1 line
03-17 10:25:07.123 I/chatty  ( 1752): uid=0(root) Binder:1752_3 expire 1 line
03-17 10:25:09.136 I/chatty  ( 1752): uid=0(root) Binder:1752_3 expire 1 line
03-17 10:25:10.715 I/chatty  ( 1753): uid=0(root) main expire 1 line
03-17 10:25:11.145 I/chatty  ( 1752): uid=0(root) Binder:1752_3 expire 1 line
03-17 10:25:13.157 I/chatty  ( 1752): uid=0(root) Binder:1752_3 expire 1 line
03-17 10:25:14.526 I/chatty  ( 2008): uid=1000(system) Binder:2008_18 expire 1 line
03-17 10:25:15.182 I/chatty  ( 1752): uid=0(root) Binder:1752_3 expire 1 line
03-17 10:25:17.201 I/chatty  ( 1752): uid=0(root) Binder:1752_3 expire 1 line
03-17 10:25:19.215 I/chatty  ( 1752): uid=0(root) Binder:1752_3 expire 1 line
03-17 10:25:21.225 I/chatty  ( 1752): uid=0(root) Binder:1752_3 expire 1 line
03-17 10:25:23.232 I/chatty  ( 1752): uid=0(root) Binder:1752_3 expire 1 line
03-17 10:25:25.245 I/chatty  ( 1752): uid=0(root) Binder:1752_3 expire 1 line
03-17 10:25:27.255 I/chatty  ( 1752): uid=0(root) Binder:1752_3 expire 1 line
03-17 10:25:29.266 I/chatty  ( 1752): uid=0(root) Binder:1752_3 expire 1 line
03-17 10:25:31.279 I/chatty  ( 1752): uid=0(root) Binder:1752_3 expire 1 line
03-17 10:25:33.296 I/chatty  ( 1752): uid=0(root) Binder:1752_3 expire 1 line
03-17 10:25:35.306 I/chatty  ( 1752): uid=0(root) Binder:1752_3 expire 1 line
03-17 10:25:37.335 I/chatty  ( 1752): uid=0(root) Binder:1752_3 expire 1 line
03-17 10:25:39.350 I/chatty  ( 1752): uid=0(root) Binder:1752_3 expire 1 line
03-17 10:25:41.373 I/chatty  ( 1752): uid=0(root) Binder:1752_3 expire 1 line
03-17 10:25:43.395 I/chatty  ( 1752): uid=0(root) Binder:1752_3 expire 1 line
03-17 10:25:45.403 I/chatty  ( 1752): uid=0(root) Binder:1752_3 expire 1 line
03-17 10:25:47.418 I/chatty  ( 1752): uid=0(root) Binder:1752_3 expire 1 line
03-17 10:25:49.432 I/chatty  ( 1752): uid=0(root) Binder:1752_3 expire 1 line
03-17 10:25:51.447 I/chatty  ( 1752): uid=0(root) Binder:1752_3 expire 1 line
03-17 10:25:53.455 I/chatty  ( 1752): uid=0(root) Binder:1752_3 expire 1 line
03-17 10:25:55.465 I/chatty  ( 1752): uid=0(root) Binder:1752_3 expire 1 line
03-17 10:25:57.474 I/chatty  ( 1752): uid=0(root) Binder:1752_3 expire 1 line
03-17 10:25:59.490 I/chatty  ( 1752): uid=0(root) Binder:1752_3 expire 1 line
03-17 10:26:00.007 D/KeyguardClockSwitch( 2170): Updating clock: 1026
03-17 10:26:01.513 I/chatty  ( 1752): uid=0(root) Binder:1752_3 expire 1 line
03-17 10:26:03.530 I/chatty  ( 1752): uid=0(root) Binder:1752_3 expire 1 line
03-17 10:26:05.545 I/chatty  ( 1752): uid=0(root) Binder:1752_3 expire 1 line
03-17 10:26:07.556 I/chatty  ( 1752): uid=0(root) Binder:1752_3 expire 1 line
03-17 10:26:09.574 I/chatty  ( 1752): uid=0(root) Binder:1752_3 expire 1 line
03-17 10:26:11.601 I/chatty  ( 1752): uid=0(root) Binder:1752_3 expire 1 line
03-17 10:26:13.618 I/chatty  ( 1752): uid=0(root) Binder:1752_3 expire 1 line
03-17 10:26:15.636 I/chatty  ( 1752): uid=0(root) Binder:1752_3 expire 1 line
03-17 10:26:17.647 I/chatty  ( 1752): uid=0(root) Binder:1752_3 expire 1 line
03-17 10:26:19.655 I/chatty  ( 1752): uid=0(root) Binder:1752_3 expire 1 line
03-17 10:26:21.673 I/chatty  ( 1752): uid=0(root) Binder:1752_3 expire 1 line
03-17 10:26:23.696 I/chatty  ( 1752): uid=0(root) Binder:1752_3 expire 1 line
03-17 10:26:25.714 I/chatty  ( 1752): uid=0(root) Binder:1752_3 expire 1 line
03-17 10:26:27.723 I/chatty  ( 1752): uid=0(root) Binder:1752_3 expire 1 line
03-17 10:26:29.737 I/chatty  ( 1752): uid=0(root) Binder:1752_3 expire 1 line
03-17 10:26:31.756 I/chatty  ( 1752): uid=0(root) Binder:1752_3 expire 1 line
03-17 10:26:33.766 I/chatty  ( 1752): uid=0(root) Binder:1752_3 expire 1 line
03-17 10:26:35.788 I/chatty  ( 1752): uid=0(root) Binder:1752_3 expire 1 line
03-17 10:26:37.798 I/chatty  ( 1752): uid=0(root) Binder:1752_3 expire 1 line
03-17 10:26:39.817 I/chatty  ( 1752): uid=0(root) Binder:1752_3 expire 1 line
03-17 10:26:41.837 I/chatty  ( 1752): uid=0(root) Binder:1752_3 expire 1 line
03-17 10:26:43.853 I/chatty  ( 1752): uid=0(root) Binder:1752_3 expire 1 line
03-17 10:26:45.872 I/chatty  ( 1752): uid=0(root) Binder:1752_3 expire 1 line
03-17 10:26:47.925 I/chatty  ( 1752): uid=0(root) Binder:1752_3 expire 1 line
03-17 10:26:49.935 I/chatty  ( 1752): uid=0(root) Binder:1752_3 expire 1 line
03-17 10:26:51.947 I/chatty  ( 1752): uid=0(root) Binder:1752_3 expire 1 line
03-17 10:26:53.996 I/chatty  ( 1752): uid=0(root) Binder:1752_3 expire 1 line
03-17 10:26:56.009 I/chatty  ( 1752): uid=0(root) Binder:1752_3 expire 1 line
03-17 10:26:58.018 I/chatty  ( 1752): uid=0(root) Binder:1752_3 expire 1 line
03-17 10:27:00.013 D/KeyguardClockSwitch( 2170): Updating clock: 1027
03-17 10:27:00.034 I/chatty  ( 1752): uid=0(root) Binder:1752_3 expire 1 line
03-17 10:27:02.044 I/chatty  ( 1752): uid=0(root) Binder:1752_3 expire 1 line
03-17 10:27:04.064 I/chatty  ( 1752): uid=0(root) Binder:1752_3 expire 1 line
03-17 10:27:06.082 I/chatty  ( 1752): uid=0(root) Binder:1752_3 expire 1 line
03-17 10:27:08.099 I/chatty  ( 1752): uid=0(root) Binder:1752_3 expire 1 line
03-17 10:27:10.113 I/chatty  ( 1752): uid=0(root) Binder:1752_3 expire 1 line
03-17 10:27:12.121 I/chatty  ( 1752): uid=0(root) Binder:1752_3 expire 1 line
03-17 10:27:14.137 I/chatty  ( 1752): uid=0(root) Binder:1752_3 expire 1 line
03-17 10:27:16.147 I/chatty  ( 1752): uid=0(root) Binder:1752_3 expire 1 line
03-17 10:27:18.155 I/chatty  ( 1752): uid=0(root) Binder:1752_3 expire 1 line
03-17 10:27:20.168 I/chatty  ( 1752): uid=0(root) Binder:1752_3 expire 1 line
03-17 10:27:22.184 I/chatty  ( 1752): uid=0(root) Binder:1752_3 expire 1 line
03-17 10:27:24.195 I/chatty  ( 1752): uid=0(root) Binder:1752_3 expire 1 line
03-17 10:27:26.204 I/chatty  ( 1752): uid=0(root) Binder:1752_3 expire 1 line
03-17 10:27:28.228 I/chatty  ( 1752): uid=0(root) Binder:1752_3 expire 1 line
03-17 10:27:30.247 I/chatty  ( 1752): uid=0(root) Binder:1752_3 expire 1 line
03-17 10:27:32.265 I/chatty  ( 1752): uid=0(root) Binder:1752_3 expire 1 line
03-17 10:27:34.286 I/chatty  ( 1752): uid=0(root) Binder:1752_3 expire 1 line
03-17 10:27:36.302 I/chatty  ( 1752): uid=0(root) Binder:1752_3 expire 1 line
03-17 10:27:38.316 I/chatty  ( 1752): uid=0(root) Binder:1752_3 expire 1 line
03-17 10:27:40.332 I/chatty  ( 1752): uid=0(root) Binder:1752_3 expire 1 line
03-17 10:27:42.352 I/chatty  ( 1752): uid=0(root) Binder:1752_3 expire 1 line
03-17 10:27:44.364 I/chatty  ( 1752): uid=0(root) Binder:1752_3 expire 1 line
03-17 10:27:46.374 E/ResolverController( 1752): No valid NAT64 prefix (101, <unspecified>/0)
03-17 10:27:48.386 E/ResolverController( 1752): No valid NAT64 prefix (101, <unspecified>/0)
03-17 10:27:50.397 E/ResolverController( 1752): No valid NAT64 prefix (101, <unspecified>/0)
03-17 10:27:52.414 E/ResolverController( 1752): No valid NAT64 prefix (101, <unspecified>/0)
03-17 10:27:54.424 E/ResolverController( 1752): No valid NAT64 prefix (101, <unspecified>/0)
03-17 10:27:56.436 E/ResolverController( 1752): No valid NAT64 prefix (101, <unspecified>/0)
03-17 10:27:58.369 E/netmgr  ( 1918): Failed to open QEMU pipe 'qemud:network': Invalid argument
03-17 10:27:58.448 E/ResolverController( 1752): No valid NAT64 prefix (101, <unspecified>/0)
03-17 10:28:00.017 D/KeyguardClockSwitch( 2170): Updating clock: 1028
03-17 10:28:00.464 E/ResolverController( 1752): No valid NAT64 prefix (101, <unspecified>/0)
03-17 10:28:01.311 E/wifi_forwarder( 1920): RemoteConnection failed to initialize: RemoteConnection failed to open pipe
03-17 10:28:02.475 E/ResolverController( 1752): No valid NAT64 prefix (101, <unspecified>/0)
03-17 10:28:04.495 E/ResolverController( 1752): No valid NAT64 prefix (101, <unspecified>/0)
03-17 10:28:06.505 E/ResolverController( 1752): No valid NAT64 prefix (101, <unspecified>/0)
03-17 10:28:08.515 E/ResolverController( 1752): No valid NAT64 prefix (101, <unspecified>/0)
03-17 10:28:10.536 E/ResolverController( 1752): No valid NAT64 prefix (101, <unspecified>/0)
03-17 10:28:11.806 I/chatty  ( 2159): uid=10112(com.google.android.gms) GoogleLocationS expire 2 lines
03-17 10:28:12.552 E/ResolverController( 1752): No valid NAT64 prefix (101, <unspecified>/0)
03-17 10:28:14.563 E/ResolverController( 1752): No valid NAT64 prefix (101, <unspecified>/0)
03-17 10:28:16.578 E/ResolverController( 1752): No valid NAT64 prefix (101, <unspecified>/0)
03-17 10:28:17.394 E/dhcpclient( 1927): Unable to send message: Failed to send message: Network is down
03-17 10:28:18.584 E/ResolverController( 1752): No valid NAT64 prefix (101, <unspecified>/0)
03-17 10:28:20.597 E/ResolverController( 1752): No valid NAT64 prefix (101, <unspecified>/0)
03-17 10:28:22.603 E/ResolverController( 1752): No valid NAT64 prefix (101, <unspecified>/0)
03-17 10:28:24.624 E/ResolverController( 1752): No valid NAT64 prefix (101, <unspecified>/0)
03-17 10:28:26.643 E/ResolverController( 1752): No valid NAT64 prefix (101, <unspecified>/0)
03-17 10:28:28.664 E/ResolverController( 1752): No valid NAT64 prefix (101, <unspecified>/0)
03-17 10:28:30.673 E/ResolverController( 1752): No valid NAT64 prefix (101, <unspecified>/0)
03-17 10:28:32.684 E/ResolverController( 1752): No valid NAT64 prefix (101, <unspecified>/0)
03-17 10:28:34.702 E/ResolverController( 1752): No valid NAT64 prefix (101, <unspecified>/0)
03-17 10:28:36.713 E/ResolverController( 1752): No valid NAT64 prefix (101, <unspecified>/0)
03-17 10:28:38.728 E/ResolverController( 1752): No valid NAT64 prefix (101, <unspecified>/0)
03-17 10:28:40.740 E/ResolverController( 1752): No valid NAT64 prefix (101, <unspecified>/0)
03-17 10:28:42.796 E/ResolverController( 1752): No valid NAT64 prefix (101, <unspecified>/0)
03-17 10:28:44.813 E/ResolverController( 1752): No valid NAT64 prefix (101, <unspecified>/0)
03-17 10:28:46.866 E/ResolverController( 1752): No valid NAT64 prefix (101, <unspecified>/0)
03-17 10:28:48.888 E/ResolverController( 1752): No valid NAT64 prefix (101, <unspecified>/0)
03-17 10:28:50.897 E/ResolverController( 1752): No valid NAT64 prefix (101, <unspecified>/0)
03-17 10:28:52.922 E/ResolverController( 1752): No valid NAT64 prefix (101, <unspecified>/0)
03-17 10:28:54.935 E/ResolverController( 1752): No valid NAT64 prefix (101, <unspecified>/0)
03-17 10:28:56.951 E/ResolverController( 1752): No valid NAT64 prefix (101, <unspecified>/0)
03-17 10:28:58.382 E/netmgr  ( 1918): Failed to open QEMU pipe 'qemud:network': Invalid argument
03-17 10:28:58.956 E/ResolverController( 1752): No valid NAT64 prefix (101, <unspecified>/0)
03-17 10:29:00.012 D/KeyguardClockSwitch( 2170): Updating clock: 1029
03-17 10:29:00.963 E/ResolverController( 1752): No valid NAT64 prefix (101, <unspecified>/0)
03-17 10:29:01.349 E/wifi_forwarder( 1920): RemoteConnection failed to initialize: RemoteConnection failed to open pipe
03-17 10:29:02.974 E/ResolverController( 1752): No valid NAT64 prefix (101, <unspecified>/0)
03-17 10:29:04.984 E/ResolverController( 1752): No valid NAT64 prefix (101, <unspecified>/0)
03-17 10:29:06.997 E/ResolverController( 1752): No valid NAT64 prefix (101, <unspecified>/0)
03-17 10:29:09.013 E/ResolverController( 1752): No valid NAT64 prefix (101, <unspecified>/0)
03-17 10:29:11.032 E/ResolverController( 1752): No valid NAT64 prefix (101, <unspecified>/0)
03-17 10:29:13.040 E/ResolverController( 1752): No valid NAT64 prefix (101, <unspecified>/0)
03-17 10:29:15.052 E/ResolverController( 1752): No valid NAT64 prefix (101, <unspecified>/0)
03-17 10:29:17.062 E/ResolverController( 1752): No valid NAT64 prefix (101, <unspecified>/0)
03-17 10:29:19.083 E/ResolverController( 1752): No valid NAT64 prefix (101, <unspecified>/0)
03-17 10:29:20.675 E/dhcpclient( 1927): Unable to send message: Failed to send message: Network is down
03-17 10:29:21.090 E/ResolverController( 1752): No valid NAT64 prefix (101, <unspecified>/0)
03-17 10:29:23.108 E/ResolverController( 1752): No valid NAT64 prefix (101, <unspecified>/0)
03-17 10:29:25.129 E/ResolverController( 1752): No valid NAT64 prefix (101, <unspecified>/0)
03-17 10:29:27.138 E/ResolverController( 1752): No valid NAT64 prefix (101, <unspecified>/0)
03-17 10:29:29.154 E/ResolverController( 1752): No valid NAT64 prefix (101, <unspecified>/0)
03-17 10:29:31.163 E/ResolverController( 1752): No valid NAT64 prefix (101, <unspecified>/0)
03-17 10:29:33.173 E/ResolverController( 1752): No valid NAT64 prefix (101, <unspecified>/0)
03-17 10:29:35.184 E/ResolverController( 1752): No valid NAT64 prefix (101, <unspecified>/0)
03-17 10:29:37.192 E/ResolverController( 1752): No valid NAT64 prefix (101, <unspecified>/0)
03-17 10:29:39.210 E/ResolverController( 1752): No valid NAT64 prefix (101, <unspecified>/0)
03-17 10:29:41.223 E/ResolverController( 1752): No valid NAT64 prefix (101, <unspecified>/0)
03-17 10:29:43.232 E/ResolverController( 1752): No valid NAT64 prefix (101, <unspecified>/0)
03-17 10:29:45.245 E/ResolverController( 1752): No valid NAT64 prefix (101, <unspecified>/0)
03-17 10:29:47.252 E/ResolverController( 1752): No valid NAT64 prefix (101, <unspecified>/0)
03-17 10:29:49.268 E/ResolverController( 1752): No valid NAT64 prefix (101, <unspecified>/0)
03-17 10:29:51.277 E/ResolverController( 1752): No valid NAT64 prefix (101, <unspecified>/0)
03-17 10:29:53.295 E/ResolverController( 1752): No valid NAT64 prefix (101, <unspecified>/0)
03-17 10:29:55.305 E/ResolverController( 1752): No valid NAT64 prefix (101, <unspecified>/0)
03-17 10:29:57.368 E/ResolverController( 1752): No valid NAT64 prefix (101, <unspecified>/0)
03-17 10:29:58.395 E/netmgr  ( 1918): Failed to open QEMU pipe 'qemud:network': Invalid argument
03-17 10:29:59.386 E/ResolverController( 1752): No valid NAT64 prefix (101, <unspecified>/0)
03-17 10:30:00.012 D/KeyguardClockSwitch( 2170): Updating clock: 1030
03-17 10:30:01.363 E/wifi_forwarder( 1920): RemoteConnection failed to initialize: RemoteConnection failed to open pipe
03-17 10:30:01.395 E/ResolverController( 1752): No valid NAT64 prefix (101, <unspecified>/0)
03-17 10:30:03.403 E/ResolverController( 1752): No valid NAT64 prefix (101, <unspecified>/0)
03-17 10:30:05.412 E/ResolverController( 1752): No valid NAT64 prefix (101, <unspecified>/0)
03-17 10:30:07.422 E/ResolverController( 1752): No valid NAT64 prefix (101, <unspecified>/0)
03-17 10:30:09.439 E/ResolverController( 1752): No valid NAT64 prefix (101, <unspecified>/0)
03-17 10:30:11.463 E/ResolverController( 1752): No valid NAT64 prefix (101, <unspecified>/0)
03-17 10:30:13.478 E/ResolverController( 1752): No valid NAT64 prefix (101, <unspecified>/0)
03-17 10:30:15.532 E/ResolverController( 1752): No valid NAT64 prefix (101, <unspecified>/0)
03-17 10:30:17.544 E/ResolverController( 1752): No valid NAT64 prefix (101, <unspecified>/0)
03-17 10:30:19.554 E/ResolverController( 1752): No valid NAT64 prefix (101, <unspecified>/0)
03-17 10:30:21.605 E/ResolverController( 1752): No valid NAT64 prefix (101, <unspecified>/0)
03-17 10:30:23.629 E/ResolverController( 1752): No valid NAT64 prefix (101, <unspecified>/0)
03-17 10:30:25.642 E/dhcpclient( 1927): Unable to send message: Failed to send message: Network is down
03-17 10:30:25.643 E/ResolverController( 1752): No valid NAT64 prefix (101, <unspecified>/0)
03-17 10:30:26.673 I/chatty  ( 2159): uid=10112 com.google.android.gms.persistent expire 2 lines
03-17 10:30:26.681 D/NetworkMonitor/101( 2358): Forcing reevaluation for UID 10112. Dns signal count: 0
03-17 10:30:27.657 E/ResolverController( 1752): No valid NAT64 prefix (101, <unspecified>/0)
03-17 10:30:29.674 E/ResolverController( 1752): No valid NAT64 prefix (101, <unspecified>/0)
03-17 10:30:30.528 I/chatty  ( 2008): uid=1000(system) batterystats-wo expire 2 lines
03-17 10:30:30.632 I/netd    ( 1752): trafficSwapActiveStatsMap() <48.69ms>
03-17 10:30:30.648 I/netd    ( 1752): tetherGetStats() <12.27ms>
03-17 10:30:31.686 I/chatty  ( 2159): uid=10112(com.google.android.gms) highpool[0] expire 2 lines
03-17 10:30:31.698 E/ResolverController( 1752): No valid NAT64 prefix (101, <unspecified>/0)
03-17 10:30:33.719 E/ResolverController( 1752): No valid NAT64 prefix (101, <unspecified>/0)
03-17 10:30:35.736 E/ResolverController( 1752): No valid NAT64 prefix (101, <unspecified>/0)
03-17 10:30:36.713 E/DnsResolver( 2358): resNetworkResult:android.system.ErrnoException: resNetworkResult failed: ETIMEDOUT (Connection timed out)
03-17 10:30:36.714 I/chatty  ( 2358): uid=1073(network_stack) com.google.android.networkstack identical 10 lines
03-17 10:30:36.720 E/DnsResolver( 2358): resNetworkResult:android.system.ErrnoException: resNetworkResult failed: ETIMEDOUT (Connection timed out)
03-17 10:30:36.722 D/DnsUtils( 2358): DNS error resolving www.google.com: android.system.ErrnoException: resNetworkResult failed: ETIMEDOUT (Connection timed out)
03-17 10:30:36.725 E/DnsResolver( 2358): resNetworkResult:android.system.ErrnoException: resNetworkResult failed: ETIMEDOUT (Connection timed out)
03-17 10:30:36.725 D/NetworkMonitor/101( 2358): PROBE_DNS www.google.com 10037ms FAIL
03-17 10:30:36.725 D/DnsUtils( 2358): DNS error resolving connectivitycheck.gstatic.com: android.system.ErrnoException: resNetworkResult failed: ETIMEDOUT (Connection timed out)
03-17 10:30:36.725 D/NetworkMonitor/101( 2358): PROBE_DNS connectivitycheck.gstatic.com 10037ms FAIL
03-17 10:30:37.764 E/ResolverController( 1752): No valid NAT64 prefix (101, <unspecified>/0)
03-17 10:30:39.773 E/ResolverController( 1752): No valid NAT64 prefix (101, <unspecified>/0)
03-17 10:30:41.784 E/ResolverController( 1752): No valid NAT64 prefix (101, <unspecified>/0)
03-17 10:30:43.799 E/ResolverController( 1752): No valid NAT64 prefix (101, <unspecified>/0)
03-17 10:30:45.816 E/ResolverController( 1752): No valid NAT64 prefix (101, <unspecified>/0)
03-17 10:30:47.829 E/ResolverController( 1752): No valid NAT64 prefix (101, <unspecified>/0)
03-17 10:30:49.845 E/ResolverController( 1752): No valid NAT64 prefix (101, <unspecified>/0)
03-17 10:30:51.861 E/ResolverController( 1752): No valid NAT64 prefix (101, <unspecified>/0)
03-17 10:30:53.878 E/ResolverController( 1752): No valid NAT64 prefix (101, <unspecified>/0)
03-17 10:30:55.897 E/ResolverController( 1752): No valid NAT64 prefix (101, <unspecified>/0)
03-17 10:30:57.914 E/ResolverController( 1752): No valid NAT64 prefix (101, <unspecified>/0)
03-17 10:30:58.410 E/netmgr  ( 1918): Failed to open QEMU pipe 'qemud:network': Invalid argument
03-17 10:30:59.924 E/ResolverController( 1752): No valid NAT64 prefix (101, <unspecified>/0)
03-17 10:31:00.016 D/KeyguardClockSwitch( 2170): Updating clock: 1031
03-17 10:31:01.411 E/wifi_forwarder( 1920): RemoteConnection failed to initialize: RemoteConnection failed to open pipe
03-17 10:31:01.933 E/ResolverController( 1752): No valid NAT64 prefix (101, <unspecified>/0)
03-17 10:31:03.950 E/ResolverController( 1752): No valid NAT64 prefix (101, <unspecified>/0)
03-17 10:31:05.968 E/ResolverController( 1752): No valid NAT64 prefix (101, <unspecified>/0)
03-17 10:31:06.746 I/chatty  ( 2159): uid=10112 com.google.android.gms.persistent expire 2 lines
03-17 10:31:07.976 E/ResolverController( 1752): No valid NAT64 prefix (101, <unspecified>/0)
03-17 10:31:09.762 D/NetworkMonitor/101( 2358): PROBE_FALLBACK http://www.google.com/gen_204 Probe failed with exception java.net.UnknownHostException: Unable to resolve host "www.google.com": No address associated with hostname
03-17 10:31:09.988 E/ResolverController( 1752): No valid NAT64 prefix (101, <unspecified>/0)
03-17 10:31:11.811 I/netd    ( 1752): trafficSwapActiveStatsMap() <62.08ms>
03-17 10:31:11.827 I/netd    ( 1752): tetherGetStats() <7.25ms>
03-17 10:31:11.869 I/netd    ( 1752): bandwidthSetGlobalAlert(2097152) <1.70ms>
03-17 10:31:11.873 I/chatty  ( 2008): uid=1000(system) android.bg expire 10 lines
03-17 10:31:11.939 D/Zygote  ( 1753): Forked child process 16292
03-17 10:31:11.982 W/droid.apps.map(16292): Unexpected CPU variant for X86 using defaults: x86
03-17 10:31:12.003 E/ResolverController( 1752): No valid NAT64 prefix (101, <unspecified>/0)
03-17 10:31:12.066 I/droid.apps.map(16292): The ClassLoaderContext is a special shared library.
03-17 10:31:12.160 I/droid.apps.map(16292): The ClassLoaderContext is a special shared library.
03-17 10:31:12.689 D/libEGL  (16292): Emulator has host GPU support, qemu.gles is set to 1.
03-17 10:31:12.690 W/libc    (16292): Unable to set property "qemu.gles" to "1": connection failed; errno=13 (Permission denied)
03-17 10:31:12.677 W/DefaultPool3(16292): type=1400 audit(0.0:283): avc: denied { write } for name="property_service" dev="tmpfs" ino=9283 scontext=u:r:untrusted_app:s0:c127,c256,c512,c768 tcontext=u:object_r:property_socket:s0 tclass=sock_file permissive=0 app=com.google.android.apps.maps
03-17 10:31:12.771 D/libEGL  (16292): loaded /vendor/lib/egl/libEGL_emulation.so
03-17 10:31:12.774 D/libEGL  (16292): loaded /vendor/lib/egl/libGLESv1_CM_emulation.so
03-17 10:31:12.778 D/libEGL  (16292): loaded /vendor/lib/egl/libGLESv2_emulation.so
03-17 10:31:12.801 D/HostConnection(16292): HostConnection::get() New Host Connection established 0xd272efa0, tid 16322
03-17 10:31:12.879 D/HostConnection(16292): HostComposition ext ANDROID_EMU_CHECKSUM_HELPER_v1 ANDROID_EMU_native_sync_v2 ANDROID_EMU_native_sync_v3 ANDROID_EMU_native_sync_v4 ANDROID_EMU_dma_v1 ANDROID_EMU_direct_mem ANDROID_EMU_host_composition_v1 ANDROID_EMU_host_composition_v2 ANDROID_EMU_YUV_Cache ANDROID_EMU_sync_buffer_data GL_OES_EGL_image_external_essl3 GL_OES_vertex_array_object GL_KHR_texture_compression_astc_ldr ANDROID_EMU_host_side_tracing ANDROID_EMU_gles_max_version_3_0 
03-17 10:31:12.920 D/EGL_emulation(16292): eglCreateContext: 0xddde29c0: maj 3 min 0 rcv 3
03-17 10:31:12.962 D/EGL_emulation(16292): eglMakeCurrent: 0xddde29c0: ver 3 0 (tinfo 0xdde67a60)
03-17 10:31:13.009 E/BluetoothAdapter(16292): Bluetooth binder is null
03-17 10:31:13.115 I/chatty  ( 2159): uid=10112(com.google.android.gms) Binder:2159_E expire 1 line
03-17 10:31:14.025 E/ResolverController( 1752): No valid NAT64 prefix (101, <unspecified>/0)
03-17 10:31:16.057 E/ResolverController( 1752): No valid NAT64 prefix (101, <unspecified>/0)
03-17 10:31:16.803 D/NetworkMonitor/101( 2358): PROBE_HTTP http://connectivitycheck.gstatic.com/generate_204 Probe failed with exception java.net.UnknownHostException: Unable to resolve host "connectivitycheck.gstatic.com": No address associated with hostname
03-17 10:31:18.075 E/ResolverController( 1752): No valid NAT64 prefix (101, <unspecified>/0)
03-17 10:31:19.764 D/NetworkMonitor/101( 2358): PROBE_HTTPS https://www.google.com/generate_204 Probe failed with exception java.net.UnknownHostException: Unable to resolve host "www.google.com": No address associated with hostname
03-17 10:31:19.776 D/NetworkMonitor/101( 2358): isCaptivePortal: isSuccessful()=false isPortal()=false RedirectUrl=null isPartialConnectivity()=false Time=53082ms
03-17 10:31:19.796 I/chatty  ( 2008): uid=1000(system) android.fg expire 2 lines
03-17 10:31:19.823 I/chatty  ( 2008): uid=1000(system) ClientModeImpl expire 10 lines
03-17 10:31:19.852 D/TelephonyProvider( 2438): subIdString = 1 subId = 1
03-17 10:31:19.893 D/TelephonyProvider( 2438): subIdString = 1 subId = 1
03-17 10:31:19.906 I/CarrierServices( 3426): [200] buo.a: FiST: Wifi connectivity status true
03-17 10:31:19.916 I/CarrierServices( 3426): [200] but.d: Connected state: [1], networkType: [WIFI]
03-17 10:31:19.916 I/CarrierServices( 3426): [235] bbd.handleMessage: RCS is disabled, skipping config update request
03-17 10:31:19.955 E/libc    ( 2438): Access denied finding property "net.radio0.dns1"
03-17 10:31:19.955 E/libc    ( 2438): Access denied finding property "net.radio0.dns2"
03-17 10:31:19.947 W/DcHandlerThread( 2438): type=1400 audit(0.0:284): avc: denied { read } for name="u:object_r:net_radio0_prop:s0" dev="tmpfs" ino=9238 scontext=u:r:radio:s0 tcontext=u:object_r:net_radio0_prop:s0 tclass=file permissive=0
03-17 10:31:19.947 I/chatty  ( 2438): uid=1001(radio) com.android.phone identical 1 line
03-17 10:31:19.987 W/DcHandlerThread( 2438): type=1400 audit(0.0:286): avc: denied { read } for name="u:object_r:net_radio0_prop:s0" dev="tmpfs" ino=9238 scontext=u:r:radio:s0 tcontext=u:object_r:net_radio0_prop:s0 tclass=file permissive=0
03-17 10:31:20.000 E/libc    ( 2438): Access denied finding property "net.radio0.dns1"
03-17 10:31:19.987 W/DcHandlerThread( 2438): type=1400 audit(0.0:287): avc: denied { read } for name="u:object_r:net_radio0_prop:s0" dev="tmpfs" ino=9238 scontext=u:r:radio:s0 tcontext=u:object_r:net_radio0_prop:s0 tclass=file permissive=0
03-17 10:31:20.000 E/libc    ( 2438): Access denied finding property "net.radio0.dns2"
03-17 10:31:20.017 D/TcpSocketMonitor( 1752): resuming tcpinfo polling (interval=30000ms)
03-17 10:31:20.017 I/netd    ( 1752): networkCreatePhysical(108, 0) <0.79ms>
03-17 10:31:20.023 I/netd    ( 1752): createNetworkCache(108) <2.09ms>
03-17 10:31:20.029 I/netd    ( 1752): DnsResolverService::setResolverConfiguration(108, [10.0.2.3], [], 1800, 25, 8, 64, 0, 0, [10.0.2.3], []) -> (0) (4ms)
03-17 10:31:20.029 I/netd    ( 1752): setResolverConfiguration() <4.17ms>
03-17 10:31:20.064 I/netd    ( 1752): networkAddInterface(108, "radio0") <28.47ms>
03-17 10:31:20.067 I/netd    ( 1752): interfaceSetMtu("radio0", 1500) <3.05ms>
03-17 10:31:20.068 I/netd    ( 1752): networkAddRoute(108, "radio0", "10.0.2.0/24", "") <0.42ms>
03-17 10:31:20.069 I/netd    ( 1752): networkAddRoute(108, "radio0", "fe80::/64", "") <0.15ms>
03-17 10:31:20.070 I/netd    ( 1752): networkAddRoute(108, "radio0", "::/0", "fe80::2") <0.18ms>
03-17 10:31:20.070 I/netd    ( 1752): networkAddRoute(108, "radio0", "0.0.0.0/0", "10.0.2.2") <0.09ms>
03-17 10:31:20.072 I/netd    ( 1752): DnsResolverService::setResolverConfiguration(108, [10.0.2.3], [], 1800, 25, 8, 64, 0, 0, [10.0.2.3], []) -> (0) (0.6ms)
03-17 10:31:20.072 I/netd    ( 1752): setResolverConfiguration() <0.68ms>
03-17 10:31:20.096 E/ResolverController( 1752): No valid NAT64 prefix (101, <unspecified>/0)
03-17 10:31:20.124 I/netd    ( 1752): trafficSwapActiveStatsMap() <45.19ms>
03-17 10:31:20.130 I/netd    ( 1752): tetherGetStats() <2.81ms>
03-17 10:31:20.167 I/netd    ( 1752): networkSetPermissionForNetwork(108, 1) <4.03ms>
03-17 10:31:20.179 I/netd    ( 1752): bandwidthRemoveInterfaceQuota("radio0") <6.55ms>
03-17 10:31:20.185 I/netd    ( 1752): bandwidthSetInterfaceQuota("radio0", 9223372036854775807) <4.58ms>
03-17 10:31:20.189 I/netd    ( 1752): bandwidthSetGlobalAlert(2097152) <0.38ms>
03-17 10:31:20.242 I/netd    ( 1752): trafficSwapActiveStatsMap() <45.53ms>
03-17 10:31:20.249 I/netd    ( 1752): tetherGetStats() <2.94ms>
03-17 10:31:20.351 I/netd    ( 1752): trafficSwapActiveStatsMap() <72.37ms>
03-17 10:31:20.355 I/netd    ( 1752): tetherGetStats() <1.50ms>
03-17 10:31:21.110 W/DnsTlsSocket( 1752): SSL_connect error 5, errno=113
03-17 10:31:22.115 E/ResolverController( 1752): No valid NAT64 prefix (101, <unspecified>/0)
03-17 10:31:24.136 E/ResolverController( 1752): No valid NAT64 prefix (101, <unspecified>/0)
03-17 10:31:25.732 I/chatty  ( 3045): uid=10112(com.google.android.gms) HeapTaskDaemon expire 1 line
03-17 10:31:26.149 E/ResolverController( 1752): No valid NAT64 prefix (101, <unspecified>/0)
03-17 10:31:28.164 E/ResolverController( 1752): No valid NAT64 prefix (101, <unspecified>/0)
03-17 10:31:30.033 D/DropBoxManager( 1845): About to call service->add()
03-17 10:31:30.037 D/DropBoxManager( 1845): service->add returned No error
03-17 10:31:30.179 E/ResolverController( 1752): No valid NAT64 prefix (101, <unspecified>/0)
03-17 10:31:30.193 E/DnsResolver( 2358): resNetworkResult:android.system.ErrnoException: resNetworkResult failed: ETIMEDOUT (Connection timed out)
03-17 10:31:30.207 E/DnsResolver( 2358): resNetworkResult:android.system.ErrnoException: resNetworkResult failed: ETIMEDOUT (Connection timed out)
03-17 10:31:30.207 D/DnsUtils( 2358): DNS error resolving www.google.com: android.system.ErrnoException: resNetworkResult failed: ETIMEDOUT (Connection timed out)
03-17 10:31:30.207 D/NetworkMonitor/108( 2358): PROBE_DNS www.google.com 10046ms FAIL
03-17 10:31:30.214 E/DnsResolver( 2358): resNetworkResult:android.system.ErrnoException: resNetworkResult failed: ETIMEDOUT (Connection timed out)
03-17 10:31:30.215 D/DnsUtils( 2358): DNS error resolving connectivitycheck.gstatic.com: android.system.ErrnoException: resNetworkResult failed: ETIMEDOUT (Connection timed out)
03-17 10:31:30.215 D/NetworkMonitor/108( 2358): PROBE_DNS connectivitycheck.gstatic.com 10052ms FAIL
03-17 10:31:30.253 D/DhcpClient( 2358): Received packet: ee:0a:25:14:8f:d5 ACK: your new IP /10.0.2.15, netmask /255.255.255.0, gateways [/10.0.2.2] DNS servers: /10.0.2.3 , lease time 86400
03-17 10:31:30.817 E/DnsResolver( 2358): resNetworkResult:android.system.ErrnoException: resNetworkResult failed: ETIMEDOUT (Connection timed out)
03-17 10:31:30.819 E/DnsResolver( 2358): resNetworkResult:android.system.ErrnoException: resNetworkResult failed: ETIMEDOUT (Connection timed out)
03-17 10:31:30.819 D/DnsUtils( 2358): DNS error resolving connectivitycheck.gstatic.com: android.system.ErrnoException: resNetworkResult failed: ETIMEDOUT (Connection timed out)
03-17 10:31:30.819 E/DnsResolver( 2358): resNetworkResult:android.system.ErrnoException: resNetworkResult failed: ETIMEDOUT (Connection timed out)
03-17 10:31:30.819 D/NetworkMonitor/101( 2358): PROBE_DNS connectivitycheck.gstatic.com 10029ms FAIL
03-17 10:31:30.820 D/DnsUtils( 2358): DNS error resolving www.google.com: android.system.ErrnoException: resNetworkResult failed: ETIMEDOUT (Connection timed out)
03-17 10:31:30.820 D/NetworkMonitor/101( 2358): PROBE_DNS www.google.com 10032ms FAIL
03-17 10:31:32.197 E/ResolverController( 1752): No valid NAT64 prefix (101, <unspecified>/0)
03-17 10:31:34.211 E/ResolverController( 1752): No valid NAT64 prefix (101, <unspecified>/0)
03-17 10:31:36.223 E/ResolverController( 1752): No valid NAT64 prefix (101, <unspecified>/0)
03-17 10:31:38.235 E/ResolverController( 1752): No valid NAT64 prefix (101, <unspecified>/0)
03-17 10:31:40.245 E/ResolverController( 1752): No valid NAT64 prefix (101, <unspecified>/0)
03-17 10:31:42.267 E/ResolverController( 1752): No valid NAT64 prefix (101, <unspecified>/0)
03-17 10:31:44.286 E/ResolverController( 1752): No valid NAT64 prefix (101, <unspecified>/0)
03-17 10:31:46.306 E/ResolverController( 1752): No valid NAT64 prefix (101, <unspecified>/0)
03-17 10:31:46.828 I/chatty  ( 2159): uid=10112 com.google.android.gms.persistent expire 3 lines
03-17 10:31:48.330 E/ResolverController( 1752): No valid NAT64 prefix (101, <unspecified>/0)
03-17 10:31:50.347 E/ResolverController( 1752): No valid NAT64 prefix (101, <unspecified>/0)
03-17 10:31:52.361 E/ResolverController( 1752): No valid NAT64 prefix (101, <unspecified>/0)
03-17 10:31:54.377 E/ResolverController( 1752): No valid NAT64 prefix (101, <unspecified>/0)
03-17 10:31:56.392 E/ResolverController( 1752): No valid NAT64 prefix (101, <unspecified>/0)
03-17 10:31:58.405 E/ResolverController( 1752): No valid NAT64 prefix (101, <unspecified>/0)
03-17 10:31:58.437 E/netmgr  ( 1918): Failed to open QEMU pipe 'qemud:network': Invalid argument
03-17 10:32:00.018 D/KeyguardClockSwitch( 2170): Updating clock: 1032
03-17 10:32:00.429 E/ResolverController( 1752): No valid NAT64 prefix (101, <unspecified>/0)
03-17 10:32:01.478 E/wifi_forwarder( 1920): RemoteConnection failed to initialize: RemoteConnection failed to open pipe
03-17 10:32:02.446 E/ResolverController( 1752): No valid NAT64 prefix (101, <unspecified>/0)
03-17 10:32:04.462 E/ResolverController( 1752): No valid NAT64 prefix (101, <unspecified>/0)
03-17 10:32:05.929 W/id.networkstac( 2358): Reducing the number of considered missed Gc histogram windows from 165 to 100
03-17 10:32:06.472 E/ResolverController( 1752): No valid NAT64 prefix (101, <unspecified>/0)
03-17 10:32:08.497 E/ResolverController( 1752): No valid NAT64 prefix (101, <unspecified>/0)
03-17 10:32:10.274 D/NetworkMonitor/108( 2358): PROBE_FALLBACK http://www.google.com/gen_204 Probe failed with exception java.net.UnknownHostException: Unable to resolve host "www.google.com": No address associated with hostname
03-17 10:32:10.276 D/NetworkMonitor/108( 2358): PROBE_HTTP http://connectivitycheck.gstatic.com/generate_204 Probe failed with exception java.net.UnknownHostException: Unable to resolve host "connectivitycheck.gstatic.com": No address associated with hostname
03-17 10:32:10.515 E/ResolverController( 1752): No valid NAT64 prefix (101, <unspecified>/0)
03-17 10:32:10.886 D/NetworkMonitor/101( 2358): PROBE_FALLBACK http://www.google.com/gen_204 Probe failed with exception java.net.UnknownHostException: Unable to resolve host "www.google.com": No address associated with hostname
03-17 10:32:10.887 D/NetworkMonitor/101( 2358): PROBE_HTTP http://connectivitycheck.gstatic.com/generate_204 Probe failed with exception java.net.UnknownHostException: Unable to resolve host "connectivitycheck.gstatic.com": No address associated with hostname
03-17 10:32:12.530 E/ResolverController( 1752): No valid NAT64 prefix (101, <unspecified>/0)
03-17 10:32:14.545 E/ResolverController( 1752): No valid NAT64 prefix (101, <unspecified>/0)
03-17 10:32:16.556 E/ResolverController( 1752): No valid NAT64 prefix (101, <unspecified>/0)
03-17 10:32:18.572 E/ResolverController( 1752): No valid NAT64 prefix (101, <unspecified>/0)
03-17 10:32:20.298 D/NetworkMonitor/108( 2358): PROBE_HTTPS https://www.google.com/generate_204 Probe failed with exception java.net.UnknownHostException: Unable to resolve host "www.google.com": No address associated with hostname
03-17 10:32:20.323 D/NetworkMonitor/108( 2358): isCaptivePortal: isSuccessful()=false isPortal()=false RedirectUrl=null isPartialConnectivity()=false Time=60142ms
03-17 10:32:20.585 E/ResolverController( 1752): No valid NAT64 prefix (101, <unspecified>/0)
03-17 10:32:20.907 D/NetworkMonitor/101( 2358): PROBE_HTTPS https://www.google.com/generate_204 Probe failed with exception java.net.UnknownHostException: Unable to resolve host "www.google.com": No address associated with hostname
03-17 10:32:20.915 D/NetworkMonitor/101( 2358): isCaptivePortal: isSuccessful()=false isPortal()=false RedirectUrl=null isPartialConnectivity()=false Time=60126ms
03-17 10:32:22.600 E/ResolverController( 1752): No valid NAT64 prefix (101, <unspecified>/0)
03-17 10:32:24.618 E/ResolverController( 1752): No valid NAT64 prefix (101, <unspecified>/0)
03-17 10:32:26.639 E/ResolverController( 1752): No valid NAT64 prefix (101, <unspecified>/0)
03-17 10:32:28.656 E/ResolverController( 1752): No valid NAT64 prefix (101, <unspecified>/0)
03-17 10:32:30.673 E/ResolverController( 1752): No valid NAT64 prefix (101, <unspecified>/0)
03-17 10:32:31.355 E/DnsResolver( 2358): resNetworkResult:android.system.ErrnoException: resNetworkResult failed: ETIMEDOUT (Connection timed out)
03-17 10:32:31.360 E/DnsResolver( 2358): resNetworkResult:android.system.ErrnoException: resNetworkResult failed: ETIMEDOUT (Connection timed out)
03-17 10:32:31.360 D/DnsUtils( 2358): DNS error resolving www.google.com: android.system.ErrnoException: resNetworkResult failed: ETIMEDOUT (Connection timed out)
03-17 10:32:31.360 E/DnsResolver( 2358): resNetworkResult:android.system.ErrnoException: resNetworkResult failed: ETIMEDOUT (Connection timed out)
03-17 10:32:31.361 D/NetworkMonitor/108( 2358): PROBE_DNS www.google.com 10028ms FAIL
03-17 10:32:31.367 E/DnsResolver( 2358): resNetworkResult:android.system.ErrnoException: resNetworkResult failed: ETIMEDOUT (Connection timed out)
03-17 10:32:31.367 D/DnsUtils( 2358): DNS error resolving connectivitycheck.gstatic.com: android.system.ErrnoException: resNetworkResult failed: ETIMEDOUT (Connection timed out)
03-17 10:32:31.367 D/NetworkMonitor/108( 2358): PROBE_DNS connectivitycheck.gstatic.com 10033ms FAIL
03-17 10:32:32.696 E/ResolverController( 1752): No valid NAT64 prefix (101, <unspecified>/0)
03-17 10:32:32.953 E/DnsResolver( 2358): resNetworkResult:android.system.ErrnoException: resNetworkResult failed: ETIMEDOUT (Connection timed out)
03-17 10:32:32.963 E/DnsResolver( 2358): resNetworkResult:android.system.ErrnoException: resNetworkResult failed: ETIMEDOUT (Connection timed out)
03-17 10:32:32.963 D/DnsUtils( 2358): DNS error resolving www.google.com: android.system.ErrnoException: resNetworkResult failed: ETIMEDOUT (Connection timed out)
03-17 10:32:32.964 E/DnsResolver( 2358): resNetworkResult:android.system.ErrnoException: resNetworkResult failed: ETIMEDOUT (Connection timed out)
03-17 10:32:32.964 D/DnsUtils( 2358): DNS error resolving connectivitycheck.gstatic.com: android.system.ErrnoException: resNetworkResult failed: ETIMEDOUT (Connection timed out)
03-17 10:32:32.964 D/NetworkMonitor/101( 2358): PROBE_DNS www.google.com 10037ms FAIL
03-17 10:32:32.964 D/NetworkMonitor/101( 2358): PROBE_DNS connectivitycheck.gstatic.com 10034ms FAIL
