03-17 10:03:25.262 I/Bugle   (15094): Carrier configs loaded: Bundle[{carrier_volte_provisioned_bool=false, disable_charge_indication_bool=false, support_tdscdma_bool=false, httpSocketTimeout=60000, call_redirection_service_component_name_string=null, carrier_wfc_supports_wifi_only_bool=true, carrier_default_actions_on_default_network_available_string_array=[false: 7, true: 8], operator_selection_expand_bool=true, disable_cdma_activation_code_bool=false, simplified_network_settings_bool=false, support_tdscdma_roaming_networks_string_array=null, gps.lpp_profile=0, call_barring_visibility_bool=false, gps.es_extension_sec=0, enable_apps_string_array=null, carrier_default_wfc_ims_roaming_enabled_bool=true, cdma_nonroaming_networks_string_array=null, aliasMinChars=2, wfc_data_spn_format_idx_int=0, hide_sim_lock_settings_bool=false, drop_video_call_when_answering_audio_call_bool=false, ci_action_on_sys_update_bool=false, convert_cdma_caller_id_mmi_codes_while_roaming_on_3gpp_bool=false, support_enhanced_call_blocking_bool=true, vvm_port_number_int=1808, carrier_default_wfc_ims_enabled_bool=false, dial_string_replace_string_array=null, opportunistic_network_entry_threshold_bandwidth_int=1024, gsm_nonroaming_networks_string_array=null, hide_ims_apn_bool=false, vvm_destination_number_string=122, dtmf_type_enabled_bool=false, allow_video_calling_fallback_bool=true, config_ims_package_override_string=com.google.android.ims, only_auto_select_in_home_network=false, smsToMmsTextThreshold=-1, disable_severe_when_extreme_disabled_bool=true, force_home_network_bool=false, spdi_override_string_array=null, show_wfc_location_privacy_policy_bool=false, gps.supl_es=1, enableSMSDeliveryReports=true, auto_retry_enabled_bool=false, opportunistic_network_entry_threshold_rssnr_int=45, play_call_recording_tone_bool=false, carrier_force_disable_etws_cmas_test_bool=false, call_waiting_service_class_int=1, allow_emergency_video_calls_bool=false, csp_enabled_bool=false, default_sim_call_manager_string=, wifi.passpoint_profiles_string_array=null, carrier_app_required_during_setup_bool=false, call_forwarding_blocks_while_roaming_string_array=null, emergency_notification_delay_int=-1, support_video_conference_call_bool=false, ims_dtmf_tone_delay_int=0, show_signal_strength_in_sim_status_bool=true, data_rapid_notification_bool=true, carrier_instant_lettering_escaped_chars_string=, carrier_default_wfc_ims_roaming_mode_int=2, editable_wfc_mode_bool=true, support_direct_fdn_dialing_bool=false, carrier_ut_provisioning_required_bool=false, carrier_wifi_string_array=null, treat_downgraded_video_calls_as_video_calls_bool=false, wifi_calls_can_be_hd_audio=true, support_downgrade_vt_to_audio_bool=true, cdma_enhanced_roaming_indicator_for_home_network_int_array=[1], notify_handover_video_from_lte_to_wifi_bool=false, use_otasp_for_provisioning_bool=false, always_play_remote_hold_tone_bool=false, opportunistic_network_data_switch_hysteresis_time_long=10000, maxMessageTextSize=-1, duration_blocking_disabled_after_emergency_int=7200, carrier_metered_roaming_apn_types_strings=[default, mms, dun, supl], additional_settings_call_waiting_visibility_bool=true, show_video_call_charges_alert_dialog_bool=false, carrier_network_service_wlan_package_override_string=, show_apn_setting_cdma_bool=false, use_usim_bool=false, carrier_instant_lettering_length_limit_int=64, operator_name_filter_pattern_string=, carrier_instant_lettering_invalid_chars_string=, carrier_setup_app_string=, editable_wfc_roaming_mode_bool=false, supportMmsContentDisposition=true, support_manage_ims_conference_call_bool=true, opportunistic_network_exit_threshold_rssnr_int=10, allow_non_emergency_calls_in_ecm_bool=true, allow_cdma_eri_bool=false, carrier_data_service_wlan_package_override_string=, show_carrier_data_icon_pattern_string=, use_rcs_presence_bool=false, config_telephony_use_own_number_for_voicemail_bool=false, cdma_dtmf_tone_delay_int=100, editable_voicemail_number_bool=false, carrier_data_call_apn_retry_after_disconnect_long=10000, filtered_cnap_names_string_array=null, enabledTransID=false, aliasEna
03-17 10:03:25.303 I/MultiDex(15146): VM with version 2.1.0 has multidex support
03-17 10:03:25.303 I/MultiDex(15146): install
03-17 10:03:25.303 I/MultiDex(15146): VM has multidex support, MultiDex support library is disabled.
03-17 10:03:25.551 W/DiskBasedLogger(15146): Disk-based log buffer doesn't exist, so there's nothing to clean up.
03-17 10:03:25.704 W/GrowthKit(14997): Failed to get phenotypeManager in PhenotypeBroadcastReceiver
03-17 10:03:25.704 W/GrowthKit(14997): java.lang.NullPointerException: Unable to get GrowthKit Component from host app.
03-17 10:03:25.704 W/GrowthKit(14997): 	at com.google.android.libraries.internal.growth.growthkit.inject.GrowthKit.get(GrowthKit.java:43)
03-17 10:03:25.704 W/GrowthKit(14997): 	at com.google.android.libraries.internal.growth.growthkit.internal.experiments.impl.PhenotypeBroadcastReceiver.onReceive(PhenotypeBroadcastReceiver.java:25)
03-17 10:03:25.704 W/GrowthKit(14997): 	at android.app.ActivityThread.handleReceiver(ActivityThread.java:3788)
03-17 10:03:25.704 W/GrowthKit(14997): 	at android.app.ActivityThread.access$1400(ActivityThread.java:219)
03-17 10:03:25.704 W/GrowthKit(14997): 	at android.app.ActivityThread$H.handleMessage(ActivityThread.java:1870)
03-17 10:03:25.704 W/GrowthKit(14997): 	at android.os.Handler.dispatchMessage(Handler.java:107)
03-17 10:03:25.704 W/GrowthKit(14997): 	at android.os.Looper.loop(Looper.java:214)
03-17 10:03:25.704 W/GrowthKit(14997): 	at android.app.ActivityThread.main(ActivityThread.java:7356)
03-17 10:03:25.704 W/GrowthKit(14997): 	at java.lang.reflect.Method.invoke(Native Method)
03-17 10:03:25.704 W/GrowthKit(14997): 	at com.android.internal.os.RuntimeInit$MethodAndArgsCaller.run(RuntimeInit.java:492)
03-17 10:03:25.704 W/GrowthKit(14997): 	at com.android.internal.os.ZygoteInit.main(ZygoteInit.java:930)
03-17 10:03:26.156 W/.apps.messagin(15094): Long monitor contention with owner AsyncTask #3 (15145) at java.lang.String java.lang.String.intern()(String.java:-2) waiters=0 in java.util.zip.ZipEntry java.util.zip.ZipFile.getEntry(java.lang.String) for 750ms
03-17 10:03:26.288 I/BugleRcsEngine(15094): [1436] oil.updateSimInfo: Updated SIM info: currentSimId: [4vfUjdK1ylI-cxPPS6D26oMLYoE]; imsi: [zSrOMA1mh9Q6-7rLJrQ5Pkv1PBs]; rawMsisdn: [S91Pkp86EGIlPk5Ja6-6C9-123U]; formattedMsisdn: ; mccmnc: [GMS5WK9CKM8_bx5id3TvJ4VbDjI] isFiDevice: false;
03-17 10:03:26.309 I/BugleRcsEngine(15094): [1436] oil.sendBroadcastSimState: Broadcasting Intent { act=com.google.android.ims.SIM_LOADED (has extras) }
03-17 10:03:26.315 I/BugleRcs(15094): RcsAvailability: updating
03-17 10:03:26.315 I/Bugle   (15094): SimChangeReceiver: action: com.google.android.ims.SIM_LOADED
03-17 10:03:26.315 I/BugleRcs(15094): RcsAvailability: No minimum Cs.apk version is set, not checking Cs.apk version
03-17 10:03:26.320 I/BugleRcs(15094): RCS is disabled via P/H
03-17 10:03:26.321 I/BugleRcs(15094): RcsAvailability: config server url unavailable - Carrier is not RCS enabled
03-17 10:03:26.337 I/BugleRcs(15094): RcsAvailability: already updating
03-17 10:03:26.406 I/chatty  ( 1752): uid=0(root) Binder:1752_3 expire 2 lines
03-17 10:03:26.502 E/Bugle   (15094): RcsUtils. Error getting default configuration value for fallback setting
03-17 10:03:26.503 E/Bugle   (15094): snp: Jibe SDK Service not available. Is the Jibe SDK service running? Did you call connect() and wait for the notification before calling an API function?
03-17 10:03:26.503 E/Bugle   (15094): 	at snl.b(SourceFile:73)
03-17 10:03:26.503 E/Bugle   (15094): 	at com.google.android.rcs.client.profile.RcsProfileService.getRcsConfig(SourceFile:54)
03-17 10:03:26.503 E/Bugle   (15094): 	at gnz.a(SourceFile:3)
03-17 10:03:26.503 E/Bugle   (15094): 	at dbo.getAppSettings(SourceFile:1606)
03-17 10:03:26.503 E/Bugle   (15094): 	at com.google.android.apps.messaging.shared.analytics.RecurringTelemetryUploaderAction.doBackgroundWork(SourceFile:264)
03-17 10:03:26.503 E/Bugle   (15094): 	at dyl.a(SourceFile:3)
03-17 10:03:26.503 E/Bugle   (15094): 	at dxy.run(SourceFile:18)
03-17 10:03:26.503 E/Bugle   (15094): 	at java.util.concurrent.ThreadPoolExecutor.runWorker(ThreadPoolExecutor.java:1167)
03-17 10:03:26.503 E/Bugle   (15094): 	at java.util.concurrent.ThreadPoolExecutor$Worker.run(ThreadPoolExecutor.java:641)
03-17 10:03:26.503 E/Bugle   (15094): 	at java.lang.Thread.run(Thread.java:919)
03-17 10:03:26.511 I/ShortcutBadger(15094): Checking if platform supports badge counters, attempt 1/3.
03-17 10:03:26.518 I/ShortcutBadger(15094): Checking if platform supports badge counters, attempt 2/3.
03-17 10:03:26.521 I/ShortcutBadger(15094): Checking if platform supports badge counters, attempt 3/3.
03-17 10:03:26.524 W/ShortcutBadger(15094): Badge counter seems not supported in this platform: unable to resolve intent: Intent { act=android.intent.action.BADGE_COUNT_UPDATE (has extras) }
03-17 10:03:26.583 I/Bugle   (15094): CountryCodeDetector: updateMainDeviceCountry from default subscription network country. detected country: us
03-17 10:03:26.921 I/chatty  ( 2494): uid=10112(com.google.android.gms) HeapTaskDaemon expire 1 line
03-17 10:03:26.979 I/MicroDetectionWorker( 3469): #startMicroDetector [speakerMode: 0]
03-17 10:03:27.013 W/ErrorReporter( 3469): reportError [type: 211, code: 393244, bug: 0]: errorCode: 393244, engine: 0
03-17 10:03:27.027 I/MicroDetector( 3469): Keeping mic open: false
03-17 10:03:27.027 I/MicroDetectionWorker( 3469): #onError(false)
03-17 10:03:27.034 W/DeviceStateChecker( 3469): stopped because hotword detection is stopped but cancel is not called.
03-17 10:03:29.196 W/BugleDataModel(15094): ActionExecutorImpl: Action started execution, but we can't guarantee it will complete, the app may be killed. Action: class com.google.android.apps.messaging.shared.datamodel.action.FixupMessageStatusOnStartupAction-FixupMessageStatusOnStartupAction:142373290001
03-17 10:03:29.196 W/BugleDataModel(15094): java.lang.IllegalStateException: Not allowed to start service Intent { cmp=com.google.android.apps.messaging/.shared.datamodel.action.execution.ActionExecutorImpl$EmptyService }: app is in background uid UidRecord{466b23a u0a131 CEM  idle change:cached procs:1 seq(0,0,0)}
03-17 10:03:29.196 W/BugleDataModel(15094): 	at android.app.ContextImpl.startServiceCommon(ContextImpl.java:1616)
03-17 10:03:29.196 W/BugleDataModel(15094): 	at android.app.ContextImpl.startService(ContextImpl.java:1571)
03-17 10:03:29.196 W/BugleDataModel(15094): 	at android.content.ContextWrapper.startService(ContextWrapper.java:669)
03-17 10:03:29.196 W/BugleDataModel(15094): 	at com.google.android.apps.messaging.shared.datamodel.action.execution.ActionExecutorImpl.e(SourceFile:107)
03-17 10:03:29.196 W/BugleDataModel(15094): 	at com.google.android.apps.messaging.shared.datamodel.action.execution.ActionExecutorImpl.a(SourceFile:19)
03-17 10:03:29.196 W/BugleDataModel(15094): 	at com.google.android.apps.messaging.shared.datamodel.action.execution.ActionExecutorImpl.a(SourceFile:16)
03-17 10:03:29.196 W/BugleDataModel(15094): 	at dya.c(SourceFile:12)
03-17 10:03:29.196 W/BugleDataModel(15094): 	at dyb.run(Unknown Source:2)
03-17 10:03:29.196 W/BugleDataModel(15094): 	at android.os.Handler.handleCallback(Handler.java:883)
03-17 10:03:29.196 W/BugleDataModel(15094): 	at android.os.Handler.dispatchMessage(Handler.java:100)
03-17 10:03:29.196 W/BugleDataModel(15094): 	at android.os.Looper.loop(Looper.java:214)
03-17 10:03:29.196 W/BugleDataModel(15094): 	at android.app.ActivityThread.main(ActivityThread.java:7356)
03-17 10:03:29.196 W/BugleDataModel(15094): 	at java.lang.reflect.Method.invoke(Native Method)
03-17 10:03:29.196 W/BugleDataModel(15094): 	at com.android.internal.os.RuntimeInit$MethodAndArgsCaller.run(RuntimeInit.java:492)
03-17 10:03:29.196 W/BugleDataModel(15094): 	at com.android.internal.os.ZygoteInit.main(ZygoteInit.java:930)
03-17 10:03:29.201 W/BugleDataModel(15094): ActionExecutorImpl: Action started execution, but we can't guarantee it will complete, the app may be killed. Action: class com.google.android.apps.messaging.shared.datamodel.action.ProcessPendingMessagesAction-ProcessPendingMessagesAction:142373290002
03-17 10:03:29.201 W/BugleDataModel(15094): java.lang.IllegalStateException: Not allowed to start service Intent { cmp=com.google.android.apps.messaging/.shared.datamodel.action.execution.ActionExecutorImpl$EmptyService }: app is in background uid UidRecord{466b23a u0a131 CEM  idle change:cached procs:1 seq(0,0,0)}
03-17 10:03:29.201 W/BugleDataModel(15094): 	at android.app.ContextImpl.startServiceCommon(ContextImpl.java:1616)
03-17 10:03:29.201 W/BugleDataModel(15094): 	at android.app.ContextImpl.startService(ContextImpl.java:1571)
03-17 10:03:29.201 W/BugleDataModel(15094): 	at android.content.ContextWrapper.startService(ContextWrapper.java:669)
03-17 10:03:29.201 W/BugleDataModel(15094): 	at com.google.android.apps.messaging.shared.datamodel.action.execution.ActionExecutorImpl.e(SourceFile:107)
03-17 10:03:29.201 W/BugleDataModel(15094): 	at com.google.android.apps.messaging.shared.datamodel.action.execution.ActionExecutorImpl.a(SourceFile:19)
03-17 10:03:29.201 W/BugleDataModel(15094): 	at com.google.android.apps.messaging.shared.datamodel.action.execution.ActionExecutorImpl.a(SourceFile:16)
03-17 10:03:29.201 W/BugleDataModel(15094): 	at dya.c(SourceFile:12)
03-17 10:03:29.201 W/BugleDataModel(15094): 	at dyb.run(Unknown Source:2)
03-17 10:03:29.201 W/BugleDataModel(15094): 	at android.os.Handler.handleCallback(Handler.java:883)
03-17 10:03:29.201 W/BugleDataModel(15094): 	at android.os.Handler.dispatchMessage(Handler.java:100)
03-17 10:03:29.201 W/BugleDataModel(15094): 	at android.os.Looper.loop(Looper.java:214)
03-17 10:03:29.201 W/BugleDataModel(15094): 	at android.app.ActivityThread.main(ActivityThread.java:7356)
03-17 10:03:29.201 W/BugleDataModel(15094): 	at java.lang.reflect.Method.invoke(Native Method)
03-17 10:03:29.201 W/BugleDataModel(15094): 	at com.android.internal.os.RuntimeInit$MethodAndArgsCaller.run(RuntimeInit.java:492)
03-17 10:03:29.201 W/BugleDataModel(15094): 	at com.android.internal.os.ZygoteInit.main(ZygoteInit.java:930)
03-17 10:03:29.203 I/BugleDataModel(15094): FixupMessageStatusOnStartupAction: sendFailedCnt: 0, downloadFailedCnt: 0, partsProcessingFailedCnt: 0
03-17 10:03:29.207 I/BugleDataModel(15094): PendingMessagesProcessor: process from FixupMessageStatusOnStartupAction due to connectivity changed with queues:
03-17 10:03:29.207 I/BugleDataModel(15094): ProcessPendingMessagesTimers: cleared next retry time for channel sms_send 
03-17 10:03:29.208 I/BugleDataModel(15094): ProcessPendingMessagesTimers: cleared next retry time for channel mms_send 
03-17 10:03:29.208 I/BugleDataModel(15094): ProcessPendingMessagesTimers: cleared next retry time for channel mms_download 
03-17 10:03:29.208 I/BugleDataModel(15094): ProcessPendingMessagesTimers: cleared next retry time for channel rcs_send 
03-17 10:03:29.208 I/BugleDataModel(15094): ProcessPendingMessagesTimers: cleared next retry time for channel rcs_ft_upload 
03-17 10:03:29.208 I/BugleDataModel(15094): ProcessPendingMessagesTimers: cleared next retry time for channel rcs_ft_download 
03-17 10:03:29.208 I/BugleDataModel(15094): ProcessPendingMessagesTimers: cleared next retry time for channel cloud_sync_send 
03-17 10:03:29.208 I/BugleDataModel(15094): ProcessPendingMessagesTimers: cleared next retry time for channel cloud_sync_attachment_download 
03-17 10:03:29.211 I/BugleDataModel(15094): PendingMessagesProcessor: process from ProcessPendingMessagesAction due to scheduled processing with queues:
03-17 10:03:30.819 W/BugleDataModel(15094): ActionExecutorImpl: Action started execution, but we can't guarantee it will complete, the app may be killed. Action: class com.google.android.apps.messaging.shared.datamodel.action.GenericWorkerQueueAction-GenericWorkerQueueAction:142373290008
03-17 10:03:30.819 W/BugleDataModel(15094): java.lang.IllegalStateException: Not allowed to start service Intent { cmp=com.google.android.apps.messaging/.shared.datamodel.action.execution.ActionExecutorImpl$EmptyService }: app is in background uid UidRecord{466b23a u0a131 CEM  idle change:cached procs:1 seq(0,0,0)}
03-17 10:03:30.819 W/BugleDataModel(15094): 	at android.app.ContextImpl.startServiceCommon(ContextImpl.java:1616)
03-17 10:03:30.819 W/BugleDataModel(15094): 	at android.app.ContextImpl.startService(ContextImpl.java:1571)
03-17 10:03:30.819 W/BugleDataModel(15094): 	at android.content.ContextWrapper.startService(ContextWrapper.java:669)
03-17 10:03:30.819 W/BugleDataModel(15094): 	at com.google.android.apps.messaging.shared.datamodel.action.execution.ActionExecutorImpl.e(SourceFile:107)
03-17 10:03:30.819 W/BugleDataModel(15094): 	at com.google.android.apps.messaging.shared.datamodel.action.execution.ActionExecutorImpl.a(SourceFile:19)
03-17 10:03:30.819 W/BugleDataModel(15094): 	at com.google.android.apps.messaging.shared.datamodel.action.execution.ActionExecutorImpl.a(SourceFile:16)
03-17 10:03:30.819 W/BugleDataModel(15094): 	at dya.c(SourceFile:12)
03-17 10:03:30.819 W/BugleDataModel(15094): 	at dyb.run(Unknown Source:2)
03-17 10:03:30.819 W/BugleDataModel(15094): 	at android.os.Handler.handleCallback(Handler.java:883)
03-17 10:03:30.819 W/BugleDataModel(15094): 	at android.os.Handler.dispatchMessage(Handler.java:100)
03-17 10:03:30.819 W/BugleDataModel(15094): 	at android.os.Looper.loop(Looper.java:214)
03-17 10:03:30.819 W/BugleDataModel(15094): 	at android.app.ActivityThread.main(ActivityThread.java:7356)
03-17 10:03:30.819 W/BugleDataModel(15094): 	at java.lang.reflect.Method.invoke(Native Method)
03-17 10:03:30.819 W/BugleDataModel(15094): 	at com.android.internal.os.RuntimeInit$MethodAndArgsCaller.run(RuntimeInit.java:492)
03-17 10:03:30.819 W/BugleDataModel(15094): 	at com.android.internal.os.ZygoteInit.main(ZygoteInit.java:930)
03-17 10:03:32.030 I/MicroDetectionWorker( 3469): #startMicroDetector [speakerMode: 0]
03-17 10:03:32.031 W/ErrorReporter( 3469): reportError [type: 211, code: 393244, bug: 0]: errorCode: 393244, engine: 0
03-17 10:03:32.031 I/MicroDetector( 3469): Keeping mic open: false
03-17 10:03:32.031 I/MicroDetectionWorker( 3469): #onError(false)
03-17 10:03:37.036 I/MicroDetectionWorker( 3469): #startMicroDetector [speakerMode: 0]
03-17 10:03:37.038 W/ErrorReporter( 3469): reportError [type: 211, code: 393244, bug: 0]: errorCode: 393244, engine: 0
03-17 10:03:37.039 I/MicroDetector( 3469): Keeping mic open: false
03-17 10:03:37.039 I/MicroDetectionWorker( 3469): #onError(false)
03-17 10:03:38.459 I/chatty  ( 2008): uid=1000(system) android.bg expire 10 lines
03-17 10:03:38.497 I/chatty  ( 2159): uid=10112 com.google.android.gms.persistent expire 1 line
03-17 10:03:38.763 I/chatty  ( 2159): uid=10112 com.google.android.gms.persistent expire 1 line
03-17 10:03:38.772 I/chatty  ( 2159): uid=10112 com.google.android.gms.persistent expire 1 line
03-17 10:03:39.376 I/chatty  ( 2159): uid=10112(com.google.android.gms) HeapTaskDaemon expire 1 line
03-17 10:03:40.296 I/chatty  ( 1753): uid=0(root) main expire 5 lines
03-17 10:03:42.042 I/MicroDetectionWorker( 3469): #startMicroDetector [speakerMode: 0]
03-17 10:03:42.043 W/ErrorReporter( 3469): reportError [type: 211, code: 393244, bug: 0]: errorCode: 393244, engine: 0
03-17 10:03:42.044 I/MicroDetector( 3469): Keeping mic open: false
03-17 10:03:42.044 I/MicroDetectionWorker( 3469): #onError(false)
03-17 10:03:44.305 I/chatty  ( 1927): uid=0(root) /vendor/bin/dhcpclient expire 4 lines
03-17 10:03:47.049 I/MicroDetectionWorker( 3469): #startMicroDetector [speakerMode: 0]
03-17 10:03:47.050 W/ErrorReporter( 3469): reportError [type: 211, code: 393244, bug: 0]: errorCode: 393244, engine: 0
03-17 10:03:47.051 I/MicroDetector( 3469): Keeping mic open: false
03-17 10:03:47.051 I/MicroDetectionWorker( 3469): #onError(false)
03-17 10:03:52.054 I/MicroDetectionWorker( 3469): #startMicroDetector [speakerMode: 0]
03-17 10:03:52.056 W/ErrorReporter( 3469): reportError [type: 211, code: 393244, bug: 0]: errorCode: 393244, engine: 0
03-17 10:03:52.057 I/MicroDetector( 3469): Keeping mic open: false
03-17 10:03:52.057 I/MicroDetectionWorker( 3469): #onError(false)
03-17 10:03:57.060 I/MicroDetectionWorker( 3469): #startMicroDetector [speakerMode: 0]
03-17 10:03:57.140 W/ErrorReporter( 3469): reportError [type: 211, code: 393244, bug: 0]: errorCode: 393244, engine: 0
03-17 10:03:57.140 I/MicroDetector( 3469): Keeping mic open: false
03-17 10:03:57.140 I/MicroDetectionWorker( 3469): #onError(false)
03-17 10:03:57.143 I/chatty  ( 2008): uid=1000(system) Binder:2008_9 expire 11 lines
03-17 10:03:57.204 I/chatty  ( 1843): uid=0(root) Binder:1843_3 expire 2 lines
03-17 10:03:57.500 I/chatty  ( 2159): uid=10112 com.google.android.gms.persistent expire 1 line
03-17 10:03:57.523 W/ndroid.keychai(15224): Unexpected CPU variant for X86 using defaults: x86
03-17 10:03:57.634 I/chatty  ( 2494): uid=10112(com.google.android.gms) expire 3 lines
03-17 10:03:57.681 I/chatty  ( 2494): uid=10112(com.google.android.gms) GoogleApiHandle expire 1 line
03-17 10:03:57.687 D/CarrierSvcBindHelper( 2438): No carrier app for: 0
03-17 10:03:57.702 D/CarrierSvcBindHelper( 2438): No carrier app for: 0
03-17 10:03:57.733 D/CarrierConfigLoader( 2438): mHandler: 9 phoneId: 0
03-17 10:03:57.751 I/ndroid.keychai(15224): The ClassLoaderContext is a special shared library.
03-17 10:03:57.809 I/chatty  ( 2494): uid=10112(com.google.android.gms) Profile Saver expire 2 lines
03-17 10:03:57.825 I/chatty  ( 2494): uid=10112(com.google.android.gms) expire 1 line
03-17 10:03:57.884 I/s.nexuslaunche( 2735): Background concurrent copying GC freed 5264(390KB) AllocSpace objects, 1(88KB) LOS objects, 49% free, 3132KB/6264KB, paused 902us total 659.257ms
03-17 10:03:57.894 I/chatty  ( 2494): uid=10112(com.google.android.gms) HeapTaskDaemon expire 1 line
03-17 10:03:58.036 I/chatty  ( 2494): uid=10112(com.google.android.gms) highpool[0] expire 1 line
03-17 10:03:58.111 I/chatty  ( 2494): uid=10112(com.google.android.gms) expire 6 lines
03-17 10:03:58.260 I/chatty  ( 2008): uid=1000(system) Binder:2008_4 expire 40 lines
03-17 10:03:58.301 I/chatty  ( 2494): uid=10112(com.google.android.gms) highpool[4] expire 1 line
03-17 10:03:58.308 I/com.arxan_rn(15267): Late-enabling -Xcheck:jni
03-17 10:03:58.338 I/chatty  ( 2008): uid=1000(system) android.anim expire 11 lines
03-17 10:03:58.358 E/com.arxan_rn(15267): Unknown bits set in runtime_flags: 0x8000
03-17 10:03:58.358 W/com.arxan_rn(15267): Unexpected CPU variant for X86 using defaults: x86
03-17 10:03:58.614 D/gralloc_ranchu( 1771): gralloc_alloc: Creating ashmem region of size 9850880
03-17 10:03:58.932 I/chatty  ( 2494): uid=10112(com.google.android.gms) expire 4 lines
03-17 10:03:58.953 D/EGL_emulation( 2170): eglMakeCurrent: 0xe907f820: ver 3 0 (tinfo 0xbd796c80)
03-17 10:03:59.002 D/EGL_emulation( 2170): eglMakeCurrent: 0xe907f820: ver 3 0 (tinfo 0xbd796c80)
03-17 10:03:59.012 D/EGL_emulation( 2170): eglMakeCurrent: 0xe907f820: ver 3 0 (tinfo 0xbd796c80)
03-17 10:03:59.019 D/EGL_emulation( 2170): eglMakeCurrent: 0xe907f820: ver 3 0 (tinfo 0xbd796c80)
03-17 10:03:59.019 D/SoLoader(15267): init start
03-17 10:03:59.020 D/SoLoader(15267): adding system library source: /vendor/lib
03-17 10:03:59.022 D/SoLoader(15267): adding system library source: /system/lib
03-17 10:03:59.022 D/SoLoader(15267): adding application source: com.facebook.soloader.DirectorySoSource[root = /data/app/com.arxan_rn-Kf62imzNDkVCEn3nWW_psA==/lib/x86 flags = 0]
03-17 10:03:59.025 D/SoLoader(15267): adding backup source from : com.facebook.soloader.ApkSoSource[root = /data/data/com.arxan_rn/lib-main flags = 1]
03-17 10:03:59.025 D/SoLoader(15267): Preparing SO source: com.facebook.soloader.DirectorySoSource[root = /system/lib flags = 2]
03-17 10:03:59.025 D/SoLoader(15267): Preparing SO source: com.facebook.soloader.DirectorySoSource[root = /vendor/lib flags = 2]
03-17 10:03:59.026 D/SoLoader(15267): Preparing SO source: com.facebook.soloader.DirectorySoSource[root = /data/app/com.arxan_rn-Kf62imzNDkVCEn3nWW_psA==/lib/x86 flags = 0]
03-17 10:03:59.026 D/SoLoader(15267): Preparing SO source: com.facebook.soloader.ApkSoSource[root = /data/data/com.arxan_rn/lib-main flags = 1]
03-17 10:03:59.030 D/EGL_emulation( 2170): eglMakeCurrent: 0xe907f820: ver 3 0 (tinfo 0xbd796c80)
03-17 10:03:59.032 V/fb-UnpackingSoSource(15267): locked dso store /data/user/0/com.arxan_rn/lib-main
03-17 10:03:59.036 V/fb-UnpackingSoSource(15267): deps mismatch on deps store: regenerating
03-17 10:03:59.036 V/fb-UnpackingSoSource(15267): so store dirty: regenerating
03-17 10:03:59.040 I/m.android.phon( 2438): Background young concurrent copying GC freed 21580(2168KB) AllocSpace objects, 1(16KB) LOS objects, 33% free, 3284KB/4951KB, paused 466us total 303.070ms
03-17 10:03:59.123 D/EGL_emulation( 2735): eglMakeCurrent: 0xddddb240: ver 3 0 (tinfo 0xdde70490)
03-17 10:03:59.138 D/ApkSoSource(15267): not allowing consideration of lib/x86/libbetter.so: deferring to libdir
03-17 10:03:59.138 D/ApkSoSource(15267): not allowing consideration of lib/x86/libc++_shared.so: deferring to libdir
03-17 10:03:59.138 D/ApkSoSource(15267): not allowing consideration of lib/x86/libevent-2.1.so: deferring to libdir
03-17 10:03:59.138 D/ApkSoSource(15267): not allowing consideration of lib/x86/libevent_core-2.1.so: deferring to libdir
03-17 10:03:59.138 D/ApkSoSource(15267): not allowing consideration of lib/x86/libevent_extra-2.1.so: deferring to libdir
03-17 10:03:59.138 D/ApkSoSource(15267): not allowing consideration of lib/x86/libfabricjni.so: deferring to libdir
03-17 10:03:59.138 D/ApkSoSource(15267): not allowing consideration of lib/x86/libfb.so: deferring to libdir
03-17 10:03:59.138 D/ApkSoSource(15267): not allowing consideration of lib/x86/libfbjni.so: deferring to libdir
03-17 10:03:59.138 D/ApkSoSource(15267): not allowing consideration of lib/x86/libflipper.so: deferring to libdir
03-17 10:03:59.138 D/ApkSoSource(15267): not allowing consideration of lib/x86/libfolly_futures.so: deferring to libdir
03-17 10:03:59.139 D/ApkSoSource(15267): not allowing consideration of lib/x86/libfolly_json.so: deferring to libdir
03-17 10:03:59.139 D/ApkSoSource(15267): not allowing consideration of lib/x86/libglog.so: deferring to libdir
03-17 10:03:59.139 D/ApkSoSource(15267): not allowing consideration of lib/x86/libglog_init.so: deferring to libdir
03-17 10:03:59.139 D/ApkSoSource(15267): not allowing consideration of lib/x86/libimagepipeline.so: deferring to libdir
03-17 10:03:59.139 D/ApkSoSource(15267): not allowing consideration of lib/x86/libjsc.so: deferring to libdir
03-17 10:03:59.139 D/ApkSoSource(15267): not allowing consideration of lib/x86/libjscexecutor.so: deferring to libdir
03-17 10:03:59.139 D/ApkSoSource(15267): not allowing consideration of lib/x86/libjsi.so: deferring to libdir
03-17 10:03:59.139 D/ApkSoSource(15267): not allowing consideration of lib/x86/libjsijniprofiler.so: deferring to libdir
03-17 10:03:59.139 D/ApkSoSource(15267): not allowing consideration of lib/x86/libjsinspector.so: deferring to libdir
03-17 10:03:59.139 D/ApkSoSource(15267): not allowing consideration of lib/x86/liblogger.so: deferring to libdir
03-17 10:03:59.139 D/ApkSoSource(15267): not allowing consideration of lib/x86/libmapbufferjni.so: deferring to libdir
03-17 10:03:59.139 D/ApkSoSource(15267): not allowing consideration of lib/x86/libnative-filters.so: deferring to libdir
03-17 10:03:59.139 D/ApkSoSource(15267): not allowing consideration of lib/x86/libnative-imagetranscoder.so: deferring to libdir
03-17 10:03:59.139 D/ApkSoSource(15267): not allowing consideration of lib/x86/libreact_codegen_rncore.so: deferring to libdir
03-17 10:03:59.139 D/ApkSoSource(15267): not allowing consideration of lib/x86/libreact_debug.so: deferring to libdir
03-17 10:03:59.139 D/ApkSoSource(15267): not allowing consideration of lib/x86/libreact_nativemodule_core.so: deferring to libdir
03-17 10:03:59.139 D/ApkSoSource(15267): not allowing consideration of lib/x86/libreact_render_animations.so: deferring to libdir
03-17 10:03:59.139 D/ApkSoSource(15267): not allowing consideration of lib/x86/libreact_render_attributedstring.so: deferring to libdir
03-17 10:03:59.140 D/ApkSoSource(15267): not allowing consideration of lib/x86/libreact_render_componentregistry.so: deferring to libdir
03-17 10:03:59.140 D/ApkSoSource(15267): not allowing consideration of lib/x86/libreact_render_core.so: deferring to libdir
03-17 10:03:59.140 D/ApkSoSource(15267): not allowing consideration of lib/x86/libreact_render_debug.so: deferring to libdir
03-17 10:03:59.140 D/ApkSoSource(15267): not allowing consideration of lib/x86/libreact_render_graphics.so: deferring to libdir
03-17 10:03:59.140 D/ApkSoSource(15267): not allowing consideration of lib/x86/libreact_render_imagemanager.so: deferring to libdir
03-17 10:03:59.140 D/ApkSoSource(15267): not allowing consideration of lib/x86/libreact_render_leakchecker.so: deferring to libdir
03-17 10:03:59.140 D/ApkSoSource(15267): not allowing consideration of lib/x86/libreact_render_mapbuffer.so: deferring to libdir
03-17 10:03:59.140 D/ApkSoSource(15267): not allowing consideration of lib/x86/libreact_render_mounting.so: deferring to libdir
03-17 10:03:59.140 D/ApkSoSource(15267): not allowing consideration of lib/x86/libreact_render_runtimescheduler.so: deferring to libdir
03-17 10:03:59.140 D/ApkSoSource(15267): not allowing consideration of lib/x86/libreact_render_scheduler.so: deferring to libdir
03-17 10:03:59.140 D/ApkSoSource(15267): not allowing consideration of lib/x86/libreact_render_telemetry.so: deferring to libdir
03-17 10:03:59.140 D/ApkSoSource(15267): not allowing consideration of lib/x86/libreact_render_templateprocessor.so: deferring to libdir
03-17 10:03:59.140 D/ApkSoSource(15267): not allowing consideration of lib/x86/libreact_render_textlayoutmanager.so: deferring to libdir
03-17 10:03:59.141 D/ApkSoSource(15267): not allowing consideration of lib/x86/libreact_render_uimanager.so: deferring to libdir
03-17 10:03:59.141 D/ApkSoSource(15267): not allowing consideration of lib/x86/libreact_utils.so: deferring to libdir
03-17 10:03:59.141 D/ApkSoSource(15267): not allowing consideration of lib/x86/libreactconfig.so: deferring to libdir
03-17 10:03:59.142 D/ApkSoSource(15267): not allowing consideration of lib/x86/libreactnativeblob.so: deferring to libdir
03-17 10:03:59.142 D/ApkSoSource(15267): not allowing consideration of lib/x86/libreactnativejni.so: deferring to libdir
03-17 10:03:59.142 D/ApkSoSource(15267): not allowing consideration of lib/x86/libreactnativeutilsjni.so: deferring to libdir
03-17 10:03:59.143 D/ApkSoSource(15267): not allowing consideration of lib/x86/libreactperfloggerjni.so: deferring to libdir
03-17 10:03:59.143 D/ApkSoSource(15267): not allowing consideration of lib/x86/librrc_image.so: deferring to libdir
03-17 10:03:59.143 D/ApkSoSource(15267): not allowing consideration of lib/x86/librrc_modal.so: deferring to libdir
03-17 10:03:59.143 D/ApkSoSource(15267): not allowing consideration of lib/x86/librrc_progressbar.so: deferring to libdir
03-17 10:03:59.143 D/ApkSoSource(15267): not allowing consideration of lib/x86/librrc_root.so: deferring to libdir
03-17 10:03:59.144 D/ApkSoSource(15267): not allowing consideration of lib/x86/librrc_scrollview.so: deferring to libdir
03-17 10:03:59.144 D/ApkSoSource(15267): not allowing consideration of lib/x86/librrc_slider.so: deferring to libdir
03-17 10:03:59.144 D/ApkSoSource(15267): not allowing consideration of lib/x86/librrc_switch.so: deferring to libdir
03-17 10:03:59.144 D/ApkSoSource(15267): not allowing consideration of lib/x86/librrc_text.so: deferring to libdir
03-17 10:03:59.144 D/ApkSoSource(15267): not allowing consideration of lib/x86/librrc_textinput.so: deferring to libdir
03-17 10:03:59.145 D/ApkSoSource(15267): not allowing consideration of lib/x86/librrc_unimplementedview.so: deferring to libdir
03-17 10:03:59.145 D/ApkSoSource(15267): not allowing consideration of lib/x86/librrc_view.so: deferring to libdir
03-17 10:03:59.145 D/ApkSoSource(15267): not allowing consideration of lib/x86/libturbomodulejsijni.so: deferring to libdir
03-17 10:03:59.147 D/ApkSoSource(15267): not allowing consideration of lib/x86/libyoga.so: deferring to libdir
03-17 10:03:59.148 V/fb-UnpackingSoSource(15267): regenerating DSO store com.facebook.soloader.ApkSoSource
03-17 10:03:59.153 V/fb-UnpackingSoSource(15267): Finished regenerating DSO store com.facebook.soloader.ApkSoSource
03-17 10:03:59.154 V/fb-UnpackingSoSource(15267): starting syncer worker
03-17 10:03:59.170 V/fb-UnpackingSoSource(15267): releasing dso store lock for /data/user/0/com.arxan_rn/lib-main (from syncer thread)
03-17 10:03:59.170 V/fb-UnpackingSoSource(15267): not releasing dso store lock for /data/user/0/com.arxan_rn/lib-main (syncer thread started)
03-17 10:03:59.170 D/SoLoader(15267): init finish: 4 SO sources prepared
03-17 10:03:59.170 D/SoLoader(15267): init exiting
03-17 10:03:59.191 D/EGL_emulation( 3469): eglMakeCurrent: 0xd5d1b800: ver 3 0 (tinfo 0xb5109040)
03-17 10:03:59.202 D/SoLoader(15267): init exiting
03-17 10:03:59.203 D/SoLoader(15267): About to load: libjscexecutor.so
03-17 10:03:59.203 D/SoLoader(15267): libjscexecutor.so not found on /data/data/com.arxan_rn/lib-main
03-17 10:03:59.203 D/SoLoader(15267): libjscexecutor.so found on /data/app/com.arxan_rn-Kf62imzNDkVCEn3nWW_psA==/lib/x86
03-17 10:03:59.204 D/SoLoader(15267): Not resolving dependencies for libjscexecutor.so
03-17 10:03:59.219 D/JavaScriptCore.Version(15267): 250230.2.1
03-17 10:03:59.220 D/SoLoader(15267): Loaded: libjscexecutor.so
03-17 10:03:59.225 D/SoLoader(15267): init exiting
03-17 10:03:59.479 D/NetworkSecurityConfig(15267): No Network Security Config specified, using platform default
03-17 10:03:59.549 D/SoLoader(15267): About to load: libfbjni.so
03-17 10:03:59.549 D/SoLoader(15267): libfbjni.so not found on /data/data/com.arxan_rn/lib-main
03-17 10:03:59.549 D/SoLoader(15267): libfbjni.so found on /data/app/com.arxan_rn-Kf62imzNDkVCEn3nWW_psA==/lib/x86
03-17 10:03:59.549 D/SoLoader(15267): Not resolving dependencies for libfbjni.so
03-17 10:03:59.552 D/SoLoader(15267): Loaded: libfbjni.so
03-17 10:03:59.552 D/SoLoader(15267): About to load: libflipper.so
03-17 10:03:59.552 D/SoLoader(15267): libflipper.so not found on /data/data/com.arxan_rn/lib-main
03-17 10:03:59.552 D/SoLoader(15267): libflipper.so found on /data/app/com.arxan_rn-Kf62imzNDkVCEn3nWW_psA==/lib/x86
03-17 10:03:59.552 D/SoLoader(15267): Not resolving dependencies for libflipper.so
03-17 10:03:59.571 D/SoLoader(15267): Loaded: libflipper.so
03-17 10:03:59.605 W/com.arxan_rn(15267): Accessing hidden field Landroid/view/View;->mKeyedTags:Landroid/util/SparseArray; (greylist, reflection, allowed)
03-17 10:03:59.605 W/com.arxan_rn(15267): Accessing hidden field Landroid/view/View;->mListenerInfo:Landroid/view/View$ListenerInfo; (greylist, reflection, allowed)
03-17 10:03:59.606 W/com.arxan_rn(15267): Accessing hidden field Landroid/view/View$ListenerInfo;->mOnClickListener:Landroid/view/View$OnClickListener; (greylist, reflection, allowed)
03-17 10:03:59.630 I/flipper (15267): flipper: FlipperClient::addPlugin Inspector
03-17 10:03:59.631 I/flipper (15267): flipper: FlipperClient::addPlugin React
03-17 10:03:59.635 I/flipper (15267): flipper: FlipperClient::addPlugin Databases
03-17 10:03:59.637 I/flipper (15267): flipper: FlipperClient::addPlugin Preferences
03-17 10:03:59.637 I/flipper (15267): flipper: FlipperClient::addPlugin CrashReporter
03-17 10:03:59.645 I/flipper (15267): flipper: FlipperClient::addPlugin Network
03-17 10:03:59.662 I/chatty  ( 1752): uid=0(root) Binder:1752_3 expire 1 line
03-17 10:03:59.666 E/SurfaceFlinger( 1808): ro.sf.lcd_density must be defined as a build property
03-17 10:03:59.668 E/SurfaceFlinger( 1808): ro.sf.lcd_density must be defined as a build property
03-17 10:03:59.673 D/libEGL  (15267): Emulator has host GPU support, qemu.gles is set to 1.
03-17 10:03:59.676 W/libc    (15267): Unable to set property "qemu.gles" to "1": connection failed; errno=13 (Permission denied)
03-17 10:03:59.667 W/RenderThread(15267): type=1400 audit(0.0:282): avc: denied { write } for name="property_service" dev="tmpfs" ino=9283 scontext=u:r:untrusted_app:s0:c154,c256,c512,c768 tcontext=u:object_r:property_socket:s0 tclass=sock_file permissive=0 app=com.arxan_rn
03-17 10:03:59.763 D/libEGL  (15267): loaded /vendor/lib/egl/libEGL_emulation.so
03-17 10:03:59.766 D/libEGL  (15267): loaded /vendor/lib/egl/libGLESv1_CM_emulation.so
03-17 10:03:59.770 D/libEGL  (15267): loaded /vendor/lib/egl/libGLESv2_emulation.so
03-17 10:03:59.859 W/com.arxan_rn(15267): Accessing hidden method Landroid/view/View;->computeFitSystemWindows(Landroid/graphics/Rect;Landroid/graphics/Rect;)Z (greylist, reflection, allowed)
03-17 10:03:59.861 W/com.arxan_rn(15267): Accessing hidden method Landroid/view/ViewGroup;->makeOptionalFitsSystemWindows()V (greylist, reflection, allowed)
03-17 10:03:59.910 W/unknown:ReactNative(15267): Packager connection already open, nooping.
03-17 10:03:59.936 D/HostConnection(15267): HostConnection::get() New Host Connection established 0xd5d5f1e0, tid 15310
03-17 10:03:59.952 D/HostConnection(15267): HostComposition ext ANDROID_EMU_CHECKSUM_HELPER_v1 ANDROID_EMU_native_sync_v2 ANDROID_EMU_native_sync_v3 ANDROID_EMU_native_sync_v4 ANDROID_EMU_dma_v1 ANDROID_EMU_direct_mem ANDROID_EMU_host_composition_v1 ANDROID_EMU_host_composition_v2 ANDROID_EMU_YUV_Cache ANDROID_EMU_sync_buffer_data GL_OES_EGL_image_external_essl3 GL_OES_vertex_array_object GL_KHR_texture_compression_astc_ldr ANDROID_EMU_host_side_tracing ANDROID_EMU_gles_max_version_3_0 
03-17 10:04:00.000 W/OpenGLRenderer(15267): Failed to choose config with EGL_SWAP_BEHAVIOR_PRESERVED, retrying without...
03-17 10:04:00.002 D/EGL_emulation(15267): eglCreateContext: 0xd5d1ab40: maj 3 min 0 rcv 3
03-17 10:04:00.005 D/EGL_emulation(15267): eglMakeCurrent: 0xd5d1ab40: ver 3 0 (tinfo 0xd5d0fb20)
03-17 10:04:00.025 D/gralloc_ranchu( 1771): gralloc_alloc: Creating ashmem region of size 9850880
03-17 10:04:00.029 I/hwservicemanager( 1654): getTransport: Cannot find entry android.hardware.graphics.mapper@3.0::IMapper/default in either framework or device manifest.
03-17 10:04:00.030 W/Gralloc3(15267): mapper 3.x is not supported
03-17 10:04:00.040 D/HostConnection(15267): createUnique: call
03-17 10:04:00.040 D/HostConnection(15267): HostConnection::get() New Host Connection established 0xd5d5f320, tid 15310
03-17 10:04:00.078 D/EGL_emulation( 2170): eglMakeCurrent: 0xe907f820: ver 3 0 (tinfo 0xbd796c80)
03-17 10:04:00.083 D/EGL_emulation( 2170): eglMakeCurrent: 0xe907f820: ver 3 0 (tinfo 0xbd796c80)
03-17 10:04:00.089 D/KeyguardClockSwitch( 2170): Updating clock: 1004
03-17 10:04:00.103 D/EGL_emulation( 2170): eglMakeCurrent: 0xe907f820: ver 3 0 (tinfo 0xbd796c80)
03-17 10:04:00.106 D/EGL_emulation( 2170): eglMakeCurrent: 0xe907f820: ver 3 0 (tinfo 0xbd796c80)
03-17 10:04:00.115 D/HostConnection(15267): HostComposition ext ANDROID_EMU_CHECKSUM_HELPER_v1 ANDROID_EMU_native_sync_v2 ANDROID_EMU_native_sync_v3 ANDROID_EMU_native_sync_v4 ANDROID_EMU_dma_v1 ANDROID_EMU_direct_mem ANDROID_EMU_host_composition_v1 ANDROID_EMU_host_composition_v2 ANDROID_EMU_YUV_Cache ANDROID_EMU_sync_buffer_data GL_OES_EGL_image_external_essl3 GL_OES_vertex_array_object GL_KHR_texture_compression_astc_ldr ANDROID_EMU_host_side_tracing ANDROID_EMU_gles_max_version_3_0 
03-17 10:04:00.116 D/eglCodecCommon(15267): allocate: Ask for block of size 0x1000
03-17 10:04:00.116 D/eglCodecCommon(15267): allocate: ioctl allocate returned offset 0x3ffff4000 size 0x2000
03-17 10:04:00.118 D/gralloc_ranchu( 1771): gralloc_alloc: Creating ashmem region of size 9850880
03-17 10:04:00.119 D/gralloc_ranchu( 1771): gralloc_alloc: Creating ashmem region of size 9850880
03-17 10:04:00.122 D/EGL_emulation(15267): eglMakeCurrent: 0xd5d1ab40: ver 3 0 (tinfo 0xd5d0fb20)
03-17 10:04:00.197 I/chatty  ( 2008): uid=1000(system) android.bg expire 17 lines
03-17 10:04:00.330 D/gralloc_ranchu( 1771): gralloc_alloc: Creating ashmem region of size 311296
03-17 10:04:00.336 I/chatty  ( 1771): uid=1000(system) HwBinder:1771_3 identical 5 lines
03-17 10:04:00.338 D/gralloc_ranchu( 1771): gralloc_alloc: Creating ashmem region of size 311296
03-17 10:04:00.339 D/EGL_emulation(15267): eglMakeCurrent: 0xd5d1ab40: ver 3 0 (tinfo 0xd5d0fb20)
03-17 10:04:00.415 D/EGL_emulation(15267): eglMakeCurrent: 0xd5d1ab40: ver 3 0 (tinfo 0xd5d0fb20)
03-17 10:04:00.485 D/EGL_emulation(15267): eglMakeCurrent: 0xd5d1ab40: ver 3 0 (tinfo 0xd5d0fb20)
03-17 10:04:00.574 I/com.arxan_rn(15267): Background concurrent copying GC freed 27317(3123KB) AllocSpace objects, 5(116KB) LOS objects, 49% free, 1850KB/3701KB, paused 2.641ms total 215.594ms
03-17 10:04:00.665 D/SoLoader(15267): About to load: libreactnativejni.so
03-17 10:04:00.665 D/SoLoader(15267): libreactnativejni.so not found on /data/data/com.arxan_rn/lib-main
03-17 10:04:00.666 D/SoLoader(15267): libreactnativejni.so found on /data/app/com.arxan_rn-Kf62imzNDkVCEn3nWW_psA==/lib/x86
03-17 10:04:00.666 D/SoLoader(15267): Not resolving dependencies for libreactnativejni.so
03-17 10:04:00.667 D/SoLoader(15267): Loaded: libreactnativejni.so
03-17 10:04:00.716 I/PBSessionCacheImpl( 3469): Deleted sessionId[85193651089] from persistence.
03-17 10:04:00.783 W/SearchServiceCore( 3469): Abort, client detached.
03-17 10:04:01.683 I/chatty  ( 1752): uid=0(root) Binder:1752_3 expire 1 line
03-17 10:04:03.708 I/chatty  ( 1752): uid=0(root) Binder:1752_3 expire 1 line
03-17 10:04:05.735 I/chatty  ( 1752): uid=0(root) Binder:1752_3 expire 1 line
03-17 10:04:06.207 I/chatty  ( 2008): uid=1000(system) Binder:2008_19 expire 6 lines
03-17 10:04:06.210 I/chatty  ( 2008): uid=1000(system) PowerManagerSer expire 1 line
03-17 10:04:06.212 I/chatty  ( 2008): uid=1000(system) Binder:2008_A expire 18 lines
03-17 10:04:06.297 I/chatty  ( 2159): uid=10112 com.google.android.gms.persistent expire 1 line
03-17 10:04:06.302 I/chatty  ( 2159): uid=10112 com.google.android.gms.persistent expire 1 line
03-17 10:04:06.375 I/chatty  ( 2159): uid=10112 com.google.android.gms.persistent expire 1 line
03-17 10:04:06.382 I/chatty  ( 2159): uid=10112 com.google.android.gms.persistent expire 2 lines
03-17 10:04:06.555 I/chatty  ( 2159): uid=10112 com.google.android.gms.persistent expire 1 line
03-17 10:04:06.713 I/chatty  ( 2159): uid=10112 com.google.android.gms.persistent expire 1 line
03-17 10:04:06.735 I/chatty  ( 2159): uid=10112 com.google.android.gms.persistent expire 1 line
03-17 10:04:06.774 I/chatty  ( 2159): uid=10112 com.google.android.gms.persistent expire 3 lines
03-17 10:04:07.742 I/chatty  ( 1752): uid=0(root) Binder:1752_3 expire 1 line
03-17 10:04:09.754 I/chatty  ( 1752): uid=0(root) Binder:1752_3 expire 1 line
03-17 10:04:10.691 I/WorkerManager( 3469): dispose()
03-17 10:04:10.692 W/ThreadPoolDumper( 3469): Queue length for executor EventBus is now 11. Perhaps some tasks are too long, or the pool is too small.
03-17 10:04:11.773 I/chatty  ( 1752): uid=0(root) Binder:1752_3 expire 1 line
03-17 10:04:13.795 I/chatty  ( 1752): uid=0(root) Binder:1752_3 expire 1 line
03-17 10:04:15.812 I/chatty  ( 1752): uid=0(root) Binder:1752_3 expire 1 line
03-17 10:04:17.825 I/chatty  ( 1752): uid=0(root) Binder:1752_3 expire 1 line
03-17 10:04:19.882 I/chatty  ( 1752): uid=0(root) Binder:1752_3 expire 1 line
03-17 10:04:21.888 I/chatty  ( 1752): uid=0(root) Binder:1752_3 expire 1 line
03-17 10:04:22.841 D/EGL_emulation(15267): eglMakeCurrent: 0xd5d1ab40: ver 3 0 (tinfo 0xd5d0fb20)
03-17 10:04:22.898 W/unknown:ReactContext(15267): initializeMessageQueueThreads() is called.
03-17 10:04:22.906 W/unknown:ReactNative(15267): Packager connection already open, nooping.
03-17 10:04:23.071 W/unknown:ViewManagerPropertyUpdater(15267): Could not find generated setter for class com.facebook.react.views.drawer.ReactDrawerLayoutManager
03-17 10:04:23.079 W/unknown:ViewManagerPropertyUpdater(15267): Could not find generated setter for class com.facebook.react.uimanager.LayoutShadowNode
03-17 10:04:23.085 W/unknown:ViewManagerPropertyUpdater(15267): Could not find generated setter for class com.facebook.react.views.scroll.ReactHorizontalScrollViewManager
03-17 10:04:23.093 W/unknown:ViewManagerPropertyUpdater(15267): Could not find generated setter for class com.facebook.react.views.scroll.ReactHorizontalScrollContainerViewManager
03-17 10:04:23.093 W/unknown:ViewManagerPropertyUpdater(15267): Could not find generated setter for class com.facebook.react.views.progressbar.ReactProgressBarViewManager
03-17 10:04:23.096 W/unknown:ViewManagerPropertyUpdater(15267): Could not find generated setter for class com.facebook.react.views.progressbar.ProgressBarShadowNode
03-17 10:04:23.097 W/unknown:ViewManagerPropertyUpdater(15267): Could not find generated setter for class com.facebook.react.views.scroll.ReactScrollViewManager
03-17 10:04:23.099 W/unknown:ViewManagerPropertyUpdater(15267): Could not find generated setter for class com.facebook.react.views.slider.ReactSliderManager
03-17 10:04:23.102 W/unknown:ViewManagerPropertyUpdater(15267): Could not find generated setter for class com.facebook.react.views.slider.ReactSliderManager$ReactSliderShadowNode
03-17 10:04:23.103 W/unknown:ViewManagerPropertyUpdater(15267): Could not find generated setter for class com.facebook.react.views.switchview.ReactSwitchManager
03-17 10:04:23.104 W/unknown:ViewManagerPropertyUpdater(15267): Could not find generated setter for class com.facebook.react.views.switchview.ReactSwitchManager$ReactSwitchShadowNode
03-17 10:04:23.105 W/unknown:ViewManagerPropertyUpdater(15267): Could not find generated setter for class com.facebook.react.views.swiperefresh.SwipeRefreshLayoutManager
03-17 10:04:23.106 W/unknown:ViewManagerPropertyUpdater(15267): Could not find generated setter for class com.facebook.react.views.text.frescosupport.FrescoBasedReactTextInlineImageViewManager
03-17 10:04:23.106 W/unknown:ViewManagerPropertyUpdater(15267): Could not find generated setter for class com.facebook.react.views.text.frescosupport.FrescoBasedReactTextInlineImageShadowNode
03-17 10:04:23.109 W/unknown:ViewManagerPropertyUpdater(15267): Could not find generated setter for class com.facebook.react.views.image.ReactImageManager
03-17 10:04:23.111 W/unknown:ViewManagerPropertyUpdater(15267): Could not find generated setter for class com.facebook.react.views.modal.ReactModalHostManager
03-17 10:04:23.111 W/unknown:ViewManagerPropertyUpdater(15267): Could not find generated setter for class com.facebook.react.views.modal.ModalHostShadowNode
03-17 10:04:23.113 W/unknown:ViewManagerPropertyUpdater(15267): Could not find generated setter for class com.facebook.react.views.text.ReactRawTextManager
03-17 10:04:23.113 W/unknown:ViewManagerPropertyUpdater(15267): Could not find generated setter for class com.facebook.react.views.text.ReactRawTextShadowNode
03-17 10:04:23.114 W/unknown:ViewManagerPropertyUpdater(15267): Could not find generated setter for class com.facebook.react.views.textinput.ReactTextInputManager
03-17 10:04:23.120 W/unknown:ViewManagerPropertyUpdater(15267): Could not find generated setter for class com.facebook.react.views.textinput.ReactTextInputShadowNode
03-17 10:04:23.124 W/unknown:ViewManagerPropertyUpdater(15267): Could not find generated setter for class com.facebook.react.views.text.ReactTextViewManager
03-17 10:04:23.125 W/unknown:ViewManagerPropertyUpdater(15267): Could not find generated setter for class com.facebook.react.views.text.ReactTextShadowNode
03-17 10:04:23.126 W/unknown:ViewManagerPropertyUpdater(15267): Could not find generated setter for class com.facebook.react.views.view.ReactViewManager
03-17 10:04:23.129 W/unknown:ViewManagerPropertyUpdater(15267): Could not find generated setter for class com.facebook.react.views.text.ReactVirtualTextViewManager
03-17 10:04:23.129 W/unknown:ViewManagerPropertyUpdater(15267): Could not find generated setter for class com.facebook.react.views.text.ReactVirtualTextShadowNode
03-17 10:04:23.131 W/unknown:ViewManagerPropertyUpdater(15267): Could not find generated setter for class com.facebook.react.views.unimplementedview.ReactUnimplementedViewManager
03-17 10:04:23.133 W/unknown:ViewManagerPropertyUpdater(15267): Could not find generated setter for class com.th3rdwave.safeareacontext.SafeAreaProviderManager
03-17 10:04:23.133 W/unknown:ViewManagerPropertyUpdater(15267): Could not find generated setter for class com.th3rdwave.safeareacontext.SafeAreaViewManager
03-17 10:04:23.133 W/unknown:ViewManagerPropertyUpdater(15267): Could not find generated setter for class com.th3rdwave.safeareacontext.SafeAreaViewShadowNode
03-17 10:04:23.134 W/unknown:ViewManagerPropertyUpdater(15267): Could not find generated setter for class com.swmansion.rnscreens.ScreenContainerViewManager
03-17 10:04:23.135 W/unknown:ViewManagerPropertyUpdater(15267): Could not find generated setter for class com.swmansion.rnscreens.ScreenViewManager
03-17 10:04:23.136 W/unknown:ViewManagerPropertyUpdater(15267): Could not find generated setter for class com.swmansion.rnscreens.ScreenStackViewManager
03-17 10:04:23.137 W/unknown:ViewManagerPropertyUpdater(15267): Could not find generated setter for class com.swmansion.rnscreens.ScreenStackHeaderConfigViewManager
03-17 10:04:23.139 W/unknown:ViewManagerPropertyUpdater(15267): Could not find generated setter for class com.swmansion.rnscreens.ScreenStackHeaderSubviewManager
03-17 10:04:23.140 W/unknown:ViewManagerPropertyUpdater(15267): Could not find generated setter for class com.swmansion.rnscreens.SearchBarManager
