03-17 10:42:03.547 E/ResolverController( 1752): No valid NAT64 prefix (101, <unspecified>/0)
03-17 10:42:05.562 E/ResolverController( 1752): No valid NAT64 prefix (101, <unspecified>/0)
03-17 10:42:07.573 E/ResolverController( 1752): No valid NAT64 prefix (101, <unspecified>/0)
03-17 10:42:09.588 E/ResolverController( 1752): No valid NAT64 prefix (101, <unspecified>/0)
03-17 10:42:11.608 E/ResolverController( 1752): No valid NAT64 prefix (101, <unspecified>/0)
03-17 10:42:13.627 E/ResolverController( 1752): No valid NAT64 prefix (101, <unspecified>/0)
03-17 10:42:13.979 D/NetworkMonitor/101( 2358): PROBE_HTTP http://connectivitycheck.gstatic.com/generate_204 Probe failed with exception java.net.UnknownHostException: Unable to resolve host "connectivitycheck.gstatic.com": No address associated with hostname
03-17 10:42:13.981 D/NetworkMonitor/101( 2358): PROBE_HTTPS https://www.google.com/generate_204 Probe failed with exception java.net.UnknownHostException: Unable to resolve host "www.google.com": No address associated with hostname
03-17 10:42:13.987 D/NetworkMonitor/101( 2358): isCaptivePortal: isSuccessful()=false isPortal()=false RedirectUrl=null isPartialConnectivity()=false Time=100194ms
03-17 10:42:15.647 E/ResolverController( 1752): No valid NAT64 prefix (101, <unspecified>/0)
03-17 10:42:17.662 E/ResolverController( 1752): No valid NAT64 prefix (101, <unspecified>/0)
03-17 10:42:19.679 E/ResolverController( 1752): No valid NAT64 prefix (101, <unspecified>/0)
03-17 10:42:21.696 E/ResolverController( 1752): No valid NAT64 prefix (101, <unspecified>/0)
03-17 10:42:23.703 E/ResolverController( 1752): No valid NAT64 prefix (101, <unspecified>/0)
03-17 10:42:25.714 E/ResolverController( 1752): No valid NAT64 prefix (101, <unspecified>/0)
03-17 10:42:27.735 E/ResolverController( 1752): No valid NAT64 prefix (101, <unspecified>/0)
03-17 10:42:29.745 E/ResolverController( 1752): No valid NAT64 prefix (101, <unspecified>/0)
03-17 10:42:31.754 E/ResolverController( 1752): No valid NAT64 prefix (101, <unspecified>/0)
03-17 10:42:33.762 E/ResolverController( 1752): No valid NAT64 prefix (101, <unspecified>/0)
03-17 10:42:35.772 E/ResolverController( 1752): No valid NAT64 prefix (101, <unspecified>/0)
03-17 10:42:37.784 E/ResolverController( 1752): No valid NAT64 prefix (101, <unspecified>/0)
03-17 10:42:39.795 E/ResolverController( 1752): No valid NAT64 prefix (101, <unspecified>/0)
03-17 10:42:41.811 E/ResolverController( 1752): No valid NAT64 prefix (101, <unspecified>/0)
03-17 10:42:43.868 E/ResolverController( 1752): No valid NAT64 prefix (101, <unspecified>/0)
03-17 10:42:45.888 E/ResolverController( 1752): No valid NAT64 prefix (101, <unspecified>/0)
03-17 10:42:47.903 E/ResolverController( 1752): No valid NAT64 prefix (101, <unspecified>/0)
03-17 10:42:49.915 E/ResolverController( 1752): No valid NAT64 prefix (101, <unspecified>/0)
03-17 10:42:51.924 E/ResolverController( 1752): No valid NAT64 prefix (101, <unspecified>/0)
03-17 10:42:53.946 E/ResolverController( 1752): No valid NAT64 prefix (101, <unspecified>/0)
03-17 10:42:55.965 E/ResolverController( 1752): No valid NAT64 prefix (101, <unspecified>/0)
03-17 10:42:57.980 E/ResolverController( 1752): No valid NAT64 prefix (101, <unspecified>/0)
03-17 10:42:58.960 E/netmgr  ( 1918): Failed to open QEMU pipe 'qemud:network': Invalid argument
03-17 10:43:00.002 E/ResolverController( 1752): No valid NAT64 prefix (101, <unspecified>/0)
03-17 10:43:00.016 D/KeyguardClockSwitch( 2170): Updating clock: 1043
03-17 10:43:01.967 E/wifi_forwarder( 1920): RemoteConnection failed to initialize: RemoteConnection failed to open pipe
03-17 10:43:02.017 E/ResolverController( 1752): No valid NAT64 prefix (101, <unspecified>/0)
03-17 10:43:04.035 E/ResolverController( 1752): No valid NAT64 prefix (101, <unspecified>/0)
03-17 10:43:06.045 E/ResolverController( 1752): No valid NAT64 prefix (101, <unspecified>/0)
03-17 10:43:08.058 E/ResolverController( 1752): No valid NAT64 prefix (101, <unspecified>/0)
03-17 10:43:10.069 E/ResolverController( 1752): No valid NAT64 prefix (101, <unspecified>/0)
03-17 10:43:12.088 E/ResolverController( 1752): No valid NAT64 prefix (101, <unspecified>/0)
03-17 10:43:14.111 E/ResolverController( 1752): No valid NAT64 prefix (101, <unspecified>/0)
03-17 10:43:14.309 I/chatty  ( 2008): uid=1000(system) android.bg expire 52 lines
03-17 10:43:16.131 E/ResolverController( 1752): No valid NAT64 prefix (101, <unspecified>/0)
03-17 10:43:18.148 E/ResolverController( 1752): No valid NAT64 prefix (101, <unspecified>/0)
03-17 10:43:20.163 E/ResolverController( 1752): No valid NAT64 prefix (101, <unspecified>/0)
03-17 10:43:22.173 E/ResolverController( 1752): No valid NAT64 prefix (101, <unspecified>/0)
03-17 10:43:24.187 E/ResolverController( 1752): No valid NAT64 prefix (101, <unspecified>/0)
03-17 10:43:26.203 E/ResolverController( 1752): No valid NAT64 prefix (101, <unspecified>/0)
03-17 10:43:26.635 E/DnsResolver( 2358): resNetworkResult:android.system.ErrnoException: resNetworkResult failed: ETIMEDOUT (Connection timed out)
03-17 10:43:26.636 E/DnsResolver( 2358): resNetworkResult:android.system.ErrnoException: resNetworkResult failed: ETIMEDOUT (Connection timed out)
03-17 10:43:26.637 D/DnsUtils( 2358): DNS error resolving connectivitycheck.gstatic.com: android.system.ErrnoException: resNetworkResult failed: ETIMEDOUT (Connection timed out)
03-17 10:43:26.637 D/NetworkMonitor/108( 2358): PROBE_DNS connectivitycheck.gstatic.com 10038ms FAIL
03-17 10:43:26.639 E/DnsResolver( 2358): resNetworkResult:android.system.ErrnoException: resNetworkResult failed: ETIMEDOUT (Connection timed out)
03-17 10:43:26.643 D/DnsUtils( 2358): DNS error resolving www.google.com: android.system.ErrnoException: resNetworkResult failed: ETIMEDOUT (Connection timed out)
03-17 10:43:26.644 D/NetworkMonitor/108( 2358): PROBE_DNS www.google.com 10045ms FAIL
03-17 10:43:28.213 E/ResolverController( 1752): No valid NAT64 prefix (101, <unspecified>/0)
03-17 10:43:30.225 E/ResolverController( 1752): No valid NAT64 prefix (101, <unspecified>/0)
03-17 10:43:30.521 D/NetworkMonitor/101( 2358): PROBE_DNS connectivitycheck.gstatic.com 12511ms FAIL
03-17 10:43:30.521 D/NetworkMonitor/101( 2358): PROBE_DNS www.google.com 12515ms FAIL
03-17 10:43:32.247 E/ResolverController( 1752): No valid NAT64 prefix (101, <unspecified>/0)
03-17 10:43:34.265 E/ResolverController( 1752): No valid NAT64 prefix (101, <unspecified>/0)
03-17 10:43:36.272 E/ResolverController( 1752): No valid NAT64 prefix (101, <unspecified>/0)
03-17 10:43:38.054 E/DnsResolver( 2358): resNetworkResult:android.system.ErrnoException: resNetworkResult failed: ETIMEDOUT (Connection timed out)
03-17 10:43:38.056 E/DnsResolver( 2358): resNetworkResult:android.system.ErrnoException: resNetworkResult failed: ETIMEDOUT (Connection timed out)
03-17 10:43:38.056 D/DnsUtils( 2358): DNS error resolving connectivitycheck.gstatic.com: android.system.ErrnoException: resNetworkResult failed: ETIMEDOUT (Connection timed out)
03-17 10:43:38.056 E/DnsResolver( 2358): resNetworkResult:android.system.ErrnoException: resNetworkResult failed: ETIMEDOUT (Connection timed out)
03-17 10:43:38.056 D/DnsUtils( 2358): DNS error resolving www.google.com: android.system.ErrnoException: resNetworkResult failed: ETIMEDOUT (Connection timed out)
03-17 10:43:38.290 E/ResolverController( 1752): No valid NAT64 prefix (101, <unspecified>/0)
03-17 10:43:40.304 E/ResolverController( 1752): No valid NAT64 prefix (101, <unspecified>/0)
03-17 10:43:42.315 E/ResolverController( 1752): No valid NAT64 prefix (101, <unspecified>/0)
03-17 10:43:44.332 E/ResolverController( 1752): No valid NAT64 prefix (101, <unspecified>/0)
03-17 10:43:46.354 E/ResolverController( 1752): No valid NAT64 prefix (101, <unspecified>/0)
03-17 10:43:48.365 E/ResolverController( 1752): No valid NAT64 prefix (101, <unspecified>/0)
03-17 10:43:50.375 E/ResolverController( 1752): No valid NAT64 prefix (101, <unspecified>/0)
03-17 10:43:52.395 E/ResolverController( 1752): No valid NAT64 prefix (101, <unspecified>/0)
03-17 10:43:54.409 E/ResolverController( 1752): No valid NAT64 prefix (101, <unspecified>/0)
03-17 10:43:56.428 E/ResolverController( 1752): No valid NAT64 prefix (101, <unspecified>/0)
03-17 10:43:58.440 E/ResolverController( 1752): No valid NAT64 prefix (101, <unspecified>/0)
03-17 10:43:58.964 E/netmgr  ( 1918): Failed to open QEMU pipe 'qemud:network': Invalid argument
03-17 10:43:59.669 D/NetworkMonitor/108( 2358): PROBE_FALLBACK http://play.googleapis.com/generate_204 Probe failed with exception java.net.UnknownHostException: Unable to resolve host "play.googleapis.com": No address associated with hostname
03-17 10:44:00.013 D/KeyguardClockSwitch( 2170): Updating clock: 1044
03-17 10:44:00.453 E/ResolverController( 1752): No valid NAT64 prefix (101, <unspecified>/0)
03-17 10:44:01.977 E/wifi_forwarder( 1920): RemoteConnection failed to initialize: RemoteConnection failed to open pipe
03-17 10:44:02.472 E/ResolverController( 1752): No valid NAT64 prefix (101, <unspecified>/0)
03-17 10:44:04.484 E/ResolverController( 1752): No valid NAT64 prefix (101, <unspecified>/0)
03-17 10:44:06.499 E/ResolverController( 1752): No valid NAT64 prefix (101, <unspecified>/0)
03-17 10:44:06.704 D/NetworkMonitor/108( 2358): PROBE_HTTP http://connectivitycheck.gstatic.com/generate_204 Probe failed with exception java.net.UnknownHostException: Unable to resolve host "connectivitycheck.gstatic.com": No address associated with hostname
03-17 10:44:06.712 D/NetworkMonitor/108( 2358): PROBE_HTTPS https://www.google.com/generate_204 Probe failed with exception java.net.UnknownHostException: Unable to resolve host "www.google.com": No address associated with hostname
03-17 10:44:06.728 D/NetworkMonitor/108( 2358): isCaptivePortal: isSuccessful()=false isPortal()=false RedirectUrl=null isPartialConnectivity()=false Time=50119ms
03-17 10:44:08.510 E/ResolverController( 1752): No valid NAT64 prefix (101, <unspecified>/0)
03-17 10:44:10.520 E/ResolverController( 1752): No valid NAT64 prefix (101, <unspecified>/0)
03-17 10:44:12.540 E/ResolverController( 1752): No valid NAT64 prefix (101, <unspecified>/0)
03-17 10:44:14.567 E/ResolverController( 1752): No valid NAT64 prefix (101, <unspecified>/0)
03-17 10:44:16.582 E/ResolverController( 1752): No valid NAT64 prefix (101, <unspecified>/0)
03-17 10:44:18.595 E/ResolverController( 1752): No valid NAT64 prefix (101, <unspecified>/0)
03-17 10:44:20.604 E/ResolverController( 1752): No valid NAT64 prefix (101, <unspecified>/0)
03-17 10:44:22.615 E/ResolverController( 1752): No valid NAT64 prefix (101, <unspecified>/0)
03-17 10:44:24.633 E/ResolverController( 1752): No valid NAT64 prefix (101, <unspecified>/0)
03-17 10:44:26.647 E/ResolverController( 1752): No valid NAT64 prefix (101, <unspecified>/0)
03-17 10:44:28.664 E/ResolverController( 1752): No valid NAT64 prefix (101, <unspecified>/0)
03-17 10:44:30.678 E/ResolverController( 1752): No valid NAT64 prefix (101, <unspecified>/0)
03-17 10:44:32.689 E/ResolverController( 1752): No valid NAT64 prefix (101, <unspecified>/0)
03-17 10:44:34.705 E/ResolverController( 1752): No valid NAT64 prefix (101, <unspecified>/0)
03-17 10:44:36.723 E/ResolverController( 1752): No valid NAT64 prefix (101, <unspecified>/0)
03-17 10:44:38.734 E/ResolverController( 1752): No valid NAT64 prefix (101, <unspecified>/0)
03-17 10:44:40.749 E/ResolverController( 1752): No valid NAT64 prefix (101, <unspecified>/0)
03-17 10:44:42.762 E/ResolverController( 1752): No valid NAT64 prefix (101, <unspecified>/0)
03-17 10:44:44.779 E/ResolverController( 1752): No valid NAT64 prefix (101, <unspecified>/0)
03-17 10:44:46.798 E/ResolverController( 1752): No valid NAT64 prefix (101, <unspecified>/0)
03-17 10:44:48.814 E/ResolverController( 1752): No valid NAT64 prefix (101, <unspecified>/0)
03-17 10:44:50.828 E/ResolverController( 1752): No valid NAT64 prefix (101, <unspecified>/0)
03-17 10:44:52.838 E/ResolverController( 1752): No valid NAT64 prefix (101, <unspecified>/0)
03-17 10:44:54.855 E/ResolverController( 1752): No valid NAT64 prefix (101, <unspecified>/0)
03-17 10:44:56.874 E/ResolverController( 1752): No valid NAT64 prefix (101, <unspecified>/0)
03-17 10:44:58.197 D/NetworkMonitor/101( 2358): PROBE_HTTPS https://www.google.com/generate_204 Probe failed with exception java.net.UnknownHostException: Unable to resolve host "www.google.com": No address associated with hostname
03-17 10:44:58.199 D/NetworkMonitor/101( 2358): PROBE_HTTP http://connectivitycheck.gstatic.com/generate_204 Probe failed with exception java.net.UnknownHostException: Unable to resolve host "connectivitycheck.gstatic.com": No address associated with hostname
03-17 10:44:58.882 E/ResolverController( 1752): No valid NAT64 prefix (101, <unspecified>/0)
03-17 10:44:58.978 E/netmgr  ( 1918): Failed to open QEMU pipe 'qemud:network': Invalid argument
03-17 10:45:00.010 D/KeyguardClockSwitch( 2170): Updating clock: 1045
03-17 10:45:00.895 E/ResolverController( 1752): No valid NAT64 prefix (101, <unspecified>/0)
03-17 10:45:01.978 E/wifi_forwarder( 1920): RemoteConnection failed to initialize: RemoteConnection failed to open pipe
03-17 10:45:02.911 E/ResolverController( 1752): No valid NAT64 prefix (101, <unspecified>/0)
03-17 10:45:04.923 E/ResolverController( 1752): No valid NAT64 prefix (101, <unspecified>/0)
03-17 10:45:06.933 E/ResolverController( 1752): No valid NAT64 prefix (101, <unspecified>/0)
03-17 10:45:08.950 E/ResolverController( 1752): No valid NAT64 prefix (101, <unspecified>/0)
03-17 10:45:10.969 E/ResolverController( 1752): No valid NAT64 prefix (101, <unspecified>/0)
03-17 10:45:12.984 E/ResolverController( 1752): No valid NAT64 prefix (101, <unspecified>/0)
03-17 10:45:14.996 E/ResolverController( 1752): No valid NAT64 prefix (101, <unspecified>/0)
03-17 10:45:17.013 E/ResolverController( 1752): No valid NAT64 prefix (101, <unspecified>/0)
03-17 10:45:18.229 D/NetworkMonitor/101( 2358): PROBE_FALLBACK http://www.google.com/gen_204 Probe failed with exception java.net.UnknownHostException: Unable to resolve host "www.google.com": No address associated with hostname
03-17 10:45:18.245 D/NetworkMonitor/101( 2358): isCaptivePortal: isSuccessful()=false isPortal()=false RedirectUrl=null isPartialConnectivity()=false Time=120229ms
03-17 10:45:19.032 E/ResolverController( 1752): No valid NAT64 prefix (101, <unspecified>/0)
03-17 10:45:21.043 E/ResolverController( 1752): No valid NAT64 prefix (101, <unspecified>/0)
03-17 10:45:23.055 E/ResolverController( 1752): No valid NAT64 prefix (101, <unspecified>/0)
03-17 10:45:25.069 E/ResolverController( 1752): No valid NAT64 prefix (101, <unspecified>/0)
03-17 10:45:27.075 E/ResolverController( 1752): No valid NAT64 prefix (101, <unspecified>/0)
03-17 10:45:29.085 E/ResolverController( 1752): No valid NAT64 prefix (101, <unspecified>/0)
03-17 10:45:31.090 E/ResolverController( 1752): No valid NAT64 prefix (101, <unspecified>/0)
03-17 10:45:33.107 E/ResolverController( 1752): No valid NAT64 prefix (101, <unspecified>/0)
03-17 10:45:35.168 E/ResolverController( 1752): No valid NAT64 prefix (101, <unspecified>/0)
03-17 10:45:37.187 E/ResolverController( 1752): No valid NAT64 prefix (101, <unspecified>/0)
03-17 10:45:39.205 E/ResolverController( 1752): No valid NAT64 prefix (101, <unspecified>/0)
03-17 10:45:41.231 E/ResolverController( 1752): No valid NAT64 prefix (101, <unspecified>/0)
03-17 10:45:43.253 E/ResolverController( 1752): No valid NAT64 prefix (101, <unspecified>/0)
03-17 10:45:45.265 E/ResolverController( 1752): No valid NAT64 prefix (101, <unspecified>/0)
03-17 10:45:47.284 E/ResolverController( 1752): No valid NAT64 prefix (101, <unspecified>/0)
03-17 10:45:49.297 E/ResolverController( 1752): No valid NAT64 prefix (101, <unspecified>/0)
03-17 10:45:51.312 E/ResolverController( 1752): No valid NAT64 prefix (101, <unspecified>/0)
03-17 10:45:53.333 E/ResolverController( 1752): No valid NAT64 prefix (101, <unspecified>/0)
03-17 10:45:55.345 E/ResolverController( 1752): No valid NAT64 prefix (101, <unspecified>/0)
03-17 10:45:57.357 E/ResolverController( 1752): No valid NAT64 prefix (101, <unspecified>/0)
03-17 10:45:59.030 E/netmgr  ( 1918): Failed to open QEMU pipe 'qemud:network': Invalid argument
03-17 10:45:59.381 E/ResolverController( 1752): No valid NAT64 prefix (101, <unspecified>/0)
03-17 10:46:00.014 D/KeyguardClockSwitch( 2170): Updating clock: 1046
03-17 10:46:01.395 E/ResolverController( 1752): No valid NAT64 prefix (101, <unspecified>/0)
03-17 10:46:01.992 E/wifi_forwarder( 1920): RemoteConnection failed to initialize: RemoteConnection failed to open pipe
03-17 10:46:03.410 E/ResolverController( 1752): No valid NAT64 prefix (101, <unspecified>/0)
03-17 10:46:05.423 E/ResolverController( 1752): No valid NAT64 prefix (101, <unspecified>/0)
03-17 10:46:07.434 E/ResolverController( 1752): No valid NAT64 prefix (101, <unspecified>/0)
03-17 10:46:09.454 E/ResolverController( 1752): No valid NAT64 prefix (101, <unspecified>/0)
03-17 10:46:11.468 E/ResolverController( 1752): No valid NAT64 prefix (101, <unspecified>/0)
03-17 10:46:13.483 E/ResolverController( 1752): No valid NAT64 prefix (101, <unspecified>/0)
03-17 10:46:14.959 D/Zygote  ( 1753): Forked child process 17049
03-17 10:46:14.974 W/id.partnersetu(17049): Unexpected CPU variant for X86 using defaults: x86
03-17 10:46:15.046 I/id.partnersetu(17049): The ClassLoaderContext is a special shared library.
03-17 10:46:15.056 I/id.partnersetu(17049): The ClassLoaderContext is a special shared library.
03-17 10:46:15.260 I/chatty  ( 2159): uid=10112 com.google.android.gms.persistent expire 6 lines
03-17 10:46:15.496 E/ResolverController( 1752): No valid NAT64 prefix (101, <unspecified>/0)
03-17 10:46:17.504 E/ResolverController( 1752): No valid NAT64 prefix (101, <unspecified>/0)
03-17 10:46:18.887 I/wpa_supplicant( 2157): nl80211: send_and_recv->nl_recvmsgs failed: -33
03-17 10:46:19.518 E/ResolverController( 1752): No valid NAT64 prefix (101, <unspecified>/0)
03-17 10:46:21.526 E/ResolverController( 1752): No valid NAT64 prefix (101, <unspecified>/0)
03-17 10:46:23.540 E/ResolverController( 1752): No valid NAT64 prefix (101, <unspecified>/0)
03-17 10:46:25.547 E/ResolverController( 1752): No valid NAT64 prefix (101, <unspecified>/0)
03-17 10:46:27.564 E/ResolverController( 1752): No valid NAT64 prefix (101, <unspecified>/0)
03-17 10:46:29.574 E/ResolverController( 1752): No valid NAT64 prefix (101, <unspecified>/0)
03-17 10:46:31.597 E/ResolverController( 1752): No valid NAT64 prefix (101, <unspecified>/0)
03-17 10:46:33.606 E/ResolverController( 1752): No valid NAT64 prefix (101, <unspecified>/0)
03-17 10:46:35.627 E/ResolverController( 1752): No valid NAT64 prefix (101, <unspecified>/0)
03-17 10:46:37.643 E/ResolverController( 1752): No valid NAT64 prefix (101, <unspecified>/0)
03-17 10:46:39.664 E/ResolverController( 1752): No valid NAT64 prefix (101, <unspecified>/0)
03-17 10:46:41.680 E/ResolverController( 1752): No valid NAT64 prefix (101, <unspecified>/0)
03-17 10:46:43.701 E/ResolverController( 1752): No valid NAT64 prefix (101, <unspecified>/0)
03-17 10:46:45.713 E/ResolverController( 1752): No valid NAT64 prefix (101, <unspecified>/0)
03-17 10:46:47.017 I/Zygote  ( 1753): Process 15094 exited due to signal 9 (Killed)
03-17 10:46:47.723 E/ResolverController( 1752): No valid NAT64 prefix (101, <unspecified>/0)
03-17 10:46:49.734 E/ResolverController( 1752): No valid NAT64 prefix (101, <unspecified>/0)
03-17 10:46:51.590 I/chatty  ( 2159): uid=10112 com.google.android.gms.persistent expire 1 line
03-17 10:46:51.611 I/chatty  ( 2159): uid=10112(com.google.android.gms) HeapTaskDaemon expire 1 line
03-17 10:46:51.648 I/FirebaseJobDispatcher( 2643): onStartJob(): PeriodicContextualMetrics.
03-17 10:46:51.667 I/PContextMetricsRunner( 2643): call()
03-17 10:46:51.669 I/PContextMetricsRunner( 2643): call() : Finished in 2 ms
03-17 10:46:51.671 I/FirebaseJobDispatcher( 2643): Task: PeriodicContextualMetrics successes.
03-17 10:46:51.677 I/chatty  ( 2159): uid=10112 com.google.android.gms.persistent expire 2 lines
03-17 10:46:51.748 E/ResolverController( 1752): No valid NAT64 prefix (101, <unspecified>/0)
03-17 10:46:51.827 I/chatty  ( 2494): uid=10112(com.google.android.gms) expire 2 lines
03-17 10:46:51.864 E/WakeLock( 2159): GCM_CONN_ALARM ** IS FORCE-RELEASED ON TIMEOUT **
03-17 10:46:51.920 I/NetworkScheduler.Stats( 2159): Task com.google.android.gms/com.google.android.gms.clearcut.uploader.QosUploaderService started execution. cause:5 exec_start_elapsed_seconds: 144981 [CONTEXT service_id=218 ]
03-17 10:46:52.534 I/NetworkScheduler.Stats( 2159): Task com.google.android.gms/com.google.android.gms.checkin.EventLogService finished executing. cause:5 result: 1 elapsed_millis: 783 uptime_millis: 783 exec_start_elapsed_seconds: 144981 [CONTEXT service_id=218 ]
03-17 10:46:52.676 I/NetworkScheduler.Stats( 2159): Task com.google.android.gms/com.google.android.gms.matchstick.task.ScheduledTaskService started execution. cause:5 exec_start_elapsed_seconds: 144982 [CONTEXT service_id=218 ]
03-17 10:46:52.684 I/MS_ScheduledTaskService( 2494): Triggering checkRegistrationWithLighter: true
03-17 10:46:52.686 I/MS_RegisterService( 2494): Tachyon host: instantmessaging-pa.googleapis.com, Tachyon port: 443
03-17 10:46:52.687 I/NetworkScheduler.Stats( 2159): Task com.google.android.gms/com.google.android.gms.matchstick.task.ScheduledTaskService finished executing. cause:5 result: 1 elapsed_millis: 70 uptime_millis: 70 exec_start_elapsed_seconds: 144982 [CONTEXT service_id=218 ]
03-17 10:46:52.711 I/MS_RegisterService( 2494): checking registration with Lighter
03-17 10:46:52.744 E/SQLiteDatabase( 2159): Error inserting flex_time=28800000 job_id=-1 period=50400000 source=16 requires_charging=0 preferred_network_type=1 target_class=com.google.android.gms.matchstick.task.ScheduledTaskService user_id=0 target_package=com.google.android.gms tag=gms:matchstick:checkRegistrationWithLighter task_type=0 required_idleness_state=0 service_kind=0 source_version=202414000 persistence_level=1 required_network_type=0 runtime=1647485212717 retry_strategy={"maximum_backoff_seconds":{"3600":0},"initial_backoff_seconds":{"30":0},"retry_policy":{"0":0}} last_runtime=0
03-17 10:46:52.744 E/SQLiteDatabase( 2159): android.database.sqlite.SQLiteConstraintException: UNIQUE constraint failed: pending_ops.tag, pending_ops.target_class, pending_ops.target_package, pending_ops.user_id (code 2067 SQLITE_CONSTRAINT_UNIQUE)
03-17 10:46:52.744 E/SQLiteDatabase( 2159): 	at android.database.sqlite.SQLiteConnection.nativeExecuteForLastInsertedRowId(Native Method)
03-17 10:46:52.744 E/SQLiteDatabase( 2159): 	at android.database.sqlite.SQLiteConnection.executeForLastInsertedRowId(SQLiteConnection.java:879)
03-17 10:46:52.744 E/SQLiteDatabase( 2159): 	at android.database.sqlite.SQLiteSession.executeForLastInsertedRowId(SQLiteSession.java:790)
03-17 10:46:52.744 E/SQLiteDatabase( 2159): 	at android.database.sqlite.SQLiteStatement.executeInsert(SQLiteStatement.java:88)
03-17 10:46:52.744 E/SQLiteDatabase( 2159): 	at android.database.sqlite.SQLiteDatabase.insertWithOnConflict(SQLiteDatabase.java:1599)
03-17 10:46:52.744 E/SQLiteDatabase( 2159): 	at android.database.sqlite.SQLiteDatabase.insert(SQLiteDatabase.java:1468)
03-17 10:46:52.744 E/SQLiteDatabase( 2159): 	at aqui.a(:com.google.android.gms@202414022@20.24.14 (040700-319035315):175)
03-17 10:46:52.744 E/SQLiteDatabase( 2159): 	at aqtk.a(:com.google.android.gms@202414022@20.24.14 (040700-319035315):182)
03-17 10:46:52.744 E/SQLiteDatabase( 2159): 	at aqtk.a(:com.google.android.gms@202414022@20.24.14 (040700-319035315):23)
03-17 10:46:52.744 E/SQLiteDatabase( 2159): 	at aqtk.a(:com.google.android.gms@202414022@20.24.14 (040700-319035315):177)
03-17 10:46:52.744 E/SQLiteDatabase( 2159): 	at aqpu.run(:com.google.android.gms@202414022@20.24.14 (040700-319035315):9)
03-17 10:46:52.744 E/SQLiteDatabase( 2159): 	at soy.b(:com.google.android.gms@202414022@20.24.14 (040700-319035315):12)
03-17 10:46:52.744 E/SQLiteDatabase( 2159): 	at soy.run(:com.google.android.gms@202414022@20.24.14 (040700-319035315):7)
03-17 10:46:52.744 E/SQLiteDatabase( 2159): 	at java.util.concurrent.ThreadPoolExecutor.runWorker(ThreadPoolExecutor.java:1167)
03-17 10:46:52.744 E/SQLiteDatabase( 2159): 	at java.util.concurrent.ThreadPoolExecutor$Worker.run(ThreadPoolExecutor.java:641)
03-17 10:46:52.744 E/SQLiteDatabase( 2159): 	at sux.run(:com.google.android.gms@202414022@20.24.14 (040700-319035315):0)
03-17 10:46:52.744 E/SQLiteDatabase( 2159): 	at java.lang.Thread.run(Thread.java:919)
03-17 10:46:53.764 E/ResolverController( 1752): No valid NAT64 prefix (101, <unspecified>/0)
03-17 10:46:55.785 E/ResolverController( 1752): No valid NAT64 prefix (101, <unspecified>/0)
03-17 10:46:57.804 E/ResolverController( 1752): No valid NAT64 prefix (101, <unspecified>/0)
03-17 10:46:59.092 E/netmgr  ( 1918): Failed to open QEMU pipe 'qemud:network': Invalid argument
03-17 10:46:59.817 E/ResolverController( 1752): No valid NAT64 prefix (101, <unspecified>/0)
03-17 10:47:00.008 D/KeyguardClockSwitch( 2170): Updating clock: 1047
03-17 10:47:01.829 E/ResolverController( 1752): No valid NAT64 prefix (101, <unspecified>/0)
03-17 10:47:01.995 E/wifi_forwarder( 1920): RemoteConnection failed to initialize: RemoteConnection failed to open pipe
03-17 10:47:03.846 E/ResolverController( 1752): No valid NAT64 prefix (101, <unspecified>/0)
03-17 10:47:05.855 E/ResolverController( 1752): No valid NAT64 prefix (101, <unspecified>/0)
03-17 10:47:07.876 E/ResolverController( 1752): No valid NAT64 prefix (101, <unspecified>/0)
03-17 10:47:09.893 E/ResolverController( 1752): No valid NAT64 prefix (101, <unspecified>/0)
03-17 10:47:11.915 E/ResolverController( 1752): No valid NAT64 prefix (101, <unspecified>/0)
03-17 10:47:13.932 E/ResolverController( 1752): No valid NAT64 prefix (101, <unspecified>/0)
03-17 10:47:15.943 E/ResolverController( 1752): No valid NAT64 prefix (101, <unspecified>/0)
03-17 10:47:17.953 E/ResolverController( 1752): No valid NAT64 prefix (101, <unspecified>/0)
03-17 10:47:19.962 E/ResolverController( 1752): No valid NAT64 prefix (101, <unspecified>/0)
03-17 10:47:21.982 E/ResolverController( 1752): No valid NAT64 prefix (101, <unspecified>/0)
03-17 10:47:24.001 E/ResolverController( 1752): No valid NAT64 prefix (101, <unspecified>/0)
03-17 10:47:26.011 E/ResolverController( 1752): No valid NAT64 prefix (101, <unspecified>/0)
03-17 10:47:28.032 E/ResolverController( 1752): No valid NAT64 prefix (101, <unspecified>/0)
03-17 10:47:30.044 E/ResolverController( 1752): No valid NAT64 prefix (101, <unspecified>/0)
03-17 10:47:32.054 E/ResolverController( 1752): No valid NAT64 prefix (101, <unspecified>/0)
03-17 10:47:34.064 E/ResolverController( 1752): No valid NAT64 prefix (101, <unspecified>/0)
03-17 10:47:36.074 E/ResolverController( 1752): No valid NAT64 prefix (101, <unspecified>/0)
03-17 10:47:38.083 E/ResolverController( 1752): No valid NAT64 prefix (101, <unspecified>/0)
03-17 10:47:38.771 D/NetworkMonitor/101( 2358): PROBE_DNS connectivitycheck.gstatic.com 12513ms FAIL
03-17 10:47:38.772 D/NetworkMonitor/101( 2358): PROBE_DNS www.google.com 12517ms FAIL
03-17 10:47:40.095 E/ResolverController( 1752): No valid NAT64 prefix (101, <unspecified>/0)
03-17 10:47:42.112 E/ResolverController( 1752): No valid NAT64 prefix (101, <unspecified>/0)
03-17 10:47:44.131 E/ResolverController( 1752): No valid NAT64 prefix (101, <unspecified>/0)
03-17 10:47:46.148 E/ResolverController( 1752): No valid NAT64 prefix (101, <unspecified>/0)
03-17 10:47:46.305 E/DnsResolver( 2358): resNetworkResult:android.system.ErrnoException: resNetworkResult failed: ETIMEDOUT (Connection timed out)
03-17 10:47:46.309 E/DnsResolver( 2358): resNetworkResult:android.system.ErrnoException: resNetworkResult failed: ETIMEDOUT (Connection timed out)
03-17 10:47:46.309 D/DnsUtils( 2358): DNS error resolving www.google.com: android.system.ErrnoException: resNetworkResult failed: ETIMEDOUT (Connection timed out)
03-17 10:47:46.309 E/DnsResolver( 2358): resNetworkResult:android.system.ErrnoException: resNetworkResult failed: ETIMEDOUT (Connection timed out)
03-17 10:47:46.312 D/DnsUtils( 2358): DNS error resolving connectivitycheck.gstatic.com: android.system.ErrnoException: resNetworkResult failed: ETIMEDOUT (Connection timed out)
03-17 10:47:48.166 E/ResolverController( 1752): No valid NAT64 prefix (101, <unspecified>/0)
03-17 10:47:50.182 E/ResolverController( 1752): No valid NAT64 prefix (101, <unspecified>/0)
03-17 10:47:52.188 E/ResolverController( 1752): No valid NAT64 prefix (101, <unspecified>/0)
03-17 10:47:54.204 E/ResolverController( 1752): No valid NAT64 prefix (101, <unspecified>/0)
03-17 10:47:56.255 E/ResolverController( 1752): No valid NAT64 prefix (101, <unspecified>/0)
03-17 10:47:58.280 E/ResolverController( 1752): No valid NAT64 prefix (101, <unspecified>/0)
03-17 10:47:59.092 W/gle.android.gm( 2494): Reducing the number of considered missed Gc histogram windows from 262 to 100
03-17 10:47:59.155 E/netmgr  ( 1918): Failed to open QEMU pipe 'qemud:network': Invalid argument
03-17 10:48:00.012 D/KeyguardClockSwitch( 2170): Updating clock: 1048
03-17 10:48:00.303 E/ResolverController( 1752): No valid NAT64 prefix (101, <unspecified>/0)
03-17 10:48:02.060 E/wifi_forwarder( 1920): RemoteConnection failed to initialize: RemoteConnection failed to open pipe
03-17 10:48:02.313 E/ResolverController( 1752): No valid NAT64 prefix (101, <unspecified>/0)
03-17 10:48:04.332 E/ResolverController( 1752): No valid NAT64 prefix (101, <unspecified>/0)
03-17 10:48:06.344 E/ResolverController( 1752): No valid NAT64 prefix (101, <unspecified>/0)
03-17 10:48:06.984 E/WakeLock( 2159): GCM_HB_ALARM release without a matched acquire!
03-17 10:48:06.985 W/WakeLock( 2159): GCM_HB_ALARM counter does not exist
03-17 10:48:06.994 E/WakeLock( 2159): GCM_HB_ALARM release without a matched acquire!
03-17 10:48:06.994 W/WakeLock( 2159): GCM_HB_ALARM counter does not exist
03-17 10:48:08.355 E/ResolverController( 1752): No valid NAT64 prefix (101, <unspecified>/0)
03-17 10:48:10.379 E/ResolverController( 1752): No valid NAT64 prefix (101, <unspecified>/0)
03-17 10:48:12.388 E/ResolverController( 1752): No valid NAT64 prefix (101, <unspecified>/0)
03-17 10:48:14.415 E/ResolverController( 1752): No valid NAT64 prefix (101, <unspecified>/0)
03-17 10:48:16.433 E/ResolverController( 1752): No valid NAT64 prefix (101, <unspecified>/0)
03-17 10:48:18.444 E/ResolverController( 1752): No valid NAT64 prefix (101, <unspecified>/0)
03-17 10:48:20.463 E/ResolverController( 1752): No valid NAT64 prefix (101, <unspecified>/0)
03-17 10:48:21.593 W/cr_ChildProcLH(15267): Create a new ChildConnectionAllocator with package name = com.google.android.webview, sandboxed = true
03-17 10:48:21.599 W/audio_hw_generic( 1759): Not supplying enough data to HAL, expected position 14378909 , only wrote 14378733
03-17 10:48:21.600 W/com.arxan_rn(15267): Accessing hidden method Landroid/content/Context;->bindServiceAsUser(Landroid/content/Intent;Landroid/content/ServiceConnection;ILandroid/os/Handler;Landroid/os/UserHandle;)Z (greylist, reflection, allowed)
03-17 10:48:21.610 I/cr_BrowserStartup(15267): Initializing chromium process, singleProcess=false
03-17 10:48:21.771 D/Zygote  ( 2394): Forked child process 17170
03-17 10:48:21.806 W/ProcessService(17170): Unexpected CPU variant for X86 using defaults: x86
03-17 10:48:21.910 I/LoadedApk(17170): No resource references to update in package com.google.android.webview
03-17 10:48:21.910 I/LoadedApk(17170): No resource references to update in package com.google.android.trichromelibrary
03-17 10:48:21.922 I/cr_ChildProcessService(17170): Creating new ChildProcessService pid=17170
03-17 10:48:22.008 W/com.arxan_rn(15267): Accessing hidden method Landroid/view/textclassifier/logging/SmartSelectionEventTracker;-><init>(Landroid/content/Context;I)V (greylist, reflection, allowed)
03-17 10:48:22.008 W/com.arxan_rn(15267): Accessing hidden method Landroid/view/textclassifier/logging/SmartSelectionEventTracker;->logEvent(Landroid/view/textclassifier/logging/SmartSelectionEventTracker$SelectionEvent;)V (greylist, reflection, allowed)
03-17 10:48:22.008 W/com.arxan_rn(15267): Accessing hidden method Landroid/view/textclassifier/logging/SmartSelectionEventTracker$SelectionEvent;->selectionStarted(I)Landroid/view/textclassifier/logging/SmartSelectionEventTracker$SelectionEvent; (greylist, reflection, allowed)
03-17 10:48:22.008 W/com.arxan_rn(15267): Accessing hidden method Landroid/view/textclassifier/logging/SmartSelectionEventTracker$SelectionEvent;->selectionModified(II)Landroid/view/textclassifier/logging/SmartSelectionEventTracker$SelectionEvent; (greylist, reflection, allowed)
03-17 10:48:22.008 W/com.arxan_rn(15267): Accessing hidden method Landroid/view/textclassifier/logging/SmartSelectionEventTracker$SelectionEvent;->selectionModified(IILandroid/view/textclassifier/TextClassification;)Landroid/view/textclassifier/logging/SmartSelectionEventTracker$SelectionEvent; (greylist, reflection, allowed)
03-17 10:48:22.008 W/com.arxan_rn(15267): Accessing hidden method Landroid/view/textclassifier/logging/SmartSelectionEventTracker$SelectionEvent;->selectionModified(IILandroid/view/textclassifier/TextSelection;)Landroid/view/textclassifier/logging/SmartSelectionEventTracker$SelectionEvent; (greylist, reflection, allowed)
03-17 10:48:22.008 W/com.arxan_rn(15267): Accessing hidden method Landroid/view/textclassifier/logging/SmartSelectionEventTracker$SelectionEvent;->selectionAction(III)Landroid/view/textclassifier/logging/SmartSelectionEventTracker$SelectionEvent; (greylist, reflection, allowed)
03-17 10:48:22.008 W/com.arxan_rn(15267): Accessing hidden method Landroid/view/textclassifier/logging/SmartSelectionEventTracker$SelectionEvent;->selectionAction(IIILandroid/view/textclassifier/TextClassification;)Landroid/view/textclassifier/logging/SmartSelectionEventTracker$SelectionEvent; (greylist, reflection, allowed)
03-17 10:48:22.083 W/cr_media(15267): Requires BLUETOOTH permission
03-17 10:48:22.089 D/HostConnection(15267): HostConnection::get() New Host Connection established 0xba3c84b0, tid 17202
03-17 10:48:22.134 I/cr_LibraryLoader(17170): Time to load native libraries: 2 ms (timestamps 2232-2234)
03-17 10:48:22.138 I/chromium(17170): [INFO:library_loader_hooks.cc(50)] Chromium logging enabled: level = 0, default verbosity = 0
03-17 10:48:22.138 I/cr_LibraryLoader(17170): Expected native library version number "74.0.3729.185", actual native library version number "74.0.3729.185"
03-17 10:48:22.157 D/HostConnection(15267): HostComposition ext ANDROID_EMU_CHECKSUM_HELPER_v1 ANDROID_EMU_native_sync_v2 ANDROID_EMU_native_sync_v3 ANDROID_EMU_native_sync_v4 ANDROID_EMU_dma_v1 ANDROID_EMU_direct_mem ANDROID_EMU_host_composition_v1 ANDROID_EMU_host_composition_v2 ANDROID_EMU_YUV_Cache ANDROID_EMU_sync_buffer_data GL_OES_EGL_image_external_essl3 GL_OES_vertex_array_object GL_KHR_texture_compression_astc_ldr ANDROID_EMU_host_side_tracing ANDROID_EMU_gles_max_version_3_0 
03-17 10:48:22.176 D/EGL_emulation(15267): eglCreateContext: 0xba3949c0: maj 3 min 0 rcv 3
03-17 10:48:22.177 D/EGL_emulation(15267): eglMakeCurrent: 0xba3949c0: ver 3 0 (tinfo 0xba3be2a0)
03-17 10:48:22.264 I/OpenGLRenderer(15267): Davey! duration=739ms; Flags=0, IntendedVsync=145071623279752, Vsync=145071623279752, OldestInputEvent=9223372036854775807, NewestInputEvent=0, HandleInputStart=145071625025666, AnimationStart=145071625149666, PerformTraversalsStart=145072318201666, DrawStart=145072321947666, SyncQueued=145072354529666, SyncStart=145072354999666, IssueDrawCommandsStart=145072355088666, SwapBuffers=145072360653666, FrameCompleted=145072363720666, DequeueBufferDuration=90000, QueueBufferDuration=1372000, 
03-17 10:48:22.296 I/com.arxan_rn(15267): NativeAlloc concurrent copying GC freed 52661(3262KB) AllocSpace objects, 1(20KB) LOS objects, 49% free, 3653KB/7306KB, paused 1.827ms total 190.891ms
03-17 10:48:22.312 I/Choreographer(15267): Skipped 46 frames!  The application may be doing too much work on its main thread.
03-17 10:48:22.330 I/OpenGLRenderer(15267): Davey! duration=789ms; Flags=0, IntendedVsync=145071639953736, Vsync=145072406620372, OldestInputEvent=9223372036854775807, NewestInputEvent=0, HandleInputStart=145072411857666, AnimationStart=145072411930666, PerformTraversalsStart=145072416650666, DrawStart=145072416991666, SyncQueued=145072427250666, SyncStart=145072428037666, IssueDrawCommandsStart=145072428332666, SwapBuffers=145072428984666, FrameCompleted=145072430464666, DequeueBufferDuration=490000, QueueBufferDuration=539000, 
03-17 10:48:22.399 I/VideoCapabilities(15267): Unsupported profile 4 for video/mp4v-es
03-17 10:48:22.400 E/eglCodecCommon(15267): glUtilsParamSize: unknow param 0x000088ef
03-17 10:48:22.400 E/eglCodecCommon(15267): glUtilsParamSize: unknow param 0x000088ef
03-17 10:48:22.403 W/cr_MediaCodecUtil(15267): HW encoder for video/avc is not available on this device.
03-17 10:48:22.472 E/ResolverController( 1752): No valid NAT64 prefix (101, <unspecified>/0)
03-17 10:48:22.771 D/EGL_emulation(15267): eglCreateContext: 0xba396220: maj 3 min 0 rcv 3
03-17 10:48:22.771 D/EGL_emulation(15267): eglMakeCurrent: 0xba396220: ver 3 0 (tinfo 0xba3be2a0)
03-17 10:48:22.783 E/eglCodecCommon(15267): glUtilsParamSize: unknow param 0x000088ef
03-17 10:48:24.462 I/chatty  (15267): uid=10154(u0_a154) com.arxan_rn identical 6 lines
03-17 10:48:24.462 E/eglCodecCommon(15267): glUtilsParamSize: unknow param 0x000088ef
03-17 10:48:24.486 E/ResolverController( 1752): No valid NAT64 prefix (101, <unspecified>/0)
03-17 10:48:24.747 W/audio_hw_generic( 1759): Not supplying enough data to HAL, expected position 14654712 , only wrote 14517543
03-17 10:48:26.499 E/ResolverController( 1752): No valid NAT64 prefix (101, <unspecified>/0)
03-17 10:48:28.513 E/ResolverController( 1752): No valid NAT64 prefix (101, <unspecified>/0)
03-17 10:48:29.367 E/CCTUploader( 2159): Clearcut transport failed to make network request. Use 97292 milliseconds.
03-17 10:48:29.389 I/NetworkScheduler.Stats( 2159): Task com.google.android.gms/com.google.android.gms.clearcut.uploader.QosUploaderService finished executing. cause:5 result: 2 elapsed_millis: 97532 uptime_millis: 97532 exec_start_elapsed_seconds: 144981 [CONTEXT service_id=218 ]
03-17 10:48:29.555 I/NetworkScheduler.Stats( 2159): Task com.google.android.gms/com.google.android.gms.clearcut.uploader.QosUploaderService started execution. cause:5 exec_start_elapsed_seconds: 145079 [CONTEXT service_id=218 ]
03-17 10:48:29.624 I/NetworkScheduler.Stats( 2159): Task com.google.android.gms/com.google.android.gms.clearcut.uploader.QosUploaderService finished executing. cause:5 result: 1 elapsed_millis: 140 uptime_millis: 140 exec_start_elapsed_seconds: 145079 [CONTEXT service_id=218 ]
03-17 10:48:30.536 E/ResolverController( 1752): No valid NAT64 prefix (101, <unspecified>/0)
03-17 10:48:32.555 E/ResolverController( 1752): No valid NAT64 prefix (101, <unspecified>/0)
03-17 10:48:32.846 E/DnsResolver( 2358): resNetworkResult:android.system.ErrnoException: resNetworkResult failed: ETIMEDOUT (Connection timed out)
03-17 10:48:32.849 E/DnsResolver( 2358): resNetworkResult:android.system.ErrnoException: resNetworkResult failed: ETIMEDOUT (Connection timed out)
03-17 10:48:32.849 D/DnsUtils( 2358): DNS error resolving www.google.com: android.system.ErrnoException: resNetworkResult failed: ETIMEDOUT (Connection timed out)
03-17 10:48:32.850 D/NetworkMonitor/108( 2358): PROBE_DNS www.google.com 10022ms FAIL
03-17 10:48:32.856 E/DnsResolver( 2358): resNetworkResult:android.system.ErrnoException: resNetworkResult failed: ETIMEDOUT (Connection timed out)
03-17 10:48:32.856 E/DnsResolver( 2358): resNetworkResult:android.system.ErrnoException: resNetworkResult failed: ETIMEDOUT (Connection timed out)
03-17 10:48:32.856 D/DnsUtils( 2358): DNS error resolving connectivitycheck.gstatic.com: android.system.ErrnoException: resNetworkResult failed: ETIMEDOUT (Connection timed out)
03-17 10:48:32.856 D/NetworkMonitor/108( 2358): PROBE_DNS connectivitycheck.gstatic.com 10029ms FAIL
03-17 10:48:34.564 E/ResolverController( 1752): No valid NAT64 prefix (101, <unspecified>/0)
03-17 10:48:34.764 W/audio_hw_generic( 1759): Not supplying enough data to HAL, expected position 14517578 , only wrote 14517543
03-17 10:48:34.793 D/AF::Track( 1800): interceptBuffer: took 498us to intercept 0 tracks
03-17 10:48:35.077 D/EGL_emulation(15267): eglMakeCurrent: 0xba396220: ver 3 0 (tinfo 0xba3be2a0)
03-17 10:48:35.083 I/Zygote  ( 2394): Process 17170 exited due to signal 9 (Killed)
03-17 10:48:35.083 D/EGL_emulation(15267): eglMakeCurrent: 0xba396220: ver 3 0 (tinfo 0xba3be2a0)
03-17 10:48:36.574 E/ResolverController( 1752): No valid NAT64 prefix (101, <unspecified>/0)
03-17 10:48:37.897 W/audio_hw_generic( 1759): Not supplying enough data to HAL, expected position 14793245 , only wrote 14655692
03-17 10:48:38.587 E/ResolverController( 1752): No valid NAT64 prefix (101, <unspecified>/0)
03-17 10:48:40.602 E/ResolverController( 1752): No valid NAT64 prefix (101, <unspecified>/0)
03-17 10:48:42.613 E/ResolverController( 1752): No valid NAT64 prefix (101, <unspecified>/0)
03-17 10:48:44.632 E/ResolverController( 1752): No valid NAT64 prefix (101, <unspecified>/0)
03-17 10:48:46.647 E/ResolverController( 1752): No valid NAT64 prefix (101, <unspecified>/0)
03-17 10:48:48.664 E/ResolverController( 1752): No valid NAT64 prefix (101, <unspecified>/0)
03-17 10:48:49.394 D/NetworkMonitor/101( 2358): PROBE_FALLBACK http://play.googleapis.com/generate_204 Probe failed with exception java.net.UnknownHostException: Unable to resolve host "play.googleapis.com": No address associated with hostname
03-17 10:48:50.679 E/ResolverController( 1752): No valid NAT64 prefix (101, <unspecified>/0)
03-17 10:48:52.686 E/ResolverController( 1752): No valid NAT64 prefix (101, <unspecified>/0)
03-17 10:48:54.693 E/ResolverController( 1752): No valid NAT64 prefix (101, <unspecified>/0)
03-17 10:48:56.702 E/ResolverController( 1752): No valid NAT64 prefix (101, <unspecified>/0)
03-17 10:48:58.714 E/ResolverController( 1752): No valid NAT64 prefix (101, <unspecified>/0)
03-17 10:48:59.170 E/netmgr  ( 1918): Failed to open QEMU pipe 'qemud:network': Invalid argument
03-17 10:49:00.023 D/KeyguardClockSwitch( 2170): Updating clock: 1049
03-17 10:49:00.721 E/ResolverController( 1752): No valid NAT64 prefix (101, <unspecified>/0)
03-17 10:49:02.119 E/wifi_forwarder( 1920): RemoteConnection failed to initialize: RemoteConnection failed to open pipe
03-17 10:49:02.733 E/ResolverController( 1752): No valid NAT64 prefix (101, <unspecified>/0)
03-17 10:49:04.743 E/ResolverController( 1752): No valid NAT64 prefix (101, <unspecified>/0)
03-17 10:49:06.418 D/NetworkMonitor/101( 2358): PROBE_HTTP http://connectivitycheck.gstatic.com/generate_204 Probe failed with exception java.net.UnknownHostException: Unable to resolve host "connectivitycheck.gstatic.com": No address associated with hostname
03-17 10:49:06.424 D/NetworkMonitor/101( 2358): PROBE_HTTPS https://www.google.com/generate_204 Probe failed with exception java.net.UnknownHostException: Unable to resolve host "www.google.com": No address associated with hostname
03-17 10:49:06.433 D/NetworkMonitor/101( 2358): isCaptivePortal: isSuccessful()=false isPortal()=false RedirectUrl=null isPartialConnectivity()=false Time=100174ms
03-17 10:49:06.752 E/ResolverController( 1752): No valid NAT64 prefix (101, <unspecified>/0)
03-17 10:49:08.769 E/ResolverController( 1752): No valid NAT64 prefix (101, <unspecified>/0)
03-17 10:49:10.788 E/ResolverController( 1752): No valid NAT64 prefix (101, <unspecified>/0)
03-17 10:49:12.804 E/ResolverController( 1752): No valid NAT64 prefix (101, <unspecified>/0)
03-17 10:49:12.910 D/NetworkMonitor/108( 2358): PROBE_FALLBACK http://www.google.com/gen_204 Probe failed with exception java.net.UnknownHostException: Unable to resolve host "www.google.com": No address associated with hostname
03-17 10:49:12.915 D/NetworkMonitor/108( 2358): PROBE_HTTP http://connectivitycheck.gstatic.com/generate_204 Probe failed with exception java.net.UnknownHostException: Unable to resolve host "connectivitycheck.gstatic.com": No address associated with hostname
03-17 10:49:14.814 E/ResolverController( 1752): No valid NAT64 prefix (101, <unspecified>/0)
03-17 10:49:16.826 E/ResolverController( 1752): No valid NAT64 prefix (101, <unspecified>/0)
03-17 10:49:18.844 E/ResolverController( 1752): No valid NAT64 prefix (101, <unspecified>/0)
03-17 10:49:19.453 I/chatty  ( 2008): uid=1000(system) Binder:2008_1C expire 31 lines
03-17 10:49:20.855 E/ResolverController( 1752): No valid NAT64 prefix (101, <unspecified>/0)
03-17 10:49:22.863 E/ResolverController( 1752): No valid NAT64 prefix (101, <unspecified>/0)
03-17 10:49:22.928 D/NetworkMonitor/108( 2358): PROBE_HTTPS https://www.google.com/generate_204 Probe failed with exception java.net.UnknownHostException: Unable to resolve host "www.google.com": No address associated with hostname
03-17 10:49:22.946 D/NetworkMonitor/108( 2358): isCaptivePortal: isSuccessful()=false isPortal()=false RedirectUrl=null isPartialConnectivity()=false Time=60108ms
03-17 10:49:24.879 E/ResolverController( 1752): No valid NAT64 prefix (101, <unspecified>/0)
03-17 10:49:26.894 E/ResolverController( 1752): No valid NAT64 prefix (101, <unspecified>/0)
03-17 10:49:28.909 E/ResolverController( 1752): No valid NAT64 prefix (101, <unspecified>/0)
03-17 10:49:30.932 E/ResolverController( 1752): No valid NAT64 prefix (101, <unspecified>/0)
03-17 10:49:32.949 E/ResolverController( 1752): No valid NAT64 prefix (101, <unspecified>/0)
03-17 10:49:34.960 E/ResolverController( 1752): No valid NAT64 prefix (101, <unspecified>/0)
03-17 10:49:36.975 E/ResolverController( 1752): No valid NAT64 prefix (101, <unspecified>/0)
03-17 10:49:38.990 E/ResolverController( 1752): No valid NAT64 prefix (101, <unspecified>/0)
03-17 10:49:41.004 E/ResolverController( 1752): No valid NAT64 prefix (101, <unspecified>/0)
03-17 10:49:43.013 E/ResolverController( 1752): No valid NAT64 prefix (101, <unspecified>/0)
03-17 10:49:45.026 E/ResolverController( 1752): No valid NAT64 prefix (101, <unspecified>/0)
03-17 10:49:47.039 E/ResolverController( 1752): No valid NAT64 prefix (101, <unspecified>/0)
03-17 10:49:49.061 E/ResolverController( 1752): No valid NAT64 prefix (101, <unspecified>/0)
03-17 10:49:51.074 E/ResolverController( 1752): No valid NAT64 prefix (101, <unspecified>/0)
03-17 10:49:53.082 E/ResolverController( 1752): No valid NAT64 prefix (101, <unspecified>/0)
03-17 10:49:55.094 E/ResolverController( 1752): No valid NAT64 prefix (101, <unspecified>/0)
03-17 10:49:57.111 E/ResolverController( 1752): No valid NAT64 prefix (101, <unspecified>/0)
03-17 10:49:59.127 E/ResolverController( 1752): No valid NAT64 prefix (101, <unspecified>/0)
03-17 10:49:59.223 E/netmgr  ( 1918): Failed to open QEMU pipe 'qemud:network': Invalid argument
03-17 10:50:00.006 D/KeyguardClockSwitch( 2170): Updating clock: 1050
03-17 10:50:01.143 E/ResolverController( 1752): No valid NAT64 prefix (101, <unspecified>/0)
03-17 10:50:02.148 E/wifi_forwarder( 1920): RemoteConnection failed to initialize: RemoteConnection failed to open pipe
03-17 10:50:03.157 E/ResolverController( 1752): No valid NAT64 prefix (101, <unspecified>/0)
03-17 10:50:03.289 I/chatty  ( 2008): uid=1000(system) Binder:2008_8 expire 7 lines
03-17 10:50:05.180 E/ResolverController( 1752): No valid NAT64 prefix (101, <unspecified>/0)
03-17 10:50:07.197 E/ResolverController( 1752): No valid NAT64 prefix (101, <unspecified>/0)
03-17 10:50:09.213 E/ResolverController( 1752): No valid NAT64 prefix (101, <unspecified>/0)
03-17 10:50:11.236 E/ResolverController( 1752): No valid NAT64 prefix (101, <unspecified>/0)
03-17 10:50:13.265 E/ResolverController( 1752): No valid NAT64 prefix (101, <unspecified>/0)
03-17 10:50:15.275 E/ResolverController( 1752): No valid NAT64 prefix (101, <unspecified>/0)
03-17 10:50:17.292 E/ResolverController( 1752): No valid NAT64 prefix (101, <unspecified>/0)
03-17 10:50:19.314 E/ResolverController( 1752): No valid NAT64 prefix (101, <unspecified>/0)
03-17 10:50:21.342 E/ResolverController( 1752): No valid NAT64 prefix (101, <unspecified>/0)
03-17 10:50:23.352 E/ResolverController( 1752): No valid NAT64 prefix (101, <unspecified>/0)
03-17 10:50:25.363 E/ResolverController( 1752): No valid NAT64 prefix (101, <unspecified>/0)
03-17 10:50:27.372 E/ResolverController( 1752): No valid NAT64 prefix (101, <unspecified>/0)
03-17 10:50:29.384 E/ResolverController( 1752): No valid NAT64 prefix (101, <unspecified>/0)
03-17 10:50:31.398 E/ResolverController( 1752): No valid NAT64 prefix (101, <unspecified>/0)
03-17 10:50:33.453 E/ResolverController( 1752): No valid NAT64 prefix (101, <unspecified>/0)
03-17 10:50:35.465 E/ResolverController( 1752): No valid NAT64 prefix (101, <unspecified>/0)
03-17 10:50:37.472 E/ResolverController( 1752): No valid NAT64 prefix (101, <unspecified>/0)
03-17 10:50:39.486 E/ResolverController( 1752): No valid NAT64 prefix (101, <unspecified>/0)
03-17 10:50:41.502 E/ResolverController( 1752): No valid NAT64 prefix (101, <unspecified>/0)
03-17 10:50:43.517 E/ResolverController( 1752): No valid NAT64 prefix (101, <unspecified>/0)
03-17 10:50:45.535 E/ResolverController( 1752): No valid NAT64 prefix (101, <unspecified>/0)
03-17 10:50:47.548 E/ResolverController( 1752): No valid NAT64 prefix (101, <unspecified>/0)
03-17 10:50:49.562 E/ResolverController( 1752): No valid NAT64 prefix (101, <unspecified>/0)
03-17 10:50:51.579 E/ResolverController( 1752): No valid NAT64 prefix (101, <unspecified>/0)
03-17 10:50:53.598 E/ResolverController( 1752): No valid NAT64 prefix (101, <unspecified>/0)
